../Src/task_imu.c:57:6:task_imu_init	8	static
../Src/task_imu.c:84:6:func_task_imu_a	32	static
../Src/task_imu.c:108:6:func_task_imu_b	32	static
../Src/task_imu.c:132:13:enumerate_all	32	static
../Src/task_imu.c:174:6:switch_to_magnetic_1	16	static
../Src/task_imu.c:185:6:switch_to_magnetic_2	16	static
../Src/task_imu.c:196:6:switch_to_inertial_1	16	static
../Src/task_imu.c:207:6:switch_to_inertial_2	16	static
../Src/task_imu.c:218:6:read_all_1	24	static
../Src/task_imu.c:242:6:read_all_2	24	static
../Src/task_imu.c:266:6:imu_set_magnetic_mode	8	static
../Src/task_imu.c:272:6:imu_set_inertial_mode	8	static
../Src/task_imu.c:278:6:get_imu_data	16	static
