../Src/task_uart_output.c:34:6:task_uart_output_init	8	static
../Src/task_uart_output.c:57:6:HAL_UART_RxCpltCallback	16	static
../Src/task_uart_output.c:67:6:HAL_ADC_ConvCpltCallback	24	static
../Src/task_uart_output.c:78:6:func_task_uart_rx	24	static
../Src/task_uart_output.c:91:6:func_task_uart_tx	48	static
../Src/task_uart_output.c:131:8:read_cmd	40	static
../Src/task_uart_output.c:171:6:parse_cmd	72	dynamic
../Src/task_uart_output.c:199:13:process_cmd	16	static
../Src/task_uart_output.c:225:6:stream_data_func	32	static
../Src/task_uart_output.c:283:13:ubyte_to_hex	56	static
../Src/task_uart_output.c:297:13:short_to_hex	56	static
../Src/task_uart_output.c:311:13:ushort_to_hex	56	static
../Src/task_uart_output.c:325:13:ulong_to_hex	56	static
../Src/task_uart_output.c:339:13:update_crc8	32	static
