../Src/task_imu.c:57:6:task_imu_init	8	static
../Src/task_imu.c:80:6:func_task_imu_a	32	static
../Src/task_imu.c:109:6:func_task_imu_b	32	static
../Src/task_imu.c:133:13:enumerate_all	32	static
../Src/task_imu.c:183:6:switch_to_magnetic_1	16	static
../Src/task_imu.c:194:6:switch_to_magnetic_2	16	static
../Src/task_imu.c:205:6:switch_to_inertial_1	16	static
../Src/task_imu.c:216:6:switch_to_inertial_2	16	static
../Src/task_imu.c:227:6:read_all_1	24	static
../Src/task_imu.c:251:6:read_all_2	24	static
../Src/task_imu.c:275:6:imu_set_magnetic_mode	8	static
../Src/task_imu.c:281:6:imu_set_inertial_mode	8	static
../Src/task_imu.c:287:6:get_imu_data	16	static
