Archive member included to satisfy reference by file (symbol)

D:/software/st/STM32CubeIDE_1.15.0/STM32CubeIDE/plugins/com.st.stm32cube.ide.mcu.externaltools.gnu-tools-for-stm32.12.3.rel1.win32_1.0.200.202406191623/tools/bin/../lib/gcc/arm-none-eabi/12.3.1/../../../../arm-none-eabi/lib/thumb/v7e-m+fp/hard\libc_nano.a(libc_a-exit.o)
                              D:/software/st/STM32CubeIDE_1.15.0/STM32CubeIDE/plugins/com.st.stm32cube.ide.mcu.externaltools.gnu-tools-for-stm32.12.3.rel1.win32_1.0.200.202406191623/tools/bin/../lib/gcc/arm-none-eabi/12.3.1/../../../../arm-none-eabi/lib/thumb/v7e-m+fp/hard/crt0.o (exit)
D:/software/st/STM32CubeIDE_1.15.0/STM32CubeIDE/plugins/com.st.stm32cube.ide.mcu.externaltools.gnu-tools-for-stm32.12.3.rel1.win32_1.0.200.202406191623/tools/bin/../lib/gcc/arm-none-eabi/12.3.1/../../../../arm-none-eabi/lib/thumb/v7e-m+fp/hard\libc_nano.a(libc_a-findfp.o)
                              ./Middlewares/Third_Party/FreeRTOS/Source/tasks.o (__sf)
D:/software/st/STM32CubeIDE_1.15.0/STM32CubeIDE/plugins/com.st.stm32cube.ide.mcu.externaltools.gnu-tools-for-stm32.12.3.rel1.win32_1.0.200.202406191623/tools/bin/../lib/gcc/arm-none-eabi/12.3.1/../../../../arm-none-eabi/lib/thumb/v7e-m+fp/hard\libc_nano.a(libc_a-fwalk.o)
                              D:/software/st/STM32CubeIDE_1.15.0/STM32CubeIDE/plugins/com.st.stm32cube.ide.mcu.externaltools.gnu-tools-for-stm32.12.3.rel1.win32_1.0.200.202406191623/tools/bin/../lib/gcc/arm-none-eabi/12.3.1/../../../../arm-none-eabi/lib/thumb/v7e-m+fp/hard\libc_nano.a(libc_a-findfp.o) (_fwalk_sglue)
D:/software/st/STM32CubeIDE_1.15.0/STM32CubeIDE/plugins/com.st.stm32cube.ide.mcu.externaltools.gnu-tools-for-stm32.12.3.rel1.win32_1.0.200.202406191623/tools/bin/../lib/gcc/arm-none-eabi/12.3.1/../../../../arm-none-eabi/lib/thumb/v7e-m+fp/hard\libc_nano.a(libc_a-stdio.o)
                              D:/software/st/STM32CubeIDE_1.15.0/STM32CubeIDE/plugins/com.st.stm32cube.ide.mcu.externaltools.gnu-tools-for-stm32.12.3.rel1.win32_1.0.200.202406191623/tools/bin/../lib/gcc/arm-none-eabi/12.3.1/../../../../arm-none-eabi/lib/thumb/v7e-m+fp/hard\libc_nano.a(libc_a-findfp.o) (__sread)
D:/software/st/STM32CubeIDE_1.15.0/STM32CubeIDE/plugins/com.st.stm32cube.ide.mcu.externaltools.gnu-tools-for-stm32.12.3.rel1.win32_1.0.200.202406191623/tools/bin/../lib/gcc/arm-none-eabi/12.3.1/../../../../arm-none-eabi/lib/thumb/v7e-m+fp/hard\libc_nano.a(libc_a-memset.o)
                              D:/software/st/STM32CubeIDE_1.15.0/STM32CubeIDE/plugins/com.st.stm32cube.ide.mcu.externaltools.gnu-tools-for-stm32.12.3.rel1.win32_1.0.200.202406191623/tools/bin/../lib/gcc/arm-none-eabi/12.3.1/../../../../arm-none-eabi/lib/thumb/v7e-m+fp/hard/crt0.o (memset)
D:/software/st/STM32CubeIDE_1.15.0/STM32CubeIDE/plugins/com.st.stm32cube.ide.mcu.externaltools.gnu-tools-for-stm32.12.3.rel1.win32_1.0.200.202406191623/tools/bin/../lib/gcc/arm-none-eabi/12.3.1/../../../../arm-none-eabi/lib/thumb/v7e-m+fp/hard\libc_nano.a(libc_a-strtok_r.o)
                              ./Src/task_uart_output.o (strtok_r)
D:/software/st/STM32CubeIDE_1.15.0/STM32CubeIDE/plugins/com.st.stm32cube.ide.mcu.externaltools.gnu-tools-for-stm32.12.3.rel1.win32_1.0.200.202406191623/tools/bin/../lib/gcc/arm-none-eabi/12.3.1/../../../../arm-none-eabi/lib/thumb/v7e-m+fp/hard\libc_nano.a(libc_a-closer.o)
                              D:/software/st/STM32CubeIDE_1.15.0/STM32CubeIDE/plugins/com.st.stm32cube.ide.mcu.externaltools.gnu-tools-for-stm32.12.3.rel1.win32_1.0.200.202406191623/tools/bin/../lib/gcc/arm-none-eabi/12.3.1/../../../../arm-none-eabi/lib/thumb/v7e-m+fp/hard\libc_nano.a(libc_a-stdio.o) (_close_r)
D:/software/st/STM32CubeIDE_1.15.0/STM32CubeIDE/plugins/com.st.stm32cube.ide.mcu.externaltools.gnu-tools-for-stm32.12.3.rel1.win32_1.0.200.202406191623/tools/bin/../lib/gcc/arm-none-eabi/12.3.1/../../../../arm-none-eabi/lib/thumb/v7e-m+fp/hard\libc_nano.a(libc_a-reent.o)
                              ./Middlewares/Third_Party/FreeRTOS/Source/tasks.o (_reclaim_reent)
D:/software/st/STM32CubeIDE_1.15.0/STM32CubeIDE/plugins/com.st.stm32cube.ide.mcu.externaltools.gnu-tools-for-stm32.12.3.rel1.win32_1.0.200.202406191623/tools/bin/../lib/gcc/arm-none-eabi/12.3.1/../../../../arm-none-eabi/lib/thumb/v7e-m+fp/hard\libc_nano.a(libc_a-impure.o)
                              ./Middlewares/Third_Party/FreeRTOS/Source/tasks.o (_impure_ptr)
D:/software/st/STM32CubeIDE_1.15.0/STM32CubeIDE/plugins/com.st.stm32cube.ide.mcu.externaltools.gnu-tools-for-stm32.12.3.rel1.win32_1.0.200.202406191623/tools/bin/../lib/gcc/arm-none-eabi/12.3.1/../../../../arm-none-eabi/lib/thumb/v7e-m+fp/hard\libc_nano.a(libc_a-lseekr.o)
                              D:/software/st/STM32CubeIDE_1.15.0/STM32CubeIDE/plugins/com.st.stm32cube.ide.mcu.externaltools.gnu-tools-for-stm32.12.3.rel1.win32_1.0.200.202406191623/tools/bin/../lib/gcc/arm-none-eabi/12.3.1/../../../../arm-none-eabi/lib/thumb/v7e-m+fp/hard\libc_nano.a(libc_a-stdio.o) (_lseek_r)
[...]
Memory Configuration

Name             Origin             Length             Attributes
CCMRAM           0x10000000         0x00010000         xrw
RAM              0x20000000         0x00020000         xrw
FLASH            0x08000000         0x00100000         xr
*default*        0x00000000         0xffffffff

Linker script and memory map

LOAD D:/software/st/STM32CubeIDE_1.15.0/STM32CubeIDE/plugins/com.st.stm32cube.ide.mcu.externaltools.gnu-tools-for-stm32.12.3.rel1.win32_1.0.200.202406191623/tools/bin/../lib/gcc/arm-none-eabi/12.3.1/thumb/v7e-m+fp/hard/crti.o
LOAD D:/software/st/STM32CubeIDE_1.15.0/STM32CubeIDE/plugins/com.st.stm32cube.ide.mcu.externaltools.gnu-tools-for-stm32.12.3.rel1.win32_1.0.200.202406191623/tools/bin/../lib/gcc/arm-none-eabi/12.3.1/thumb/v7e-m+fp/hard/crtbegin.o
LOAD D:/software/st/STM32CubeIDE_1.15.0/STM32CubeIDE/plugins/com.st.stm32cube.ide.mcu.externaltools.gnu-tools-for-stm32.12.3.rel1.win32_1.0.200.202406191623/tools/bin/../lib/gcc/arm-none-eabi/12.3.1/../../../../arm-none-eabi/lib/thumb/v7e-m+fp/hard/crt0.o
LOAD ./Core/Src/freertos.o
LOAD ./Core/Src/main.o
LOAD ./Core/Src/stm32f4xx_hal_msp.o
LOAD ./Core/Src/stm32f4xx_hal_timebase_tim.o
LOAD ./Core/Src/stm32f4xx_it.o
LOAD ./Core/Src/syscalls.o
LOAD ./Core/Src/sysmem.o
LOAD ./Core/Src/system_stm32f4xx.o
LOAD ./Core/Startup/startup_stm32f405rgtx.o
LOAD ./Drivers/STM32F4xx_HAL_Driver/Src/stm32f4xx_hal.o
LOAD ./Drivers/STM32F4xx_HAL_Driver/Src/stm32f4xx_hal_adc.o
LOAD ./Drivers/STM32F4xx_HAL_Driver/Src/stm32f4xx_hal_adc_ex.o
LOAD ./Drivers/STM32F4xx_HAL_Driver/Src/stm32f4xx_hal_cortex.o
LOAD ./Drivers/STM32F4xx_HAL_Driver/Src/stm32f4xx_hal_dma.o
LOAD ./Drivers/STM32F4xx_HAL_Driver/Src/stm32f4xx_hal_dma_ex.o
LOAD ./Drivers/STM32F4xx_HAL_Driver/Src/stm32f4xx_hal_exti.o
LOAD ./Drivers/STM32F4xx_HAL_Driver/Src/stm32f4xx_hal_flash.o
LOAD ./Drivers/STM32F4xx_HAL_Driver/Src/stm32f4xx_hal_flash_ex.o
LOAD ./Drivers/STM32F4xx_HAL_Driver/Src/stm32f4xx_hal_flash_ramfunc.o
LOAD ./Drivers/STM32F4xx_HAL_Driver/Src/stm32f4xx_hal_gpio.o
LOAD ./Drivers/STM32F4xx_HAL_Driver/Src/stm32f4xx_hal_i2c.o
LOAD ./Drivers/STM32F4xx_HAL_Driver/Src/stm32f4xx_hal_i2c_ex.o
LOAD ./Drivers/STM32F4xx_HAL_Driver/Src/stm32f4xx_hal_pcd.o
LOAD ./Drivers/STM32F4xx_HAL_Driver/Src/stm32f4xx_hal_pcd_ex.o
LOAD ./Drivers/STM32F4xx_HAL_Driver/Src/stm32f4xx_hal_pwr.o
LOAD ./Drivers/STM32F4xx_HAL_Driver/Src/stm32f4xx_hal_pwr_ex.o
LOAD ./Drivers/STM32F4xx_HAL_Driver/Src/stm32f4xx_hal_rcc.o
LOAD ./Drivers/STM32F4xx_HAL_Driver/Src/stm32f4xx_hal_rcc_ex.o
LOAD ./Drivers/STM32F4xx_HAL_Driver/Src/stm32f4xx_hal_tim.o
LOAD ./Drivers/STM32F4xx_HAL_Driver/Src/stm32f4xx_hal_tim_ex.o
LOAD ./Drivers/STM32F4xx_HAL_Driver/Src/stm32f4xx_hal_uart.o
LOAD ./Drivers/STM32F4xx_HAL_Driver/Src/stm32f4xx_ll_adc.o
LOAD ./Drivers/STM32F4xx_HAL_Driver/Src/stm32f4xx_ll_usb.o
LOAD ./Middlewares/ST/STM32_USB_Device_Library/Class/CustomHID/Src/usbd_customhid.o
LOAD ./Middlewares/ST/STM32_USB_Device_Library/Core/Src/usbd_core.o
LOAD ./Middlewares/ST/STM32_USB_Device_Library/Core/Src/usbd_ctlreq.o
LOAD ./Middlewares/ST/STM32_USB_Device_Library/Core/Src/usbd_ioreq.o
LOAD ./Middlewares/Third_Party/FreeRTOS/Source/CMSIS_RTOS/cmsis_os.o
LOAD ./Middlewares/Third_Party/FreeRTOS/Source/croutine.o
LOAD ./Middlewares/Third_Party/FreeRTOS/Source/event_groups.o
LOAD ./Middlewares/Third_Party/FreeRTOS/Source/list.o
LOAD ./Middlewares/Third_Party/FreeRTOS/Source/queue.o
LOAD ./Middlewares/Third_Party/FreeRTOS/Source/stream_buffer.o
LOAD ./Middlewares/Third_Party/FreeRTOS/Source/tasks.o
LOAD ./Middlewares/Third_Party/FreeRTOS/Source/timers.o
LOAD ./Middlewares/Third_Party/FreeRTOS/Source/portable/GCC/ARM_CM4F/port.o
LOAD ./Middlewares/Third_Party/FreeRTOS/Source/portable/MemMang/heap_4.o
LOAD ./Src/bmi085_io.o
LOAD ./Src/bno055.o
LOAD ./Src/bno055_io.o
LOAD ./Src/magdwick_imu.o
LOAD ./Src/task_bmi085.o
LOAD ./Src/task_imu.o
LOAD ./Src/task_led.o
LOAD ./Src/task_uart_output.o
LOAD ./USB_DEVICE/App/usb_device.o
LOAD ./USB_DEVICE/App/usbd_custom_hid_if.o
LOAD ./USB_DEVICE/App/usbd_desc.o
LOAD ./USB_DEVICE/Target/usbd_conf.o
LOAD ./bmi085/bmi088_anymotiona.o
LOAD ./bmi085/bmi088_mma.o
LOAD ./bmi085/bmi08a.o
LOAD ./bmi085/bmi08g.o
LOAD ./bmi085/bmi08xa.o
START GROUP
LOAD D:/software/st/STM32CubeIDE_1.15.0/STM32CubeIDE/plugins/com.st.stm32cube.ide.mcu.externaltools.gnu-tools-for-stm32.12.3.rel1.win32_1.0.200.202406191623/tools/bin/../lib/gcc/arm-none-eabi/12.3.1/../../../../arm-none-eabi/lib/thumb/v7e-m+fp/hard\libc_nano.a
LOAD D:/software/st/STM32CubeIDE_1.15.0/STM32CubeIDE/plugins/com.st.stm32cube.ide.mcu.externaltools.gnu-tools-for-stm32.12.3.rel1.win32_1.0.200.202406191623/tools/bin/../lib/gcc/arm-none-eabi/12.3.1/../../../../arm-none-eabi/lib/thumb/v7e-m+fp/hard\libm.a
END GROUP
START GROUP
LOAD D:/software/st/STM32CubeIDE_1.15.0/STM32CubeIDE/plugins/com.st.stm32cube.ide.mcu.externaltools.gnu-tools-for-stm32.12.3.rel1.win32_1.0.200.202406191623/tools/bin/../lib/gcc/arm-none-eabi/12.3.1/thumb/v7e-m+fp/hard\libgcc.a
LOAD D:/software/st/STM32CubeIDE_1.15.0/STM32CubeIDE/plugins/com.st.stm32cube.ide.mcu.externaltools.gnu-tools-for-stm32.12.3.rel1.win32_1.0.200.202406191623/tools/bin/../lib/gcc/arm-none-eabi/12.3.1/../../../../arm-none-eabi/lib/thumb/v7e-m+fp/hard\libc_nano.a
END GROUP
START GROUP
LOAD D:/software/st/STM32CubeIDE_1.15.0/STM32CubeIDE/plugins/com.st.stm32cube.ide.mcu.externaltools.gnu-tools-for-stm32.12.3.rel1.win32_1.0.200.202406191623/tools/bin/../lib/gcc/arm-none-eabi/12.3.1/thumb/v7e-m+fp/hard\libgcc.a
LOAD D:/software/st/STM32CubeIDE_1.15.0/STM32CubeIDE/plugins/com.st.stm32cube.ide.mcu.externaltools.gnu-tools-for-stm32.12.3.rel1.win32_1.0.200.202406191623/tools/bin/../lib/gcc/arm-none-eabi/12.3.1/../../../../arm-none-eabi/lib/thumb/v7e-m+fp/hard\libc_nano.a
LOAD D:/software/st/STM32CubeIDE_1.15.0/STM32CubeIDE/plugins/com.st.stm32cube.ide.mcu.externaltools.gnu-tools-for-stm32.12.3.rel1.win32_1.0.200.202406191623/tools/bin/../lib/gcc/arm-none-eabi/12.3.1/../../../../arm-none-eabi/lib/thumb/v7e-m+fp/hard\libnosys.a
END GROUP
START GROUP
LOAD D:/software/st/STM32CubeIDE_1.15.0/STM32CubeIDE/plugins/com.st.stm32cube.ide.mcu.externaltools.gnu-tools-for-stm32.12.3.rel1.win32_1.0.200.202406191623/tools/bin/../lib/gcc/arm-none-eabi/12.3.1/thumb/v7e-m+fp/hard\libgcc.a
LOAD D:/software/st/STM32CubeIDE_1.15.0/STM32CubeIDE/plugins/com.st.stm32cube.ide.mcu.externaltools.gnu-tools-for-stm32.12.3.rel1.win32_1.0.200.202406191623/tools/bin/../lib/gcc/arm-none-eabi/12.3.1/../../../../arm-none-eabi/lib/thumb/v7e-m+fp/hard\libc_nano.a
LOAD D:/software/st/STM32CubeIDE_1.15.0/STM32CubeIDE/plugins/com.st.stm32cube.ide.mcu.externaltools.gnu-tools-for-stm32.12.3.rel1.win32_1.0.200.202406191623/tools/bin/../lib/gcc/arm-none-eabi/12.3.1/../../../../arm-none-eabi/lib/thumb/v7e-m+fp/hard\libnosys.a
END GROUP
LOAD D:/software/st/STM32CubeIDE_1.15.0/STM32CubeIDE/plugins/com.st.stm32cube.ide.mcu.externaltools.gnu-tools-for-stm32.12.3.rel1.win32_1.0.200.202406191623/tools/bin/../lib/gcc/arm-none-eabi/12.3.1/thumb/v7e-m+fp/hard/crtend.o
LOAD D:/software/st/STM32CubeIDE_1.15.0/STM32CubeIDE/plugins/com.st.stm32cube.ide.mcu.externaltools.gnu-tools-for-stm32.12.3.rel1.win32_1.0.200.202406191623/tools/bin/../lib/gcc/arm-none-eabi/12.3.1/thumb/v7e-m+fp/hard/crtn.o
                0x20020000                        _estack = (ORIGIN (RAM) + LENGTH (RAM))
                0x00000200                        _Min_Heap_Size = 0x200
                0x00000400                        _Min_Stack_Size = 0x400

.isr_vector     0x08000000      0x188
                0x08000000                        . = ALIGN (0x4)
 *(.isr_vector)
 .isr_vector    0x08000000      0x188 ./Core/Startup/startup_stm32f405rgtx.o
                0x08000000                g_pfnVectors
                0x08000188                        . = ALIGN (0x4)

.text           0x08000190     0x8588
                0x08000190                        . = ALIGN (0x4)
 *(.text)
 .text          0x08000190       0x40 D:/software/st/STM32CubeIDE_1.15.0/STM32CubeIDE/plugins/com.st.stm32cube.ide.mcu.externaltools.gnu-tools-for-stm32.12.3.rel1.win32_1.0.200.202406191623/tools/bin/../lib/gcc/arm-none-eabi/12.3.1/thumb/v7e-m+fp/hard/crtbegin.o
 .text          0x080001d0       0x14 D:/software/st/STM32CubeIDE_1.15.0/STM32CubeIDE/plugins/com.st.stm32cube.ide.mcu.externaltools.gnu-tools-for-stm32.12.3.rel1.win32_1.0.200.202406191623/tools/bin/../lib/gcc/arm-none-eabi/12.3.1/../../../../arm-none-eabi/lib/thumb/v7e-m+fp/hard\libc_nano.a(libc_a-strcmp.o)
                0x080001d0                strcmp
 .text          0x080001e4       0x30 D:/software/st/STM32CubeIDE_1.15.0/STM32CubeIDE/plugins/com.st.stm32cube.ide.mcu.externaltools.gnu-tools-for-stm32.12.3.rel1.win32_1.0.200.202406191623/tools/bin/../lib/gcc/arm-none-eabi/12.3.1/thumb/v7e-m+fp/hard\libgcc.a(_aeabi_uldivmod.o)
                0x080001e4                __aeabi_uldivmod
 .text          0x08000214      0x2bc D:/software/st/STM32CubeIDE_1.15.0/STM32CubeIDE/plugins/com.st.stm32cube.ide.mcu.externaltools.gnu-tools-for-stm32.12.3.rel1.win32_1.0.200.202406191623/tools/bin/../lib/gcc/arm-none-eabi/12.3.1/thumb/v7e-m+fp/hard\libgcc.a(_udivmoddi4.o)
                0x08000214                __udivmoddi4
 .text          0x080004d0        0x4 D:/software/st/STM32CubeIDE_1.15.0/STM32CubeIDE/plugins/com.st.stm32cube.ide.mcu.externaltools.gnu-tools-for-stm32.12.3.rel1.win32_1.0.200.202406191623/tools/bin/../lib/gcc/arm-none-eabi/12.3.1/thumb/v7e-m+fp/hard\libgcc.a(_dvmd_tls.o)
                0x080004d0                __aeabi_idiv0
                0x080004d0                __aeabi_ldiv0
 *(.text*)
 .text.vApplicationGetIdleTaskMemory
                0x080004d4       0x18 ./Core/Src/freertos.o
                0x080004d4                vApplicationGetIdleTaskMemory
 .text.SystemClock_Config
                0x080004ec       0xa0 ./Core/Src/main.o
                0x080004ec                SystemClock_Config
 .text.startup.main
                0x0800058c      0x1f0 ./Core/Src/main.o
                0x0800058c                main
 .text.HAL_TIM_PeriodElapsedCallback
                0x0800077c       0x14 ./Core/Src/main.o
                0x0800077c                HAL_TIM_PeriodElapsedCallback
 .text.Error_Handler
                0x08000790        0x4 ./Core/Src/main.o
                0x08000790                Error_Handler
 .text.HAL_MspInit
                0x08000794       0x40 ./Core/Src/stm32f4xx_hal_msp.o
                0x08000794                HAL_MspInit
 .text.HAL_ADC_MspInit
                0x080007d4       0x74 ./Core/Src/stm32f4xx_hal_msp.o
                0x080007d4                HAL_ADC_MspInit
 .text.HAL_I2C_MspInit
                0x08000848       0xe0 ./Core/Src/stm32f4xx_hal_msp.o
                0x08000848                HAL_I2C_MspInit
 .text.HAL_UART_MspInit
                0x08000928       0xd0 ./Core/Src/stm32f4xx_hal_msp.o
                0x08000928                HAL_UART_MspInit
 .text.HAL_InitTick
                0x080009f8       0x90 ./Core/Src/stm32f4xx_hal_timebase_tim.o
                0x080009f8                HAL_InitTick
 .text.NMI_Handler
                0x08000a88        0x2 ./Core/Src/stm32f4xx_it.o
                0x08000a88                NMI_Handler
 .text.HardFault_Handler
                0x08000a8a        0x2 ./Core/Src/stm32f4xx_it.o
                0x08000a8a                HardFault_Handler
 .text.MemManage_Handler
                0x08000a8c        0x2 ./Core/Src/stm32f4xx_it.o
                0x08000a8c                MemManage_Handler
 .text.BusFault_Handler
                0x08000a8e        0x2 ./Core/Src/stm32f4xx_it.o
                0x08000a8e                BusFault_Handler
 .text.UsageFault_Handler
                0x08000a90        0x2 ./Core/Src/stm32f4xx_it.o
                0x08000a90                UsageFault_Handler
 .text.DebugMon_Handler
                0x08000a92        0x2 ./Core/Src/stm32f4xx_it.o
                0x08000a92                DebugMon_Handler
 .text.ADC_IRQHandler
                0x08000a94        0xc ./Core/Src/stm32f4xx_it.o
                0x08000a94                ADC_IRQHandler
 .text.TIM1_UP_TIM10_IRQHandler
                0x08000aa0        0xc ./Core/Src/stm32f4xx_it.o
                0x08000aa0                TIM1_UP_TIM10_IRQHandler
 .text.I2C1_EV_IRQHandler
                0x08000aac        0xc ./Core/Src/stm32f4xx_it.o
                0x08000aac                I2C1_EV_IRQHandler
 .text.I2C2_EV_IRQHandler
                0x08000ab8        0xc ./Core/Src/stm32f4xx_it.o
                0x08000ab8                I2C2_EV_IRQHandler
 .text.USART2_IRQHandler
                0x08000ac4        0xc ./Core/Src/stm32f4xx_it.o
                0x08000ac4                USART2_IRQHandler
 .text.OTG_HS_IRQHandler
                0x08000ad0        0xc ./Core/Src/stm32f4xx_it.o
                0x08000ad0                OTG_HS_IRQHandler
 .text.SystemInit
                0x08000adc       0x14 ./Core/Src/system_stm32f4xx.o
                0x08000adc                SystemInit
 .text.Reset_Handler
                0x08000af0       0x50 ./Core/Startup/startup_stm32f405rgtx.o
                0x08000af0                Reset_Handler
 .text.Default_Handler
                0x08000b40        0x2 ./Core/Startup/startup_stm32f405rgtx.o
                0x08000b40                RTC_Alarm_IRQHandler
                0x08000b40                HASH_RNG_IRQHandler
                0x08000b40                EXTI2_IRQHandler
                0x08000b40                TIM8_CC_IRQHandler
                0x08000b40                TIM1_CC_IRQHandler
                0x08000b40                DMA2_Stream5_IRQHandler
                0x08000b40                DMA1_Stream5_IRQHandler
                0x08000b40                PVD_IRQHandler
                0x08000b40                SDIO_IRQHandler
                0x08000b40                TAMP_STAMP_IRQHandler
                0x08000b40                CAN2_RX1_IRQHandler
                0x08000b40                EXTI3_IRQHandler
                0x08000b40                TIM8_TRG_COM_TIM14_IRQHandler
                0x08000b40                TIM8_UP_TIM13_IRQHandler
                0x08000b40                I2C3_ER_IRQHandler
                0x08000b40                EXTI0_IRQHandler
                0x08000b40                DMA1_Stream2_IRQHandler
                0x08000b40                CAN1_RX0_IRQHandler
                0x08000b40                FPU_IRQHandler
                0x08000b40                OTG_HS_WKUP_IRQHandler
                0x08000b40                CAN2_SCE_IRQHandler
                0x08000b40                DMA2_Stream2_IRQHandler
                0x08000b40                SPI1_IRQHandler
                0x08000b40                TIM6_DAC_IRQHandler
                0x08000b40                TIM1_BRK_TIM9_IRQHandler
                0x08000b40                CAN2_RX0_IRQHandler
                0x08000b40                DMA2_Stream3_IRQHandler
                0x08000b40                USART6_IRQHandler
                0x08000b40                USART3_IRQHandler
                0x08000b40                CAN1_RX1_IRQHandler
                0x08000b40                UART5_IRQHandler
                0x08000b40                DMA2_Stream0_IRQHandler
                0x08000b40                TIM4_IRQHandler
                0x08000b40                DMA1_Stream6_IRQHandler
                0x08000b40                DMA1_Stream1_IRQHandler
                0x08000b40                UART4_IRQHandler
                0x08000b40                TIM3_IRQHandler
                0x08000b40                RCC_IRQHandler
                0x08000b40                TIM8_BRK_TIM12_IRQHandler
                0x08000b40                Default_Handler
                0x08000b40                EXTI15_10_IRQHandler
                0x08000b40                DMA1_Stream7_IRQHandler
                0x08000b40                TIM7_IRQHandler
                0x08000b40                CAN2_TX_IRQHandler
                0x08000b40                TIM5_IRQHandler
                0x08000b40                DMA2_Stream7_IRQHandler
                0x08000b40                I2C3_EV_IRQHandler
                0x08000b40                EXTI9_5_IRQHandler
                0x08000b40                RTC_WKUP_IRQHandler
                0x08000b40                SPI2_IRQHandler
                0x08000b40                OTG_HS_EP1_IN_IRQHandler
                0x08000b40                DMA1_Stream0_IRQHandler
                0x08000b40                CAN1_TX_IRQHandler
                0x08000b40                EXTI4_IRQHandler
                0x08000b40                FSMC_IRQHandler
                0x08000b40                OTG_HS_EP1_OUT_IRQHandler
                0x08000b40                WWDG_IRQHandler
                0x08000b40                TIM2_IRQHandler
                0x08000b40                OTG_FS_WKUP_IRQHandler
                0x08000b40                TIM1_TRG_COM_TIM11_IRQHandler
                0x08000b40                EXTI1_IRQHandler
                0x08000b40                I2C2_ER_IRQHandler
                0x08000b40                DMA2_Stream1_IRQHandler
                0x08000b40                CAN1_SCE_IRQHandler
                0x08000b40                FLASH_IRQHandler
                0x08000b40                DMA2_Stream4_IRQHandler
                0x08000b40                USART1_IRQHandler
                0x08000b40                OTG_FS_IRQHandler
                0x08000b40                SPI3_IRQHandler
                0x08000b40                DMA1_Stream4_IRQHandler
                0x08000b40                I2C1_ER_IRQHandler
                0x08000b40                DMA2_Stream6_IRQHandler
                0x08000b40                DMA1_Stream3_IRQHandler
 *fill*         0x08000b42        0x2 
 .text.HAL_Init
                0x08000b44       0x34 ./Drivers/STM32F4xx_HAL_Driver/Src/stm32f4xx_hal.o
                0x08000b44                HAL_Init
 .text.HAL_IncTick
                0x08000b78       0x18 ./Drivers/STM32F4xx_HAL_Driver/Src/stm32f4xx_hal.o
                0x08000b78                HAL_IncTick
 .text.HAL_GetTick
                0x08000b90        0xc ./Drivers/STM32F4xx_HAL_Driver/Src/stm32f4xx_hal.o
                0x08000b90                HAL_GetTick
 .text.HAL_ADC_Init
                0x08000b9c      0x14c ./Drivers/STM32F4xx_HAL_Driver/Src/stm32f4xx_hal_adc.o
                0x08000b9c                HAL_ADC_Init
 .text.HAL_ADC_Start_IT
                0x08000ce8      0x108 ./Drivers/STM32F4xx_HAL_Driver/Src/stm32f4xx_hal_adc.o
                0x08000ce8                HAL_ADC_Start_IT
 .text.HAL_ADC_GetValue
                0x08000df0        0x6 ./Drivers/STM32F4xx_HAL_Driver/Src/stm32f4xx_hal_adc.o
                0x08000df0                HAL_ADC_GetValue
 .text.HAL_ADC_LevelOutOfWindowCallback
                0x08000df6        0x2 ./Drivers/STM32F4xx_HAL_Driver/Src/stm32f4xx_hal_adc.o
                0x08000df6                HAL_ADC_LevelOutOfWindowCallback
 .text.HAL_ADC_ErrorCallback
                0x08000df8        0x2 ./Drivers/STM32F4xx_HAL_Driver/Src/stm32f4xx_hal_adc.o
                0x08000df8                HAL_ADC_ErrorCallback
 .text.HAL_ADC_IRQHandler
                0x08000dfa      0x11c ./Drivers/STM32F4xx_HAL_Driver/Src/stm32f4xx_hal_adc.o
                0x08000dfa                HAL_ADC_IRQHandler
 *fill*         0x08000f16        0x2 
 .text.HAL_ADC_ConfigChannel
                0x08000f18      0x120 ./Drivers/STM32F4xx_HAL_Driver/Src/stm32f4xx_hal_adc.o
                0x08000f18                HAL_ADC_ConfigChannel
 .text.HAL_ADCEx_InjectedConvCpltCallback
                0x08001038        0x2 ./Drivers/STM32F4xx_HAL_Driver/Src/stm32f4xx_hal_adc_ex.o
                0x08001038                HAL_ADCEx_InjectedConvCpltCallback
 *fill*         0x0800103a        0x2 
 .text.HAL_NVIC_SetPriorityGrouping
                0x0800103c       0x24 ./Drivers/STM32F4xx_HAL_Driver/Src/stm32f4xx_hal_cortex.o
                0x0800103c                HAL_NVIC_SetPriorityGrouping
 .text.HAL_NVIC_SetPriority
                0x08001060       0x64 ./Drivers/STM32F4xx_HAL_Driver/Src/stm32f4xx_hal_cortex.o
                0x08001060                HAL_NVIC_SetPriority
 .text.HAL_NVIC_EnableIRQ
                0x080010c4       0x1c ./Drivers/STM32F4xx_HAL_Driver/Src/stm32f4xx_hal_cortex.o
                0x080010c4                HAL_NVIC_EnableIRQ
 .text.HAL_DMA_Abort
                0x080010e0       0x7c ./Drivers/STM32F4xx_HAL_Driver/Src/stm32f4xx_hal_dma.o
                0x080010e0                HAL_DMA_Abort
 .text.HAL_DMA_Abort_IT
                0x0800115c       0x24 ./Drivers/STM32F4xx_HAL_Driver/Src/stm32f4xx_hal_dma.o
                0x0800115c                HAL_DMA_Abort_IT
 .text.HAL_DMA_GetState
                0x08001180        0x6 ./Drivers/STM32F4xx_HAL_Driver/Src/stm32f4xx_hal_dma.o
                0x08001180                HAL_DMA_GetState
 *fill*         0x08001186        0x2 
 .text.HAL_GPIO_Init
                0x08001188      0x1b0 ./Drivers/STM32F4xx_HAL_Driver/Src/stm32f4xx_hal_gpio.o
                0x08001188                HAL_GPIO_Init
 .text.HAL_GPIO_WritePin
                0x08001338        0xa ./Drivers/STM32F4xx_HAL_Driver/Src/stm32f4xx_hal_gpio.o
                0x08001338                HAL_GPIO_WritePin
 .text.I2C_IsAcknowledgeFailed
                0x08001342       0x34 ./Drivers/STM32F4xx_HAL_Driver/Src/stm32f4xx_hal_i2c.o
 .text.I2C_WaitOnFlagUntilTimeout
                0x08001376       0x80 ./Drivers/STM32F4xx_HAL_Driver/Src/stm32f4xx_hal_i2c.o
 .text.I2C_WaitOnMasterAddressFlagUntilTimeout
                0x080013f6       0x84 ./Drivers/STM32F4xx_HAL_Driver/Src/stm32f4xx_hal_i2c.o
 .text.I2C_WaitOnTXEFlagUntilTimeout
                0x0800147a       0x54 ./Drivers/STM32F4xx_HAL_Driver/Src/stm32f4xx_hal_i2c.o
 *fill*         0x080014ce        0x2 
 .text.I2C_RequestMemoryWrite
                0x080014d0       0xb4 ./Drivers/STM32F4xx_HAL_Driver/Src/stm32f4xx_hal_i2c.o
 .text.I2C_RequestMemoryRead
                0x08001584      0x104 ./Drivers/STM32F4xx_HAL_Driver/Src/stm32f4xx_hal_i2c.o
 .text.I2C_WaitOnBTFFlagUntilTimeout
                0x08001688       0x54 ./Drivers/STM32F4xx_HAL_Driver/Src/stm32f4xx_hal_i2c.o
 .text.I2C_WaitOnRXNEFlagUntilTimeout
                0x080016dc       0x66 ./Drivers/STM32F4xx_HAL_Driver/Src/stm32f4xx_hal_i2c.o
 *fill*         0x08001742        0x2 
 .text.HAL_I2C_Init
                0x08001744      0x150 ./Drivers/STM32F4xx_HAL_Driver/Src/stm32f4xx_hal_i2c.o
                0x08001744                HAL_I2C_Init
 .text.HAL_I2C_Master_Transmit
                0x08001894      0x1b4 ./Drivers/STM32F4xx_HAL_Driver/Src/stm32f4xx_hal_i2c.o
                0x08001894                HAL_I2C_Master_Transmit
 .text.HAL_I2C_Master_Transmit_IT
                0x08001a48       0xac ./Drivers/STM32F4xx_HAL_Driver/Src/stm32f4xx_hal_i2c.o
                0x08001a48                HAL_I2C_Master_Transmit_IT
 .text.HAL_I2C_Mem_Write
                0x08001af4      0x120 ./Drivers/STM32F4xx_HAL_Driver/Src/stm32f4xx_hal_i2c.o
                0x08001af4                HAL_I2C_Mem_Write
 .text.HAL_I2C_Mem_Read
                0x08001c14      0x220 ./Drivers/STM32F4xx_HAL_Driver/Src/stm32f4xx_hal_i2c.o
                0x08001c14                HAL_I2C_Mem_Read
 .text.HAL_I2C_Mem_Read_IT
                0x08001e34       0xc4 ./Drivers/STM32F4xx_HAL_Driver/Src/stm32f4xx_hal_i2c.o
                0x08001e34                HAL_I2C_Mem_Read_IT
 .text.HAL_I2C_MasterRxCpltCallback
                0x08001ef8        0x2 ./Drivers/STM32F4xx_HAL_Driver/Src/stm32f4xx_hal_i2c.o
                0x08001ef8                HAL_I2C_MasterRxCpltCallback
 .text.HAL_I2C_SlaveTxCpltCallback
                0x08001efa        0x2 ./Drivers/STM32F4xx_HAL_Driver/Src/stm32f4xx_hal_i2c.o
                0x08001efa                HAL_I2C_SlaveTxCpltCallback
 .text.HAL_I2C_SlaveRxCpltCallback
                0x08001efc        0x2 ./Drivers/STM32F4xx_HAL_Driver/Src/stm32f4xx_hal_i2c.o
                0x08001efc                HAL_I2C_SlaveRxCpltCallback
 .text.HAL_I2C_AddrCallback
                0x08001efe        0x2 ./Drivers/STM32F4xx_HAL_Driver/Src/stm32f4xx_hal_i2c.o
                0x08001efe                HAL_I2C_AddrCallback
 .text.HAL_I2C_ListenCpltCallback
                0x08001f00        0x2 ./Drivers/STM32F4xx_HAL_Driver/Src/stm32f4xx_hal_i2c.o
                0x08001f00                HAL_I2C_ListenCpltCallback
 .text.HAL_I2C_MemTxCpltCallback
                0x08001f02        0x2 ./Drivers/STM32F4xx_HAL_Driver/Src/stm32f4xx_hal_i2c.o
                0x08001f02                HAL_I2C_MemTxCpltCallback
 .text.I2C_MemoryTransmit_TXE_BTF
                0x08001f04       0xb0 ./Drivers/STM32F4xx_HAL_Driver/Src/stm32f4xx_hal_i2c.o
 .text.HAL_I2C_AbortCpltCallback
                0x08001fb4        0x2 ./Drivers/STM32F4xx_HAL_Driver/Src/stm32f4xx_hal_i2c.o
                0x08001fb4                HAL_I2C_AbortCpltCallback
 *fill*         0x08001fb6        0x2 
 .text.I2C_DMAAbort
                0x08001fb8       0xc0 ./Drivers/STM32F4xx_HAL_Driver/Src/stm32f4xx_hal_i2c.o
 .text.I2C_ITError
                0x08002078      0x150 ./Drivers/STM32F4xx_HAL_Driver/Src/stm32f4xx_hal_i2c.o
 .text.HAL_I2C_EV_IRQHandler
                0x080021c8      0x8a0 ./Drivers/STM32F4xx_HAL_Driver/Src/stm32f4xx_hal_i2c.o
                0x080021c8                HAL_I2C_EV_IRQHandler
 .text.HAL_PCD_SetAddress
                0x08002a68       0x26 ./Drivers/STM32F4xx_HAL_Driver/Src/stm32f4xx_hal_pcd.o
                0x08002a68                HAL_PCD_SetAddress
 .text.HAL_PCD_EP_Open
                0x08002a8e       0x72 ./Drivers/STM32F4xx_HAL_Driver/Src/stm32f4xx_hal_pcd.o
                0x08002a8e                HAL_PCD_EP_Open
 .text.HAL_PCD_EP_Receive
                0x08002b00       0x3c ./Drivers/STM32F4xx_HAL_Driver/Src/stm32f4xx_hal_pcd.o
                0x08002b00                HAL_PCD_EP_Receive
 .text.HAL_PCD_EP_Transmit
                0x08002b3c       0x36 ./Drivers/STM32F4xx_HAL_Driver/Src/stm32f4xx_hal_pcd.o
                0x08002b3c                HAL_PCD_EP_Transmit
 .text.HAL_PCD_EP_SetStall
                0x08002b72       0x6e ./Drivers/STM32F4xx_HAL_Driver/Src/stm32f4xx_hal_pcd.o
                0x08002b72                HAL_PCD_EP_SetStall
 .text.HAL_PCD_EP_ClrStall
                0x08002be0       0x6a ./Drivers/STM32F4xx_HAL_Driver/Src/stm32f4xx_hal_pcd.o
                0x08002be0                HAL_PCD_EP_ClrStall
 .text.HAL_PCD_EP_Abort
                0x08002c4a       0x20 ./Drivers/STM32F4xx_HAL_Driver/Src/stm32f4xx_hal_pcd.o
                0x08002c4a                HAL_PCD_EP_Abort
 *fill*         0x08002c6a        0x2 
 .text.HAL_PCD_IRQHandler
                0x08002c6c      0x694 ./Drivers/STM32F4xx_HAL_Driver/Src/stm32f4xx_hal_pcd.o
                0x08002c6c                HAL_PCD_IRQHandler
 .text.HAL_PCDEx_LPM_Callback
                0x08003300        0x2 ./Drivers/STM32F4xx_HAL_Driver/Src/stm32f4xx_hal_pcd_ex.o
                0x08003300                HAL_PCDEx_LPM_Callback
 *fill*         0x08003302        0x2 
 .text.HAL_RCC_OscConfig
                0x08003304      0x35c ./Drivers/STM32F4xx_HAL_Driver/Src/stm32f4xx_hal_rcc.o
                0x08003304                HAL_RCC_OscConfig
 .text.HAL_RCC_GetSysClockFreq
                0x08003660       0x5c ./Drivers/STM32F4xx_HAL_Driver/Src/stm32f4xx_hal_rcc.o
                0x08003660                HAL_RCC_GetSysClockFreq
 .text.HAL_RCC_ClockConfig
                0x080036bc      0x134 ./Drivers/STM32F4xx_HAL_Driver/Src/stm32f4xx_hal_rcc.o
                0x080036bc                HAL_RCC_ClockConfig
 .text.HAL_RCC_GetHCLKFreq
                0x080037f0        0xc ./Drivers/STM32F4xx_HAL_Driver/Src/stm32f4xx_hal_rcc.o
                0x080037f0                HAL_RCC_GetHCLKFreq
 .text.HAL_RCC_GetPCLK1Freq
                0x080037fc       0x20 ./Drivers/STM32F4xx_HAL_Driver/Src/stm32f4xx_hal_rcc.o
                0x080037fc                HAL_RCC_GetPCLK1Freq
 .text.HAL_RCC_GetPCLK2Freq
                0x0800381c       0x20 ./Drivers/STM32F4xx_HAL_Driver/Src/stm32f4xx_hal_rcc.o
                0x0800381c                HAL_RCC_GetPCLK2Freq
 .text.HAL_RCC_GetClockConfig
                0x0800383c       0x3c ./Drivers/STM32F4xx_HAL_Driver/Src/stm32f4xx_hal_rcc.o
                0x0800383c                HAL_RCC_GetClockConfig
 .text.HAL_TIM_Base_MspInit
                0x08003878        0x2 ./Drivers/STM32F4xx_HAL_Driver/Src/stm32f4xx_hal_tim.o
                0x08003878                HAL_TIM_Base_MspInit
 *fill*         0x0800387a        0x2 
 .text.HAL_TIM_Base_Start_IT
                0x0800387c       0x74 ./Drivers/STM32F4xx_HAL_Driver/Src/stm32f4xx_hal_tim.o
                0x0800387c                HAL_TIM_Base_Start_IT
 .text.HAL_TIM_OC_DelayElapsedCallback
                0x080038f0        0x2 ./Drivers/STM32F4xx_HAL_Driver/Src/stm32f4xx_hal_tim.o
                0x080038f0                HAL_TIM_OC_DelayElapsedCallback
 .text.HAL_TIM_IC_CaptureCallback
                0x080038f2        0x2 ./Drivers/STM32F4xx_HAL_Driver/Src/stm32f4xx_hal_tim.o
                0x080038f2                HAL_TIM_IC_CaptureCallback
 .text.HAL_TIM_PWM_PulseFinishedCallback
                0x080038f4        0x2 ./Drivers/STM32F4xx_HAL_Driver/Src/stm32f4xx_hal_tim.o
                0x080038f4                HAL_TIM_PWM_PulseFinishedCallback
 .text.HAL_TIM_TriggerCallback
                0x080038f6        0x2 ./Drivers/STM32F4xx_HAL_Driver/Src/stm32f4xx_hal_tim.o
                0x080038f6                HAL_TIM_TriggerCallback
 .text.HAL_TIM_IRQHandler
                0x080038f8      0x128 ./Drivers/STM32F4xx_HAL_Driver/Src/stm32f4xx_hal_tim.o
                0x080038f8                HAL_TIM_IRQHandler
 .text.TIM_Base_SetConfig
                0x08003a20       0xd8 ./Drivers/STM32F4xx_HAL_Driver/Src/stm32f4xx_hal_tim.o
                0x08003a20                TIM_Base_SetConfig
 .text.HAL_TIM_Base_Init
                0x08003af8       0x58 ./Drivers/STM32F4xx_HAL_Driver/Src/stm32f4xx_hal_tim.o
                0x08003af8                HAL_TIM_Base_Init
 .text.HAL_TIMEx_CommutCallback
                0x08003b50        0x2 ./Drivers/STM32F4xx_HAL_Driver/Src/stm32f4xx_hal_tim_ex.o
                0x08003b50                HAL_TIMEx_CommutCallback
 .text.HAL_TIMEx_BreakCallback
                0x08003b52        0x2 ./Drivers/STM32F4xx_HAL_Driver/Src/stm32f4xx_hal_tim_ex.o
                0x08003b52                HAL_TIMEx_BreakCallback
 .text.UART_EndRxTransfer
                0x08003b54       0x5c ./Drivers/STM32F4xx_HAL_Driver/Src/stm32f4xx_hal_uart.o
 .text.UART_SetConfig
                0x08003bb0       0xbc ./Drivers/STM32F4xx_HAL_Driver/Src/stm32f4xx_hal_uart.o
 .text.UART_WaitOnFlagUntilTimeout.constprop.0
                0x08003c6c       0x64 ./Drivers/STM32F4xx_HAL_Driver/Src/stm32f4xx_hal_uart.o
 .text.HAL_UART_Init
                0x08003cd0       0x5e ./Drivers/STM32F4xx_HAL_Driver/Src/stm32f4xx_hal_uart.o
                0x08003cd0                HAL_UART_Init
 .text.HAL_UART_Transmit
                0x08003d2e       0x9c ./Drivers/STM32F4xx_HAL_Driver/Src/stm32f4xx_hal_uart.o
                0x08003d2e                HAL_UART_Transmit
 .text.HAL_UART_TxCpltCallback
                0x08003dca        0x2 ./Drivers/STM32F4xx_HAL_Driver/Src/stm32f4xx_hal_uart.o
                0x08003dca                HAL_UART_TxCpltCallback
 .text.HAL_UART_ErrorCallback
                0x08003dcc        0x2 ./Drivers/STM32F4xx_HAL_Driver/Src/stm32f4xx_hal_uart.o
                0x08003dcc                HAL_UART_ErrorCallback
 .text.UART_DMAAbortOnError
                0x08003dce       0x10 ./Drivers/STM32F4xx_HAL_Driver/Src/stm32f4xx_hal_uart.o
 .text.HAL_UARTEx_RxEventCallback
                0x08003dde        0x2 ./Drivers/STM32F4xx_HAL_Driver/Src/stm32f4xx_hal_uart.o
                0x08003dde                HAL_UARTEx_RxEventCallback
 .text.UART_Receive_IT.isra.0
                0x08003de0       0xb6 ./Drivers/STM32F4xx_HAL_Driver/Src/stm32f4xx_hal_uart.o
 *fill*         0x08003e96        0x2 
 .text.HAL_UART_IRQHandler
                0x08003e98      0x294 ./Drivers/STM32F4xx_HAL_Driver/Src/stm32f4xx_hal_uart.o
                0x08003e98                HAL_UART_IRQHandler
 .text.UART_Start_Receive_IT
                0x0800412c       0x32 ./Drivers/STM32F4xx_HAL_Driver/Src/stm32f4xx_hal_uart.o
                0x0800412c                UART_Start_Receive_IT
 .text.HAL_UART_Receive_IT
                0x0800415e       0x22 ./Drivers/STM32F4xx_HAL_Driver/Src/stm32f4xx_hal_uart.o
                0x0800415e                HAL_UART_Receive_IT
 .text.USB_SetTurnaroundTime
                0x08004180       0xe0 ./Drivers/STM32F4xx_HAL_Driver/Src/stm32f4xx_ll_usb.o
                0x08004180                USB_SetTurnaroundTime
 .text.USB_FlushTxFifo
                0x08004260       0x46 ./Drivers/STM32F4xx_HAL_Driver/Src/stm32f4xx_ll_usb.o
                0x08004260                USB_FlushTxFifo
 .text.USB_GetDevSpeed
                0x080042a6       0x16 ./Drivers/STM32F4xx_HAL_Driver/Src/stm32f4xx_ll_usb.o
                0x080042a6                USB_GetDevSpeed
 .text.USB_ActivateEndpoint
                0x080042bc       0x7e ./Drivers/STM32F4xx_HAL_Driver/Src/stm32f4xx_ll_usb.o
                0x080042bc                USB_ActivateEndpoint
 .text.USB_EPStopXfer
                0x0800433a       0x84 ./Drivers/STM32F4xx_HAL_Driver/Src/stm32f4xx_ll_usb.o
                0x0800433a                USB_EPStopXfer
 .text.USB_WritePacket
                0x080043be       0x26 ./Drivers/STM32F4xx_HAL_Driver/Src/stm32f4xx_ll_usb.o
                0x080043be                USB_WritePacket
 .text.USB_EPStartXfer
                0x080043e4      0x204 ./Drivers/STM32F4xx_HAL_Driver/Src/stm32f4xx_ll_usb.o
                0x080043e4                USB_EPStartXfer
 .text.USB_ReadPacket
                0x080045e8       0x40 ./Drivers/STM32F4xx_HAL_Driver/Src/stm32f4xx_ll_usb.o
                0x080045e8                USB_ReadPacket
 .text.USB_EPSetStall
                0x08004628       0x56 ./Drivers/STM32F4xx_HAL_Driver/Src/stm32f4xx_ll_usb.o
                0x08004628                USB_EPSetStall
 .text.USB_EPClearStall
                0x0800467e       0x52 ./Drivers/STM32F4xx_HAL_Driver/Src/stm32f4xx_ll_usb.o
                0x0800467e                USB_EPClearStall
 .text.USB_SetDevAddress
                0x080046d0       0x20 ./Drivers/STM32F4xx_HAL_Driver/Src/stm32f4xx_ll_usb.o
                0x080046d0                USB_SetDevAddress
 .text.USB_ReadInterrupts
                0x080046f0        0x8 ./Drivers/STM32F4xx_HAL_Driver/Src/stm32f4xx_ll_usb.o
                0x080046f0                USB_ReadInterrupts
 .text.USB_ReadDevAllOutEpInterrupt
                0x080046f8       0x10 ./Drivers/STM32F4xx_HAL_Driver/Src/stm32f4xx_ll_usb.o
                0x080046f8                USB_ReadDevAllOutEpInterrupt
 .text.USB_ReadDevAllInEpInterrupt
                0x08004708       0x10 ./Drivers/STM32F4xx_HAL_Driver/Src/stm32f4xx_ll_usb.o
                0x08004708                USB_ReadDevAllInEpInterrupt
 .text.USB_ReadDevOutEPInterrupt
                0x08004718       0x12 ./Drivers/STM32F4xx_HAL_Driver/Src/stm32f4xx_ll_usb.o
                0x08004718                USB_ReadDevOutEPInterrupt
 .text.USB_ReadDevInEPInterrupt
                0x0800472a       0x22 ./Drivers/STM32F4xx_HAL_Driver/Src/stm32f4xx_ll_usb.o
                0x0800472a                USB_ReadDevInEPInterrupt
 .text.USB_GetMode
                0x0800474c        0x8 ./Drivers/STM32F4xx_HAL_Driver/Src/stm32f4xx_ll_usb.o
                0x0800474c                USB_GetMode
 .text.USB_ActivateSetup
                0x08004754       0x20 ./Drivers/STM32F4xx_HAL_Driver/Src/stm32f4xx_ll_usb.o
                0x08004754                USB_ActivateSetup
 .text.USB_EP0_OutStart
                0x08004774       0x4c ./Drivers/STM32F4xx_HAL_Driver/Src/stm32f4xx_ll_usb.o
                0x08004774                USB_EP0_OutStart
 .text.USBD_SetClassConfig
                0x080047c0        0xe ./Middlewares/ST/STM32_USB_Device_Library/Core/Src/usbd_core.o
                0x080047c0                USBD_SetClassConfig
 .text.USBD_ClrClassConfig
                0x080047ce       0x12 ./Middlewares/ST/STM32_USB_Device_Library/Core/Src/usbd_core.o
                0x080047ce                USBD_ClrClassConfig
 .text.USBD_LL_SetupStage
                0x080047e0       0x60 ./Middlewares/ST/STM32_USB_Device_Library/Core/Src/usbd_core.o
                0x080047e0                USBD_LL_SetupStage
 .text.USBD_LL_DataOutStage
                0x08004840       0x6a ./Middlewares/ST/STM32_USB_Device_Library/Core/Src/usbd_core.o
                0x08004840                USBD_LL_DataOutStage
 .text.USBD_LL_DataInStage
                0x080048aa       0xa6 ./Middlewares/ST/STM32_USB_Device_Library/Core/Src/usbd_core.o
                0x080048aa                USBD_LL_DataInStage
 .text.USBD_LL_Reset
                0x08004950       0x5e ./Middlewares/ST/STM32_USB_Device_Library/Core/Src/usbd_core.o
                0x08004950                USBD_LL_Reset
 .text.USBD_LL_SetSpeed
                0x080049ae        0x6 ./Middlewares/ST/STM32_USB_Device_Library/Core/Src/usbd_core.o
                0x080049ae                USBD_LL_SetSpeed
 .text.USBD_LL_Suspend
                0x080049b4       0x1c ./Middlewares/ST/STM32_USB_Device_Library/Core/Src/usbd_core.o
                0x080049b4                USBD_LL_Suspend
 .text.USBD_LL_Resume
                0x080049d0       0x16 ./Middlewares/ST/STM32_USB_Device_Library/Core/Src/usbd_core.o
                0x080049d0                USBD_LL_Resume
 .text.USBD_LL_SOF
                0x080049e6       0x1a ./Middlewares/ST/STM32_USB_Device_Library/Core/Src/usbd_core.o
                0x080049e6                USBD_LL_SOF
 .text.USBD_LL_IsoINIncomplete
                0x08004a00       0x26 ./Middlewares/ST/STM32_USB_Device_Library/Core/Src/usbd_core.o
                0x08004a00                USBD_LL_IsoINIncomplete
 .text.USBD_LL_IsoOUTIncomplete
                0x08004a26       0x26 ./Middlewares/ST/STM32_USB_Device_Library/Core/Src/usbd_core.o
                0x08004a26                USBD_LL_IsoOUTIncomplete
 .text.USBD_LL_DevConnected
                0x08004a4c        0x4 ./Middlewares/ST/STM32_USB_Device_Library/Core/Src/usbd_core.o
                0x08004a4c                USBD_LL_DevConnected
 .text.USBD_LL_DevDisconnected
                0x08004a50       0x20 ./Middlewares/ST/STM32_USB_Device_Library/Core/Src/usbd_core.o
                0x08004a50                USBD_LL_DevDisconnected
 .text.USBD_CoreFindIF
                0x08004a70        0x4 ./Middlewares/ST/STM32_USB_Device_Library/Core/Src/usbd_core.o
                0x08004a70                USBD_CoreFindIF
 .text.USBD_CoreFindEP
                0x08004a74        0x4 ./Middlewares/ST/STM32_USB_Device_Library/Core/Src/usbd_core.o
                0x08004a74                USBD_CoreFindEP
 .text.USBD_CtlError.constprop.0
                0x08004a78       0x16 ./Middlewares/ST/STM32_USB_Device_Library/Core/Src/usbd_ctlreq.o
 *fill*         0x08004a8e        0x2 
 .text.USBD_StdDevReq
                0x08004a90      0x28c ./Middlewares/ST/STM32_USB_Device_Library/Core/Src/usbd_ctlreq.o
                0x08004a90                USBD_StdDevReq
 .text.USBD_StdItfReq
                0x08004d1c       0x5a ./Middlewares/ST/STM32_USB_Device_Library/Core/Src/usbd_ctlreq.o
                0x08004d1c                USBD_StdItfReq
 .text.USBD_StdEPReq
                0x08004d76      0x13a ./Middlewares/ST/STM32_USB_Device_Library/Core/Src/usbd_ctlreq.o
                0x08004d76                USBD_StdEPReq
 .text.USBD_ParseSetupRequest
                0x08004eb0       0x16 ./Middlewares/ST/STM32_USB_Device_Library/Core/Src/usbd_ctlreq.o
                0x08004eb0                USBD_ParseSetupRequest
 .text.USBD_CtlSendData
                0x08004ec6       0x1a ./Middlewares/ST/STM32_USB_Device_Library/Core/Src/usbd_ioreq.o
                0x08004ec6                USBD_CtlSendData
 .text.USBD_CtlContinueSendData
                0x08004ee0       0x10 ./Middlewares/ST/STM32_USB_Device_Library/Core/Src/usbd_ioreq.o
                0x08004ee0                USBD_CtlContinueSendData
 .text.USBD_CtlContinueRx
                0x08004ef0       0x10 ./Middlewares/ST/STM32_USB_Device_Library/Core/Src/usbd_ioreq.o
                0x08004ef0                USBD_CtlContinueRx
 .text.USBD_CtlSendStatus
                0x08004f00       0x16 ./Middlewares/ST/STM32_USB_Device_Library/Core/Src/usbd_ioreq.o
                0x08004f00                USBD_CtlSendStatus
 .text.USBD_CtlReceiveStatus
                0x08004f16       0x16 ./Middlewares/ST/STM32_USB_Device_Library/Core/Src/usbd_ioreq.o
                0x08004f16                USBD_CtlReceiveStatus
 .text.osKernelStart
                0x08004f2c        0xa ./Middlewares/Third_Party/FreeRTOS/Source/CMSIS_RTOS/cmsis_os.o
                0x08004f2c                osKernelStart
 .text.osKernelSysTick
                0x08004f36        0xe ./Middlewares/Third_Party/FreeRTOS/Source/CMSIS_RTOS/cmsis_os.o
                0x08004f36                osKernelSysTick
 .text.osThreadCreate
                0x08004f44       0x50 ./Middlewares/Third_Party/FreeRTOS/Source/CMSIS_RTOS/cmsis_os.o
                0x08004f44                osThreadCreate
 .text.osDelay  0x08004f94       0x10 ./Middlewares/Third_Party/FreeRTOS/Source/CMSIS_RTOS/cmsis_os.o
                0x08004f94                osDelay
 .text.osMutexCreate
                0x08004fa4        0xe ./Middlewares/Third_Party/FreeRTOS/Source/CMSIS_RTOS/cmsis_os.o
                0x08004fa4                osMutexCreate
 .text.osMutexWait
                0x08004fb2       0x4c ./Middlewares/Third_Party/FreeRTOS/Source/CMSIS_RTOS/cmsis_os.o
                0x08004fb2                osMutexWait
 .text.osMutexRelease
                0x08004ffe       0x48 ./Middlewares/Third_Party/FreeRTOS/Source/CMSIS_RTOS/cmsis_os.o
                0x08004ffe                osMutexRelease
 .text.osMessageCreate
                0x08005046       0x24 ./Middlewares/Third_Party/FreeRTOS/Source/CMSIS_RTOS/cmsis_os.o
                0x08005046                osMessageCreate
 .text.osMessagePut
                0x0800506a       0x52 ./Middlewares/Third_Party/FreeRTOS/Source/CMSIS_RTOS/cmsis_os.o
                0x0800506a                osMessagePut
 .text.osMessageGet
                0x080050bc       0x74 ./Middlewares/Third_Party/FreeRTOS/Source/CMSIS_RTOS/cmsis_os.o
                0x080050bc                osMessageGet
 .text.osDelayUntil
                0x08005130       0x10 ./Middlewares/Third_Party/FreeRTOS/Source/CMSIS_RTOS/cmsis_os.o
                0x08005130                osDelayUntil
 .text.vListInitialise
                0x08005140       0x16 ./Middlewares/Third_Party/FreeRTOS/Source/list.o
                0x08005140                vListInitialise
 .text.vListInitialiseItem
                0x08005156        0x6 ./Middlewares/Third_Party/FreeRTOS/Source/list.o
                0x08005156                vListInitialiseItem
 .text.vListInsertEnd
                0x0800515c       0x16 ./Middlewares/Third_Party/FreeRTOS/Source/list.o
                0x0800515c                vListInsertEnd
 .text.vListInsert
                0x08005172       0x2e ./Middlewares/Third_Party/FreeRTOS/Source/list.o
                0x08005172                vListInsert
 .text.uxListRemove
                0x080051a0       0x20 ./Middlewares/Third_Party/FreeRTOS/Source/list.o
                0x080051a0                uxListRemove
 .text.prvIsQueueEmpty
                0x080051c0       0x16 ./Middlewares/Third_Party/FreeRTOS/Source/queue.o
 .text.prvCopyDataToQueue
                0x080051d6       0x66 ./Middlewares/Third_Party/FreeRTOS/Source/queue.o
 .text.prvCopyDataFromQueue
                0x0800523c       0x2c ./Middlewares/Third_Party/FreeRTOS/Source/queue.o
 .text.prvUnlockQueue
                0x08005268       0x70 ./Middlewares/Third_Party/FreeRTOS/Source/queue.o
 .text.xQueueGenericReset
                0x080052d8       0x7e ./Middlewares/Third_Party/FreeRTOS/Source/queue.o
                0x080052d8                xQueueGenericReset
 .text.xQueueGenericCreateStatic
                0x08005356       0x94 ./Middlewares/Third_Party/FreeRTOS/Source/queue.o
                0x08005356                xQueueGenericCreateStatic
 .text.xQueueGenericCreate
                0x080053ea       0x48 ./Middlewares/Third_Party/FreeRTOS/Source/queue.o
                0x080053ea                xQueueGenericCreate
 .text.xQueueGenericSend
                0x08005432      0x164 ./Middlewares/Third_Party/FreeRTOS/Source/queue.o
                0x08005432                xQueueGenericSend
 .text.xQueueCreateMutexStatic
                0x08005596       0x2a ./Middlewares/Third_Party/FreeRTOS/Source/queue.o
                0x08005596                xQueueCreateMutexStatic
 .text.xQueueCreateMutex
                0x080055c0       0x34 ./Middlewares/Third_Party/FreeRTOS/Source/queue.o
                0x080055c0                xQueueCreateMutex
 .text.xQueueGenericSendFromISR
                0x080055f4       0xba ./Middlewares/Third_Party/FreeRTOS/Source/queue.o
                0x080055f4                xQueueGenericSendFromISR
 .text.xQueueGiveFromISR
                0x080056ae       0xa2 ./Middlewares/Third_Party/FreeRTOS/Source/queue.o
                0x080056ae                xQueueGiveFromISR
 .text.xQueueReceive
                0x08005750      0x13c ./Middlewares/Third_Party/FreeRTOS/Source/queue.o
                0x08005750                xQueueReceive
 .text.xQueueSemaphoreTake
                0x0800588c      0x17a ./Middlewares/Third_Party/FreeRTOS/Source/queue.o
                0x0800588c                xQueueSemaphoreTake
 .text.xQueueReceiveFromISR
                0x08005a06       0x9a ./Middlewares/Third_Party/FreeRTOS/Source/queue.o
                0x08005a06                xQueueReceiveFromISR
 .text.prvAddNewTaskToReadyList
                0x08005aa0      0x10c ./Middlewares/Third_Party/FreeRTOS/Source/tasks.o
 .text.prvAddCurrentTaskToDelayedList
                0x08005bac       0x88 ./Middlewares/Third_Party/FreeRTOS/Source/tasks.o
 .text.prvResetNextTaskUnblockTime
                0x08005c34       0x24 ./Middlewares/Third_Party/FreeRTOS/Source/tasks.o
 .text.prvDeleteTCB
                0x08005c58       0x3c ./Middlewares/Third_Party/FreeRTOS/Source/tasks.o
 .text.prvIdleTask
                0x08005c94       0x60 ./Middlewares/Third_Party/FreeRTOS/Source/tasks.o
 .text.prvInitialiseNewTask.constprop.0
                0x08005cf4       0xb0 ./Middlewares/Third_Party/FreeRTOS/Source/tasks.o
 .text.xTaskCreateStatic
                0x08005da4       0x70 ./Middlewares/Third_Party/FreeRTOS/Source/tasks.o
                0x08005da4                xTaskCreateStatic
 .text.xTaskCreate
                0x08005e14       0x5c ./Middlewares/Third_Party/FreeRTOS/Source/tasks.o
                0x08005e14                xTaskCreate
 .text.vTaskStartScheduler
                0x08005e70       0x84 ./Middlewares/Third_Party/FreeRTOS/Source/tasks.o
                0x08005e70                vTaskStartScheduler
 .text.vTaskSuspendAll
                0x08005ef4       0x10 ./Middlewares/Third_Party/FreeRTOS/Source/tasks.o
                0x08005ef4                vTaskSuspendAll
 .text.xTaskGetTickCount
                0x08005f04        0xc ./Middlewares/Third_Party/FreeRTOS/Source/tasks.o
                0x08005f04                xTaskGetTickCount
 .text.xTaskGetTickCountFromISR
                0x08005f10       0x10 ./Middlewares/Third_Party/FreeRTOS/Source/tasks.o
                0x08005f10                xTaskGetTickCountFromISR
 .text.xTaskIncrementTick
                0x08005f20      0x134 ./Middlewares/Third_Party/FreeRTOS/Source/tasks.o
                0x08005f20                xTaskIncrementTick
 .text.xTaskResumeAll
                0x08006054       0xec ./Middlewares/Third_Party/FreeRTOS/Source/tasks.o
                0x08006054                xTaskResumeAll
 .text.vTaskDelayUntil
                0x08006140       0x94 ./Middlewares/Third_Party/FreeRTOS/Source/tasks.o
                0x08006140                vTaskDelayUntil
 .text.vTaskDelay
                0x080061d4       0x48 ./Middlewares/Third_Party/FreeRTOS/Source/tasks.o
                0x080061d4                vTaskDelay
 .text.vTaskSwitchContext
                0x0800621c       0x80 ./Middlewares/Third_Party/FreeRTOS/Source/tasks.o
                0x0800621c                vTaskSwitchContext
 .text.vTaskPlaceOnEventList
                0x0800629c       0x34 ./Middlewares/Third_Party/FreeRTOS/Source/tasks.o
                0x0800629c                vTaskPlaceOnEventList
 .text.xTaskRemoveFromEventList
                0x080062d0       0x84 ./Middlewares/Third_Party/FreeRTOS/Source/tasks.o
                0x080062d0                xTaskRemoveFromEventList
 .text.vTaskInternalSetTimeOutState
                0x08006354       0x18 ./Middlewares/Third_Party/FreeRTOS/Source/tasks.o
                0x08006354                vTaskInternalSetTimeOutState
 .text.xTaskCheckForTimeOut
                0x0800636c       0x78 ./Middlewares/Third_Party/FreeRTOS/Source/tasks.o
                0x0800636c                xTaskCheckForTimeOut
 .text.vTaskMissedYield
                0x080063e4        0xc ./Middlewares/Third_Party/FreeRTOS/Source/tasks.o
                0x080063e4                vTaskMissedYield
 .text.xTaskGetSchedulerState
                0x080063f0       0x20 ./Middlewares/Third_Party/FreeRTOS/Source/tasks.o
                0x080063f0                xTaskGetSchedulerState
 .text.xTaskPriorityInherit
                0x08006410       0x90 ./Middlewares/Third_Party/FreeRTOS/Source/tasks.o
                0x08006410                xTaskPriorityInherit
 .text.xTaskPriorityDisinherit
                0x080064a0       0xa0 ./Middlewares/Third_Party/FreeRTOS/Source/tasks.o
                0x080064a0                xTaskPriorityDisinherit
 .text.vTaskPriorityDisinheritAfterTimeout
                0x08006540       0xac ./Middlewares/Third_Party/FreeRTOS/Source/tasks.o
                0x08006540                vTaskPriorityDisinheritAfterTimeout
 .text.pvTaskIncrementMutexHeldCount
                0x080065ec       0x18 ./Middlewares/Third_Party/FreeRTOS/Source/tasks.o
                0x080065ec                pvTaskIncrementMutexHeldCount
 .text.prvPortStartFirstTask
                0x08006604       0x28 ./Middlewares/Third_Party/FreeRTOS/Source/portable/GCC/ARM_CM4F/port.o
 .text.vPortEnableVFP
                0x0800662c       0x14 ./Middlewares/Third_Party/FreeRTOS/Source/portable/GCC/ARM_CM4F/port.o
 .text.prvTaskExitError
                0x08006640       0x40 ./Middlewares/Third_Party/FreeRTOS/Source/portable/GCC/ARM_CM4F/port.o
 .text.pxPortInitialiseStack
                0x08006680       0x2c ./Middlewares/Third_Party/FreeRTOS/Source/portable/GCC/ARM_CM4F/port.o
                0x08006680                pxPortInitialiseStack
 *fill*         0x080066ac        0x4 
 .text.SVC_Handler
                0x080066b0       0x24 ./Middlewares/Third_Party/FreeRTOS/Source/portable/GCC/ARM_CM4F/port.o
                0x080066b0                SVC_Handler
 .text.vPortEnterCritical
                0x080066d4       0x40 ./Middlewares/Third_Party/FreeRTOS/Source/portable/GCC/ARM_CM4F/port.o
                0x080066d4                vPortEnterCritical
 .text.vPortExitCritical
                0x08006714       0x28 ./Middlewares/Third_Party/FreeRTOS/Source/portable/GCC/ARM_CM4F/port.o
                0x08006714                vPortExitCritical
 *fill*         0x0800673c        0x4 
 .text.PendSV_Handler
                0x08006740       0x64 ./Middlewares/Third_Party/FreeRTOS/Source/portable/GCC/ARM_CM4F/port.o
                0x08006740                PendSV_Handler
 .text.SysTick_Handler
                0x080067a4       0x2c ./Middlewares/Third_Party/FreeRTOS/Source/portable/GCC/ARM_CM4F/port.o
                0x080067a4                SysTick_Handler
 .text.vPortSetupTimerInterrupt
                0x080067d0       0x24 ./Middlewares/Third_Party/FreeRTOS/Source/portable/GCC/ARM_CM4F/port.o
                0x080067d0                vPortSetupTimerInterrupt
 .text.xPortStartScheduler
                0x080067f4      0x104 ./Middlewares/Third_Party/FreeRTOS/Source/portable/GCC/ARM_CM4F/port.o
                0x080067f4                xPortStartScheduler
 .text.vPortValidateInterruptPriority
                0x080068f8       0x5c ./Middlewares/Third_Party/FreeRTOS/Source/portable/GCC/ARM_CM4F/port.o
                0x080068f8                vPortValidateInterruptPriority
 .text.prvInsertBlockIntoFreeList
                0x08006954       0x4c ./Middlewares/Third_Party/FreeRTOS/Source/portable/MemMang/heap_4.o
 .text.pvPortMalloc
                0x080069a0      0x130 ./Middlewares/Third_Party/FreeRTOS/Source/portable/MemMang/heap_4.o
                0x080069a0                pvPortMalloc
 .text.vPortFree
                0x08006ad0       0x7c ./Middlewares/Third_Party/FreeRTOS/Source/portable/MemMang/heap_4.o
                0x08006ad0                vPortFree
 .text.bmi085_delay
                0x08006b4c       0x14 ./Src/bmi085_io.o
 .text.bmi085_bus_write_i2c_2
                0x08006b60       0x30 ./Src/bmi085_io.o
 .text.bmi085_bus_write_i2c_1
                0x08006b90       0x30 ./Src/bmi085_io.o
 .text.bmi085_bus_read_i2c_2
                0x08006bc0       0x30 ./Src/bmi085_io.o
 .text.bmi085_bus_read_i2c_1
                0x08006bf0       0x30 ./Src/bmi085_io.o
 .text.bmi085_init
                0x08006c20      0x168 ./Src/bmi085_io.o
                0x08006c20                bmi085_init
 .text.bmi085_switch_irq
                0x08006d88       0x54 ./Src/bmi085_io.o
                0x08006d88                bmi085_switch_irq
 .text.bmi085_read_acc_irq
                0x08006ddc       0x3c ./Src/bmi085_io.o
                0x08006ddc                bmi085_read_acc_irq
 .text.bmi085_read_gyro_irq
                0x08006e18       0x3c ./Src/bmi085_io.o
                0x08006e18                bmi085_read_gyro_irq
 .text.invSqrt  0x08006e54       0x2c ./Src/magdwick_imu.o
 .text.magdwick_init_params
                0x08006e80       0x20 ./Src/magdwick_imu.o
                0x08006e80                magdwick_init_params
 .text.magdwick_init_quat
                0x08006ea0       0x10 ./Src/magdwick_imu.o
                0x08006ea0                magdwick_init_quat
 .text.magdwick_update_imu
                0x08006eb0      0x1da ./Src/magdwick_imu.o
                0x08006eb0                magdwick_update_imu
 .text.magdwick_init_bias
                0x0800708a       0x1a ./Src/magdwick_imu.o
                0x0800708a                magdwick_init_bias
 .text.magdwick_update_bias
                0x080070a4      0x1aa ./Src/magdwick_imu.o
                0x080070a4                magdwick_update_bias
 *fill*         0x0800724e        0x2 
 .text.func_task_bmi085
                0x08007250      0x488 ./Src/task_bmi085.o
 .text.task_bmi085_init
                0x080076d8       0x58 ./Src/task_bmi085.o
                0x080076d8                task_bmi085_init
 .text.HAL_I2C_MasterTxCpltCallback
                0x08007730       0x48 ./Src/task_bmi085.o
                0x08007730                HAL_I2C_MasterTxCpltCallback
 .text.HAL_I2C_MemRxCpltCallback
                0x08007778       0xb8 ./Src/task_bmi085.o
                0x08007778                HAL_I2C_MemRxCpltCallback
 .text.HAL_I2C_ErrorCallback
                0x08007830        0x2 ./Src/task_bmi085.o
                0x08007830                HAL_I2C_ErrorCallback
 *fill*         0x08007832        0x2 
 .text.get_bmi085_data
                0x08007834       0x30 ./Src/task_bmi085.o
                0x08007834                get_bmi085_data
 .text.task_led_init
                0x08007864        0x2 ./Src/task_led.o
                0x08007864                task_led_init
 *fill*         0x08007866        0x2 
 .text.set_instant_led
                0x08007868       0x28 ./Src/task_led.o
                0x08007868                set_instant_led
 .text.func_task_uart_rx
                0x08007890      0x110 ./Src/task_uart_output.o
 .text.short_to_hex.constprop.0
                0x080079a0       0x48 ./Src/task_uart_output.o
 .text.update_crc8.constprop.0
                0x080079e8       0x3c ./Src/task_uart_output.o
 .text.ubyte_to_hex.constprop.0
                0x08007a24       0x4c ./Src/task_uart_output.o
 .text.func_task_uart_tx
                0x08007a70      0x1bc ./Src/task_uart_output.o
 .text.task_uart_output_init
                0x08007c2c       0x58 ./Src/task_uart_output.o
                0x08007c2c                task_uart_output_init
 .text.HAL_UART_RxCpltCallback
                0x08007c84       0x38 ./Src/task_uart_output.o
                0x08007c84                HAL_UART_RxCpltCallback
 .text.HAL_ADC_ConvCpltCallback
                0x08007cbc       0x28 ./Src/task_uart_output.o
                0x08007cbc                HAL_ADC_ConvCpltCallback
 .text.HAL_PCD_SetupStageCallback
                0x08007ce4        0xc ./USB_DEVICE/Target/usbd_conf.o
                0x08007ce4                HAL_PCD_SetupStageCallback
 .text.HAL_PCD_DataOutStageCallback
                0x08007cf0       0x12 ./USB_DEVICE/Target/usbd_conf.o
                0x08007cf0                HAL_PCD_DataOutStageCallback
 .text.HAL_PCD_DataInStageCallback
                0x08007d02       0x10 ./USB_DEVICE/Target/usbd_conf.o
                0x08007d02                HAL_PCD_DataInStageCallback
 .text.HAL_PCD_SOFCallback
                0x08007d12        0x8 ./USB_DEVICE/Target/usbd_conf.o
                0x08007d12                HAL_PCD_SOFCallback
 .text.HAL_PCD_ResetCallback
                0x08007d1a       0x26 ./USB_DEVICE/Target/usbd_conf.o
                0x08007d1a                HAL_PCD_ResetCallback
 .text.HAL_PCD_SuspendCallback
                0x08007d40       0x30 ./USB_DEVICE/Target/usbd_conf.o
                0x08007d40                HAL_PCD_SuspendCallback
 .text.HAL_PCD_ResumeCallback
                0x08007d70        0x8 ./USB_DEVICE/Target/usbd_conf.o
                0x08007d70                HAL_PCD_ResumeCallback
 .text.HAL_PCD_ISOOUTIncompleteCallback
                0x08007d78        0x8 ./USB_DEVICE/Target/usbd_conf.o
                0x08007d78                HAL_PCD_ISOOUTIncompleteCallback
 .text.HAL_PCD_ISOINIncompleteCallback
                0x08007d80        0x8 ./USB_DEVICE/Target/usbd_conf.o
                0x08007d80                HAL_PCD_ISOINIncompleteCallback
 .text.HAL_PCD_ConnectCallback
                0x08007d88        0x8 ./USB_DEVICE/Target/usbd_conf.o
                0x08007d88                HAL_PCD_ConnectCallback
 .text.HAL_PCD_DisconnectCallback
                0x08007d90        0x8 ./USB_DEVICE/Target/usbd_conf.o
                0x08007d90                HAL_PCD_DisconnectCallback
 .text.USBD_LL_IsStallEP
                0x08007d98       0x24 ./USB_DEVICE/Target/usbd_conf.o
                0x08007d98                USBD_LL_IsStallEP
 .text.USBD_Get_USB_Status
                0x08007dbc        0xc ./USB_DEVICE/Target/usbd_conf.o
                0x08007dbc                USBD_Get_USB_Status
 .text.USBD_LL_OpenEP
                0x08007dc8       0x18 ./USB_DEVICE/Target/usbd_conf.o
                0x08007dc8                USBD_LL_OpenEP
 .text.USBD_LL_StallEP
                0x08007de0       0x12 ./USB_DEVICE/Target/usbd_conf.o
                0x08007de0                USBD_LL_StallEP
 .text.USBD_LL_ClearStallEP
                0x08007df2       0x12 ./USB_DEVICE/Target/usbd_conf.o
                0x08007df2                USBD_LL_ClearStallEP
 .text.USBD_LL_SetUSBAddress
                0x08007e04       0x12 ./USB_DEVICE/Target/usbd_conf.o
                0x08007e04                USBD_LL_SetUSBAddress
 .text.USBD_LL_Transmit
                0x08007e16       0x12 ./USB_DEVICE/Target/usbd_conf.o
                0x08007e16                USBD_LL_Transmit
 .text.USBD_LL_PrepareReceive
                0x08007e28       0x12 ./USB_DEVICE/Target/usbd_conf.o
                0x08007e28                USBD_LL_PrepareReceive
 .text.dev_null_ptr_check
                0x08007e3a       0x1c ./bmi085/bmi08a.o
 .text.set_get_regs
                0x08007e56       0x6c ./bmi085/bmi08a.o
 .text.bmi08a_init
                0x08007ec2       0x50 ./bmi085/bmi08a.o
                0x08007ec2                bmi08a_init
 .text.bmi08a_get_set_regs
                0x08007f12       0x78 ./bmi085/bmi08a.o
                0x08007f12                bmi08a_get_set_regs
 *fill*         0x08007f8a        0x2 
 .text.bmi08a_load_config_file
                0x08007f8c      0x118 ./bmi085/bmi08a.o
                0x08007f8c                bmi08a_load_config_file
 .text.bmi08a_soft_reset
                0x080080a4       0x4e ./bmi085/bmi08a.o
                0x080080a4                bmi08a_soft_reset
 .text.bmi08a_set_meas_conf
                0x080080f2       0x6c ./bmi085/bmi08a.o
                0x080080f2                bmi08a_set_meas_conf
 .text.bmi08a_set_power_mode
                0x0800815e       0x6e ./bmi085/bmi08a.o
                0x0800815e                bmi08a_set_power_mode
 .text.null_ptr_check
                0x080081cc       0x1c ./bmi085/bmi08g.o
 .text.get_regs
                0x080081e8       0x22 ./bmi085/bmi08g.o
 .text.bmi08g_init
                0x0800820a       0x38 ./bmi085/bmi08g.o
                0x0800820a                bmi08g_init
 .text.bmi08g_get_regs
                0x08008242       0x2e ./bmi085/bmi08g.o
                0x08008242                bmi08g_get_regs
 .text.bmi08g_set_regs
                0x08008270       0x9e ./bmi085/bmi08g.o
                0x08008270                bmi08g_set_regs
 .text.bmi08g_soft_reset
                0x0800830e       0x34 ./bmi085/bmi08g.o
                0x0800830e                bmi08g_soft_reset
 .text.bmi08g_set_meas_conf
                0x08008342       0x94 ./bmi085/bmi08g.o
                0x08008342                bmi08g_set_meas_conf
 .text.bmi08g_set_power_mode
                0x080083d6       0x64 ./bmi085/bmi08g.o
                0x080083d6                bmi08g_set_power_mode
 .text.set_range
                0x0800843a       0x5a ./bmi085/bmi08xa.o
 .text.bmi08xa_init
                0x08008494       0x30 ./bmi085/bmi08xa.o
                0x08008494                bmi08xa_init
 .text.bmi08xa_set_meas_conf
                0x080084c4       0x16 ./bmi085/bmi08xa.o
                0x080084c4                bmi08xa_set_meas_conf
 .text.memset   0x080084da       0x10 D:/software/st/STM32CubeIDE_1.15.0/STM32CubeIDE/plugins/com.st.stm32cube.ide.mcu.externaltools.gnu-tools-for-stm32.12.3.rel1.win32_1.0.200.202406191623/tools/bin/../lib/gcc/arm-none-eabi/12.3.1/../../../../arm-none-eabi/lib/thumb/v7e-m+fp/hard\libc_nano.a(libc_a-memset.o)
                0x080084da                memset
 .text.__strtok_r
                0x080084ea       0x50 D:/software/st/STM32CubeIDE_1.15.0/STM32CubeIDE/plugins/com.st.stm32cube.ide.mcu.externaltools.gnu-tools-for-stm32.12.3.rel1.win32_1.0.200.202406191623/tools/bin/../lib/gcc/arm-none-eabi/12.3.1/../../../../arm-none-eabi/lib/thumb/v7e-m+fp/hard\libc_nano.a(libc_a-strtok_r.o)
                0x080084ea                __strtok_r
 .text.strtok_r
                0x0800853a        0x6 D:/software/st/STM32CubeIDE_1.15.0/STM32CubeIDE/plugins/com.st.stm32cube.ide.mcu.externaltools.gnu-tools-for-stm32.12.3.rel1.win32_1.0.200.202406191623/tools/bin/../lib/gcc/arm-none-eabi/12.3.1/../../../../arm-none-eabi/lib/thumb/v7e-m+fp/hard\libc_nano.a(libc_a-strtok_r.o)
                0x0800853a                strtok_r
 .text._reclaim_reent
                0x08008540       0xac D:/software/st/STM32CubeIDE_1.15.0/STM32CubeIDE/plugins/com.st.stm32cube.ide.mcu.externaltools.gnu-tools-for-stm32.12.3.rel1.win32_1.0.200.202406191623/tools/bin/../lib/gcc/arm-none-eabi/12.3.1/../../../../arm-none-eabi/lib/thumb/v7e-m+fp/hard\libc_nano.a(libc_a-reent.o)
                0x08008540                _reclaim_reent
 .text.__libc_init_array
                0x080085ec       0x48 D:/software/st/STM32CubeIDE_1.15.0/STM32CubeIDE/plugins/com.st.stm32cube.ide.mcu.externaltools.gnu-tools-for-stm32.12.3.rel1.win32_1.0.200.202406191623/tools/bin/../lib/gcc/arm-none-eabi/12.3.1/../../../../arm-none-eabi/lib/thumb/v7e-m+fp/hard\libc_nano.a(libc_a-init.o)
                0x080085ec                __libc_init_array
 .text.__retarget_lock_acquire_recursive
                0x08008634        0x2 D:/software/st/STM32CubeIDE_1.15.0/STM32CubeIDE/plugins/com.st.stm32cube.ide.mcu.externaltools.gnu-tools-for-stm32.12.3.rel1.win32_1.0.200.202406191623/tools/bin/../lib/gcc/arm-none-eabi/12.3.1/../../../../arm-none-eabi/lib/thumb/v7e-m+fp/hard\libc_nano.a(libc_a-lock.o)
                0x08008634                __retarget_lock_acquire_recursive
 .text.__retarget_lock_release_recursive
                0x08008636        0x2 D:/software/st/STM32CubeIDE_1.15.0/STM32CubeIDE/plugins/com.st.stm32cube.ide.mcu.externaltools.gnu-tools-for-stm32.12.3.rel1.win32_1.0.200.202406191623/tools/bin/../lib/gcc/arm-none-eabi/12.3.1/../../../../arm-none-eabi/lib/thumb/v7e-m+fp/hard\libc_nano.a(libc_a-lock.o)
                0x08008636                __retarget_lock_release_recursive
 .text.memcpy   0x08008638       0x1c D:/software/st/STM32CubeIDE_1.15.0/STM32CubeIDE/plugins/com.st.stm32cube.ide.mcu.externaltools.gnu-tools-for-stm32.12.3.rel1.win32_1.0.200.202406191623/tools/bin/../lib/gcc/arm-none-eabi/12.3.1/../../../../arm-none-eabi/lib/thumb/v7e-m+fp/hard\libc_nano.a(libc_a-memcpy-stub.o)
                0x08008638                memcpy
 .text._free_r  0x08008654       0x94 D:/software/st/STM32CubeIDE_1.15.0/STM32CubeIDE/plugins/com.st.stm32cube.ide.mcu.externaltools.gnu-tools-for-stm32.12.3.rel1.win32_1.0.200.202406191623/tools/bin/../lib/gcc/arm-none-eabi/12.3.1/../../../../arm-none-eabi/lib/thumb/v7e-m+fp/hard\libc_nano.a(libc_a-freer.o)
                0x08008654                _free_r
 .text.__malloc_lock
                0x080086e8        0xc D:/software/st/STM32CubeIDE_1.15.0/STM32CubeIDE/plugins/com.st.stm32cube.ide.mcu.externaltools.gnu-tools-for-stm32.12.3.rel1.win32_1.0.200.202406191623/tools/bin/../lib/gcc/arm-none-eabi/12.3.1/../../../../arm-none-eabi/lib/thumb/v7e-m+fp/hard\libc_nano.a(libc_a-mlock.o)
                0x080086e8                __malloc_lock
 .text.__malloc_unlock
                0x080086f4        0xc D:/software/st/STM32CubeIDE_1.15.0/STM32CubeIDE/plugins/com.st.stm32cube.ide.mcu.externaltools.gnu-tools-for-stm32.12.3.rel1.win32_1.0.200.202406191623/tools/bin/../lib/gcc/arm-none-eabi/12.3.1/../../../../arm-none-eabi/lib/thumb/v7e-m+fp/hard\libc_nano.a(libc_a-mlock.o)
                0x080086f4                __malloc_unlock
 *(.glue_7)
 .glue_7        0x08008700        0x0 linker stubs
 *(.glue_7t)
 .glue_7t       0x08008700        0x0 linker stubs
 *(.eh_frame)
 .eh_frame      0x08008700        0x0 D:/software/st/STM32CubeIDE_1.15.0/STM32CubeIDE/plugins/com.st.stm32cube.ide.mcu.externaltools.gnu-tools-for-stm32.12.3.rel1.win32_1.0.200.202406191623/tools/bin/../lib/gcc/arm-none-eabi/12.3.1/thumb/v7e-m+fp/hard/crtbegin.o
 *(.init)
 .init          0x08008700        0x4 D:/software/st/STM32CubeIDE_1.15.0/STM32CubeIDE/plugins/com.st.stm32cube.ide.mcu.externaltools.gnu-tools-for-stm32.12.3.rel1.win32_1.0.200.202406191623/tools/bin/../lib/gcc/arm-none-eabi/12.3.1/thumb/v7e-m+fp/hard/crti.o
                0x08008700                _init
 .init          0x08008704        0x8 D:/software/st/STM32CubeIDE_1.15.0/STM32CubeIDE/plugins/com.st.stm32cube.ide.mcu.externaltools.gnu-tools-for-stm32.12.3.rel1.win32_1.0.200.202406191623/tools/bin/../lib/gcc/arm-none-eabi/12.3.1/thumb/v7e-m+fp/hard/crtn.o
 *(.fini)
 .fini          0x0800870c        0x4 D:/software/st/STM32CubeIDE_1.15.0/STM32CubeIDE/plugins/com.st.stm32cube.ide.mcu.externaltools.gnu-tools-for-stm32.12.3.rel1.win32_1.0.200.202406191623/tools/bin/../lib/gcc/arm-none-eabi/12.3.1/thumb/v7e-m+fp/hard/crti.o
                0x0800870c                _fini
 .fini          0x08008710        0x8 D:/software/st/STM32CubeIDE_1.15.0/STM32CubeIDE/plugins/com.st.stm32cube.ide.mcu.externaltools.gnu-tools-for-stm32.12.3.rel1.win32_1.0.200.202406191623/tools/bin/../lib/gcc/arm-none-eabi/12.3.1/thumb/v7e-m+fp/hard/crtn.o
                0x08008718                        . = ALIGN (0x4)
                0x08008718                        _etext = .

.vfp11_veneer   0x08008718        0x0
 .vfp11_veneer  0x08008718        0x0 linker stubs

.v4_bx          0x08008718        0x0
 .v4_bx         0x08008718        0x0 linker stubs

.iplt           0x08008718        0x0
 .iplt          0x08008718        0x0 D:/software/st/STM32CubeIDE_1.15.0/STM32CubeIDE/plugins/com.st.stm32cube.ide.mcu.externaltools.gnu-tools-for-stm32.12.3.rel1.win32_1.0.200.202406191623/tools/bin/../lib/gcc/arm-none-eabi/12.3.1/thumb/v7e-m+fp/hard/crtbegin.o

.rodata         0x08008718     0x1900
                0x08008718                        . = ALIGN (0x4)
 *(.rodata)
 *(.rodata*)
 .rodata.APBPrescTable
                0x08008718        0x8 ./Core/Src/system_stm32f4xx.o
                0x08008718                APBPrescTable
 .rodata.AHBPrescTable
                0x08008720       0x10 ./Core/Src/system_stm32f4xx.o
                0x08008720                AHBPrescTable
 .rodata.vTaskStartScheduler.str1.1
                0x08008730        0x5 ./Middlewares/Third_Party/FreeRTOS/Source/tasks.o
 .rodata.str1.1
                0x08008735        0xc ./Src/task_bmi085.o
 *fill*         0x08008741        0x3 
 .rodata.os_thread_def_task_bmi085
                0x08008744       0x1c ./Src/task_bmi085.o
                0x08008744                os_thread_def_task_bmi085
 .rodata.os_messageQ_def_data_queue
                0x08008760       0x10 ./Src/task_bmi085.o
                0x08008760                os_messageQ_def_data_queue
 .rodata.func_task_uart_rx.str1.1
                0x08008770       0x13 ./Src/task_uart_output.o
 .rodata.short_to_hex.constprop.0.str1.1
                0x08008783       0x11 ./Src/task_uart_output.o
 .rodata.os_messageQ_def_adc_queue
                0x08008794       0x10 ./Src/task_uart_output.o
                0x08008794                os_messageQ_def_adc_queue
 .rodata.os_messageQ_def_rx_queue
                0x080087a4       0x10 ./Src/task_uart_output.o
                0x080087a4                os_messageQ_def_rx_queue
 .rodata.os_messageQ_def_command_queue
                0x080087b4       0x10 ./Src/task_uart_output.o
                0x080087b4                os_messageQ_def_command_queue
 .rodata.str1.1
                0x080087c4       0x1a ./Src/task_uart_output.o
 *fill*         0x080087de        0x2 
 .rodata.os_thread_def_task_uart_tx
                0x080087e0       0x1c ./Src/task_uart_output.o
                0x080087e0                os_thread_def_task_uart_tx
 .rodata.os_thread_def_task_uart_rx
                0x080087fc       0x1c ./Src/task_uart_output.o
                0x080087fc                os_thread_def_task_uart_rx
 .rodata.bmi08x_config_file
                0x08008818     0x1800 ./bmi085/bmi08xa.o
                0x08008818                bmi08x_config_file
                0x0800a018                        . = ALIGN (0x4)

.ARM.extab      0x0800a018        0x0
                0x0800a018                        . = ALIGN (0x4)
 *(.ARM.extab* .gnu.linkonce.armextab.*)
                0x0800a018                        . = ALIGN (0x4)

.ARM            0x0800a018        0x8
                0x0800a018                        . = ALIGN (0x4)
                0x0800a018                        __exidx_start = .
 *(.ARM.exidx*)
 .ARM.exidx     0x0800a018        0x8 D:/software/st/STM32CubeIDE_1.15.0/STM32CubeIDE/plugins/com.st.stm32cube.ide.mcu.externaltools.gnu-tools-for-stm32.12.3.rel1.win32_1.0.200.202406191623/tools/bin/../lib/gcc/arm-none-eabi/12.3.1/../../../../arm-none-eabi/lib/thumb/v7e-m+fp/hard\libc_nano.a(libc_a-strcmp.o)
 .ARM.exidx     0x0800a020        0x0 D:/software/st/STM32CubeIDE_1.15.0/STM32CubeIDE/plugins/com.st.stm32cube.ide.mcu.externaltools.gnu-tools-for-stm32.12.3.rel1.win32_1.0.200.202406191623/tools/bin/../lib/gcc/arm-none-eabi/12.3.1/thumb/v7e-m+fp/hard\libgcc.a(_udivmoddi4.o)
                                  0x8 (size before relaxing)
                0x0800a020                        __exidx_end = .
                0x0800a020                        . = ALIGN (0x4)

.preinit_array  0x0800a020        0x0
                0x0800a020                        . = ALIGN (0x4)
                0x0800a020                        PROVIDE (__preinit_array_start = .)
 *(.preinit_array*)
                0x0800a020                        PROVIDE (__preinit_array_end = .)
                0x0800a020                        . = ALIGN (0x4)

.init_array     0x0800a020        0x4
                0x0800a020                        . = ALIGN (0x4)
                0x0800a020                        PROVIDE (__init_array_start = .)
 *(SORT_BY_NAME(.init_array.*))
 *(.init_array*)
 .init_array    0x0800a020        0x4 D:/software/st/STM32CubeIDE_1.15.0/STM32CubeIDE/plugins/com.st.stm32cube.ide.mcu.externaltools.gnu-tools-for-stm32.12.3.rel1.win32_1.0.200.202406191623/tools/bin/../lib/gcc/arm-none-eabi/12.3.1/thumb/v7e-m+fp/hard/crtbegin.o
                0x0800a024                        PROVIDE (__init_array_end = .)
                0x0800a024                        . = ALIGN (0x4)

.fini_array     0x0800a024        0x4
                0x0800a024                        . = ALIGN (0x4)
                [!provide]                        PROVIDE (__fini_array_start = .)
 *(SORT_BY_NAME(.fini_array.*))
 *(.fini_array*)
 .fini_array    0x0800a024        0x4 D:/software/st/STM32CubeIDE_1.15.0/STM32CubeIDE/plugins/com.st.stm32cube.ide.mcu.externaltools.gnu-tools-for-stm32.12.3.rel1.win32_1.0.200.202406191623/tools/bin/../lib/gcc/arm-none-eabi/12.3.1/thumb/v7e-m+fp/hard/crtbegin.o
                [!provide]                        PROVIDE (__fini_array_end = .)
                0x0800a028                        . = ALIGN (0x4)
                0x0800a028                        _sidata = LOADADDR (.data)

.rel.dyn        0x0800a028        0x0
 .rel.iplt      0x0800a028        0x0 D:/software/st/STM32CubeIDE_1.15.0/STM32CubeIDE/plugins/com.st.stm32cube.ide.mcu.externaltools.gnu-tools-for-stm32.12.3.rel1.win32_1.0.200.202406191623/tools/bin/../lib/gcc/arm-none-eabi/12.3.1/thumb/v7e-m+fp/hard/crtbegin.o

.data           0x20000000       0x60 load address 0x0800a028
                0x20000000                        . = ALIGN (0x4)
                0x20000000                        _sdata = .
 *(.data)
 *(.data*)
 .data.SystemCoreClock
                0x20000000        0x4 ./Core/Src/system_stm32f4xx.o
                0x20000000                SystemCoreClock
 .data.uwTickFreq
                0x20000004        0x1 ./Drivers/STM32F4xx_HAL_Driver/Src/stm32f4xx_hal.o
                0x20000004                uwTickFreq
 *fill*         0x20000005        0x3 
 .data.uwTickPrio
                0x20000008        0x4 ./Drivers/STM32F4xx_HAL_Driver/Src/stm32f4xx_hal.o
                0x20000008                uwTickPrio
 .data.uxCriticalNesting
                0x2000000c        0x4 ./Middlewares/Third_Party/FreeRTOS/Source/portable/GCC/ARM_CM4F/port.o
 .data._impure_ptr
                0x20000010        0x4 D:/software/st/STM32CubeIDE_1.15.0/STM32CubeIDE/plugins/com.st.stm32cube.ide.mcu.externaltools.gnu-tools-for-stm32.12.3.rel1.win32_1.0.200.202406191623/tools/bin/../lib/gcc/arm-none-eabi/12.3.1/../../../../arm-none-eabi/lib/thumb/v7e-m+fp/hard\libc_nano.a(libc_a-impure.o)
                0x20000010                _impure_ptr
 .data._impure_data
                0x20000014       0x4c D:/software/st/STM32CubeIDE_1.15.0/STM32CubeIDE/plugins/com.st.stm32cube.ide.mcu.externaltools.gnu-tools-for-stm32.12.3.rel1.win32_1.0.200.202406191623/tools/bin/../lib/gcc/arm-none-eabi/12.3.1/../../../../arm-none-eabi/lib/thumb/v7e-m+fp/hard\libc_nano.a(libc_a-impure.o)
                0x20000014                _impure_data
 *(.RamFunc)
 *(.RamFunc*)
                0x20000060                        . = ALIGN (0x4)
                0x20000060                        _edata = .
                0x0800a088                        _siccmram = LOADADDR (.ccmram)

.igot.plt       0x20000060        0x0 load address 0x0800a088
 .igot.plt      0x20000060        0x0 D:/software/st/STM32CubeIDE_1.15.0/STM32CubeIDE/plugins/com.st.stm32cube.ide.mcu.externaltools.gnu-tools-for-stm32.12.3.rel1.win32_1.0.200.202406191623/tools/bin/../lib/gcc/arm-none-eabi/12.3.1/thumb/v7e-m+fp/hard/crtbegin.o

.ccmram         0x10000000        0x0 load address 0x0800a088
                0x10000000                        . = ALIGN (0x4)
                0x10000000                        _sccmram = .
 *(.ccmram)
 *(.ccmram*)
                0x10000000                        . = ALIGN (0x4)
                0x10000000                        _eccmram = .
                0x10000000                        . = ALIGN (0x4)

.bss            0x20000060     0x5428
                0x20000060                        _sbss = .
                0x20000060                        __bss_start__ = _sbss
 *(.bss)
 .bss           0x20000060       0x1c D:/software/st/STM32CubeIDE_1.15.0/STM32CubeIDE/plugins/com.st.stm32cube.ide.mcu.externaltools.gnu-tools-for-stm32.12.3.rel1.win32_1.0.200.202406191623/tools/bin/../lib/gcc/arm-none-eabi/12.3.1/thumb/v7e-m+fp/hard/crtbegin.o
 *(.bss*)
 .bss.xIdleStack
                0x2000007c      0x200 ./Core/Src/freertos.o
 .bss.xIdleTaskTCBBuffer
                0x2000027c       0xa0 ./Core/Src/freertos.o
 .bss.huart2    0x2000031c       0x48 ./Core/Src/main.o
                0x2000031c                huart2
 .bss.huart1    0x20000364       0x48 ./Core/Src/main.o
                0x20000364                huart1
 .bss.hi2c2     0x200003ac       0x54 ./Core/Src/main.o
                0x200003ac                hi2c2
 .bss.hi2c1     0x20000400       0x54 ./Core/Src/main.o
                0x20000400                hi2c1
 .bss.hadc1     0x20000454       0x48 ./Core/Src/main.o
                0x20000454                hadc1
 .bss.htim1     0x2000049c       0x48 ./Core/Src/stm32f4xx_hal_timebase_tim.o
                0x2000049c                htim1
 .bss.uwTick    0x200004e4        0x4 ./Drivers/STM32F4xx_HAL_Driver/Src/stm32f4xx_hal.o
                0x200004e4                uwTick
 .bss.cfgidx.0  0x200004e8        0x1 ./Middlewares/ST/STM32_USB_Device_Library/Core/Src/usbd_ctlreq.o
 *fill*         0x200004e9        0x3 
 .bss.uxSchedulerSuspended
                0x200004ec        0x4 ./Middlewares/Third_Party/FreeRTOS/Source/tasks.o
 .bss.xNextTaskUnblockTime
                0x200004f0        0x4 ./Middlewares/Third_Party/FreeRTOS/Source/tasks.o
 .bss.uxTaskNumber
                0x200004f4        0x4 ./Middlewares/Third_Party/FreeRTOS/Source/tasks.o
 .bss.xNumOfOverflows
                0x200004f8        0x4 ./Middlewares/Third_Party/FreeRTOS/Source/tasks.o
 .bss.xYieldPending
                0x200004fc        0x4 ./Middlewares/Third_Party/FreeRTOS/Source/tasks.o
 .bss.xPendedTicks
                0x20000500        0x4 ./Middlewares/Third_Party/FreeRTOS/Source/tasks.o
 .bss.xSchedulerRunning
                0x20000504        0x4 ./Middlewares/Third_Party/FreeRTOS/Source/tasks.o
 .bss.uxTopReadyPriority
                0x20000508        0x4 ./Middlewares/Third_Party/FreeRTOS/Source/tasks.o
 .bss.xTickCount
                0x2000050c        0x4 ./Middlewares/Third_Party/FreeRTOS/Source/tasks.o
 .bss.uxCurrentNumberOfTasks
                0x20000510        0x4 ./Middlewares/Third_Party/FreeRTOS/Source/tasks.o
 .bss.xSuspendedTaskList
                0x20000514       0x14 ./Middlewares/Third_Party/FreeRTOS/Source/tasks.o
 .bss.uxDeletedTasksWaitingCleanUp
                0x20000528        0x4 ./Middlewares/Third_Party/FreeRTOS/Source/tasks.o
 .bss.xTasksWaitingTermination
                0x2000052c       0x14 ./Middlewares/Third_Party/FreeRTOS/Source/tasks.o
 .bss.xPendingReadyList
                0x20000540       0x14 ./Middlewares/Third_Party/FreeRTOS/Source/tasks.o
 .bss.pxOverflowDelayedTaskList
                0x20000554        0x4 ./Middlewares/Third_Party/FreeRTOS/Source/tasks.o
 .bss.pxDelayedTaskList
                0x20000558        0x4 ./Middlewares/Third_Party/FreeRTOS/Source/tasks.o
 .bss.xDelayedTaskList2
                0x2000055c       0x14 ./Middlewares/Third_Party/FreeRTOS/Source/tasks.o
 .bss.xDelayedTaskList1
                0x20000570       0x14 ./Middlewares/Third_Party/FreeRTOS/Source/tasks.o
 .bss.pxReadyTasksLists
                0x20000584       0x50 ./Middlewares/Third_Party/FreeRTOS/Source/tasks.o
 .bss.pxCurrentTCB
                0x200005d4        0x4 ./Middlewares/Third_Party/FreeRTOS/Source/tasks.o
                0x200005d4                pxCurrentTCB
 .bss.ulMaxPRIGROUPValue
                0x200005d8        0x4 ./Middlewares/Third_Party/FreeRTOS/Source/portable/GCC/ARM_CM4F/port.o
 .bss.ucMaxSysCallPriority
                0x200005dc        0x1 ./Middlewares/Third_Party/FreeRTOS/Source/portable/GCC/ARM_CM4F/port.o
 *fill*         0x200005dd        0x3 
 .bss.xBlockAllocatedBit
                0x200005e0        0x4 ./Middlewares/Third_Party/FreeRTOS/Source/portable/MemMang/heap_4.o
 .bss.xNumberOfSuccessfulFrees
                0x200005e4        0x4 ./Middlewares/Third_Party/FreeRTOS/Source/portable/MemMang/heap_4.o
 .bss.xNumberOfSuccessfulAllocations
                0x200005e8        0x4 ./Middlewares/Third_Party/FreeRTOS/Source/portable/MemMang/heap_4.o
 .bss.xMinimumEverFreeBytesRemaining
                0x200005ec        0x4 ./Middlewares/Third_Party/FreeRTOS/Source/portable/MemMang/heap_4.o
 .bss.xFreeBytesRemaining
                0x200005f0        0x4 ./Middlewares/Third_Party/FreeRTOS/Source/portable/MemMang/heap_4.o
 .bss.pxEnd     0x200005f4        0x4 ./Middlewares/Third_Party/FreeRTOS/Source/portable/MemMang/heap_4.o
 .bss.xStart    0x200005f8        0x8 ./Middlewares/Third_Party/FreeRTOS/Source/portable/MemMang/heap_4.o
 .bss.ucHeap    0x20000600     0x3c00 ./Middlewares/Third_Party/FreeRTOS/Source/portable/MemMang/heap_4.o
 .bss.data_2.0  0x20004200        0x1 ./Src/bmi085_io.o
 .bss.data_1.1  0x20004201        0x1 ./Src/bmi085_io.o
 .bss.index.0   0x20004202        0x1 ./Src/task_bmi085.o
 .bss.total_qty.1
                0x20004203        0x1 ./Src/task_bmi085.o
 .bss.data_queue_id
                0x20004204        0x4 ./Src/task_bmi085.o
                0x20004204                data_queue_id
 .bss.mutexId   0x20004208        0x4 ./Src/task_bmi085.o
 .bss.mutex     0x2000420c        0x8 ./Src/task_bmi085.o
 .bss.imu_data_16
                0x20004214      0x104 ./Src/task_bmi085.o
 .bss.all_imus  0x20004318      0x92c ./Src/task_bmi085.o
 .bss.buffer.0  0x20004c44        0x8 ./Src/task_uart_output.o
 .bss.imu_data.1
                0x20004c4c      0x104 ./Src/task_uart_output.o
 .bss.adc_value.2
                0x20004d50        0x4 ./Src/task_uart_output.o
 .bss.buffer.3  0x20004d54      0x100 ./Src/task_uart_output.o
 .bss.global_c  0x20004e54        0x1 ./Src/task_uart_output.o
 *fill*         0x20004e55        0x3 
 .bss.adc_queue_id
                0x20004e58        0x4 ./Src/task_uart_output.o
                0x20004e58                adc_queue_id
 .bss.rx_queue_id
                0x20004e5c        0x4 ./Src/task_uart_output.o
                0x20004e5c                rx_queue_id
 .bss.command_queue_id
                0x20004e60        0x4 ./Src/task_uart_output.o
                0x20004e60                command_queue_id
 .bss.hpcd_USB_OTG_HS
                0x20004e64      0x4e4 ./USB_DEVICE/Target/usbd_conf.o
                0x20004e64                hpcd_USB_OTG_HS
 .bss.__sf      0x20005348      0x138 D:/software/st/STM32CubeIDE_1.15.0/STM32CubeIDE/plugins/com.st.stm32cube.ide.mcu.externaltools.gnu-tools-for-stm32.12.3.rel1.win32_1.0.200.202406191623/tools/bin/../lib/gcc/arm-none-eabi/12.3.1/../../../../arm-none-eabi/lib/thumb/v7e-m+fp/hard\libc_nano.a(libc_a-findfp.o)
                0x20005348                __sf
 .bss.__lock___malloc_recursive_mutex
                0x20005480        0x1 D:/software/st/STM32CubeIDE_1.15.0/STM32CubeIDE/plugins/com.st.stm32cube.ide.mcu.externaltools.gnu-tools-for-stm32.12.3.rel1.win32_1.0.200.202406191623/tools/bin/../lib/gcc/arm-none-eabi/12.3.1/../../../../arm-none-eabi/lib/thumb/v7e-m+fp/hard\libc_nano.a(libc_a-lock.o)
                0x20005480                __lock___malloc_recursive_mutex
 *fill*         0x20005481        0x3 
 .bss.__malloc_free_list
                0x20005484        0x4 D:/software/st/STM32CubeIDE_1.15.0/STM32CubeIDE/plugins/com.st.stm32cube.ide.mcu.externaltools.gnu-tools-for-stm32.12.3.rel1.win32_1.0.200.202406191623/tools/bin/../lib/gcc/arm-none-eabi/12.3.1/../../../../arm-none-eabi/lib/thumb/v7e-m+fp/hard\libc_nano.a(libc_a-mallocr.o)
                0x20005484                __malloc_free_list
 *(COMMON)
                0x20005488                        . = ALIGN (0x4)
                0x20005488                        _ebss = .
                0x20005488                        __bss_end__ = _ebss

._user_heap_stack
                0x20005488      0x600
                0x20005488                        . = ALIGN (0x8)
                [!provide]                        PROVIDE (end = .)
                0x20005488                        PROVIDE (_end = .)
                0x20005688                        . = (. + _Min_Heap_Size)
 *fill*         0x20005488      0x200 
                0x20005a88                        . = (. + _Min_Stack_Size)
 *fill*         0x20005688      0x400 
                0x20005a88                        . = ALIGN (0x8)

/DISCARD/
 libc.a(*)
 libm.a(*)
 libgcc.a(*)

.ARM.attributes
                0x00000000       0x30
 *(.ARM.attributes)
 .ARM.attributes
                0x00000000       0x22 D:/software/st/STM32CubeIDE_1.15.0/STM32CubeIDE/plugins/com.st.stm32cube.ide.mcu.externaltools.gnu-tools-for-stm32.12.3.rel1.win32_1.0.200.202406191623/tools/bin/../lib/gcc/arm-none-eabi/12.3.1/thumb/v7e-m+fp/hard/crti.o
 .ARM.attributes
                0x00000022       0x34 D:/software/st/STM32CubeIDE_1.15.0/STM32CubeIDE/plugins/com.st.stm32cube.ide.mcu.externaltools.gnu-tools-for-stm32.12.3.rel1.win32_1.0.200.202406191623/tools/bin/../lib/gcc/arm-none-eabi/12.3.1/thumb/v7e-m+fp/hard/crtbegin.o
 .ARM.attributes
                0x00000056       0x34 ./Core/Src/freertos.o
 .ARM.attributes
                0x0000008a       0x34 ./Core/Src/main.o
 .ARM.attributes
                0x000000be       0x34 ./Core/Src/stm32f4xx_hal_msp.o
 .ARM.attributes
                0x000000f2       0x34 ./Core/Src/stm32f4xx_hal_timebase_tim.o
 .ARM.attributes
                0x00000126       0x34 ./Core/Src/stm32f4xx_it.o
 .ARM.attributes
                0x0000015a       0x34 ./Core/Src/system_stm32f4xx.o
 .ARM.attributes
                0x0000018e       0x21 ./Core/Startup/startup_stm32f405rgtx.o
 .ARM.attributes
                0x000001af       0x34 ./Drivers/STM32F4xx_HAL_Driver/Src/stm32f4xx_hal.o
 .ARM.attributes
                0x000001e3       0x34 ./Drivers/STM32F4xx_HAL_Driver/Src/stm32f4xx_hal_adc.o
 .ARM.attributes
                0x00000217       0x34 ./Drivers/STM32F4xx_HAL_Driver/Src/stm32f4xx_hal_adc_ex.o
 .ARM.attributes
                0x0000024b       0x34 ./Drivers/STM32F4xx_HAL_Driver/Src/stm32f4xx_hal_cortex.o
 .ARM.attributes
                0x0000027f       0x34 ./Drivers/STM32F4xx_HAL_Driver/Src/stm32f4xx_hal_dma.o
 .ARM.attributes
                0x000002b3       0x34 ./Drivers/STM32F4xx_HAL_Driver/Src/stm32f4xx_hal_gpio.o
 .ARM.attributes
                0x000002e7       0x34 ./Drivers/STM32F4xx_HAL_Driver/Src/stm32f4xx_hal_i2c.o
 .ARM.attributes
                0x0000031b       0x34 ./Drivers/STM32F4xx_HAL_Driver/Src/stm32f4xx_hal_pcd.o
 .ARM.attributes
                0x0000034f       0x34 ./Drivers/STM32F4xx_HAL_Driver/Src/stm32f4xx_hal_pcd_ex.o
 .ARM.attributes
                0x00000383       0x34 ./Drivers/STM32F4xx_HAL_Driver/Src/stm32f4xx_hal_rcc.o
 .ARM.attributes
                0x000003b7       0x34 ./Drivers/STM32F4xx_HAL_Driver/Src/stm32f4xx_hal_tim.o
 .ARM.attributes
                0x000003eb       0x34 ./Drivers/STM32F4xx_HAL_Driver/Src/stm32f4xx_hal_tim_ex.o
 .ARM.attributes
                0x0000041f       0x34 ./Drivers/STM32F4xx_HAL_Driver/Src/stm32f4xx_hal_uart.o
 .ARM.attributes
                0x00000453       0x34 ./Drivers/STM32F4xx_HAL_Driver/Src/stm32f4xx_ll_usb.o
 .ARM.attributes
                0x00000487       0x34 ./Middlewares/ST/STM32_USB_Device_Library/Core/Src/usbd_core.o
 .ARM.attributes
                0x000004bb       0x34 ./Middlewares/ST/STM32_USB_Device_Library/Core/Src/usbd_ctlreq.o
 .ARM.attributes
                0x000004ef       0x34 ./Middlewares/ST/STM32_USB_Device_Library/Core/Src/usbd_ioreq.o
 .ARM.attributes
                0x00000523       0x34 ./Middlewares/Third_Party/FreeRTOS/Source/CMSIS_RTOS/cmsis_os.o
 .ARM.attributes
                0x00000557       0x34 ./Middlewares/Third_Party/FreeRTOS/Source/list.o
 .ARM.attributes
                0x0000058b       0x34 ./Middlewares/Third_Party/FreeRTOS/Source/queue.o
 .ARM.attributes
                0x000005bf       0x34 ./Middlewares/Third_Party/FreeRTOS/Source/tasks.o
 .ARM.attributes
                0x000005f3       0x34 ./Middlewares/Third_Party/FreeRTOS/Source/portable/GCC/ARM_CM4F/port.o
 .ARM.attributes
                0x00000627       0x34 ./Middlewares/Third_Party/FreeRTOS/Source/portable/MemMang/heap_4.o
 .ARM.attributes
                0x0000065b       0x34 ./Src/bmi085_io.o
 .ARM.attributes
                0x0000068f       0x34 ./Src/magdwick_imu.o
 .ARM.attributes
                0x000006c3       0x34 ./Src/task_bmi085.o
 .ARM.attributes
                0x000006f7       0x34 ./Src/task_led.o
 .ARM.attributes
                0x0000072b       0x34 ./Src/task_uart_output.o
 .ARM.attributes
                0x0000075f       0x34 ./USB_DEVICE/Target/usbd_conf.o
 .ARM.attributes
                0x00000793       0x34 ./bmi085/bmi08a.o
 .ARM.attributes
                0x000007c7       0x34 ./bmi085/bmi08g.o
 .ARM.attributes
                0x000007fb       0x34 ./bmi085/bmi08xa.o
 .ARM.attributes
                0x0000082f       0x34 D:/software/st/STM32CubeIDE_1.15.0/STM32CubeIDE/plugins/com.st.stm32cube.ide.mcu.externaltools.gnu-tools-for-stm32.12.3.rel1.win32_1.0.200.202406191623/tools/bin/../lib/gcc/arm-none-eabi/12.3.1/../../../../arm-none-eabi/lib/thumb/v7e-m+fp/hard\libc_nano.a(libc_a-findfp.o)
 .ARM.attributes
                0x00000863       0x34 D:/software/st/STM32CubeIDE_1.15.0/STM32CubeIDE/plugins/com.st.stm32cube.ide.mcu.externaltools.gnu-tools-for-stm32.12.3.rel1.win32_1.0.200.202406191623/tools/bin/../lib/gcc/arm-none-eabi/12.3.1/../../../../arm-none-eabi/lib/thumb/v7e-m+fp/hard\libc_nano.a(libc_a-memset.o)
 .ARM.attributes
                0x00000897       0x34 D:/software/st/STM32CubeIDE_1.15.0/STM32CubeIDE/plugins/com.st.stm32cube.ide.mcu.externaltools.gnu-tools-for-stm32.12.3.rel1.win32_1.0.200.202406191623/tools/bin/../lib/gcc/arm-none-eabi/12.3.1/../../../../arm-none-eabi/lib/thumb/v7e-m+fp/hard\libc_nano.a(libc_a-strtok_r.o)
 .ARM.attributes
                0x000008cb       0x34 D:/software/st/STM32CubeIDE_1.15.0/STM32CubeIDE/plugins/com.st.stm32cube.ide.mcu.externaltools.gnu-tools-for-stm32.12.3.rel1.win32_1.0.200.202406191623/tools/bin/../lib/gcc/arm-none-eabi/12.3.1/../../../../arm-none-eabi/lib/thumb/v7e-m+fp/hard\libc_nano.a(libc_a-reent.o)
 .ARM.attributes
                0x000008ff       0x34 D:/software/st/STM32CubeIDE_1.15.0/STM32CubeIDE/plugins/com.st.stm32cube.ide.mcu.externaltools.gnu-tools-for-stm32.12.3.rel1.win32_1.0.200.202406191623/tools/bin/../lib/gcc/arm-none-eabi/12.3.1/../../../../arm-none-eabi/lib/thumb/v7e-m+fp/hard\libc_nano.a(libc_a-impure.o)
 .ARM.attributes
                0x00000933       0x34 D:/software/st/STM32CubeIDE_1.15.0/STM32CubeIDE/plugins/com.st.stm32cube.ide.mcu.externaltools.gnu-tools-for-stm32.12.3.rel1.win32_1.0.200.202406191623/tools/bin/../lib/gcc/arm-none-eabi/12.3.1/../../../../arm-none-eabi/lib/thumb/v7e-m+fp/hard\libc_nano.a(libc_a-init.o)
 .ARM.attributes
                0x00000967       0x34 D:/software/st/STM32CubeIDE_1.15.0/STM32CubeIDE/plugins/com.st.stm32cube.ide.mcu.externaltools.gnu-tools-for-stm32.12.3.rel1.win32_1.0.200.202406191623/tools/bin/../lib/gcc/arm-none-eabi/12.3.1/../../../../arm-none-eabi/lib/thumb/v7e-m+fp/hard\libc_nano.a(libc_a-lock.o)
 .ARM.attributes
                0x0000099b       0x20 D:/software/st/STM32CubeIDE_1.15.0/STM32CubeIDE/plugins/com.st.stm32cube.ide.mcu.externaltools.gnu-tools-for-stm32.12.3.rel1.win32_1.0.200.202406191623/tools/bin/../lib/gcc/arm-none-eabi/12.3.1/../../../../arm-none-eabi/lib/thumb/v7e-m+fp/hard\libc_nano.a(libc_a-strcmp.o)
 .ARM.attributes