Archive member included to satisfy reference by file (symbol)

D:/software/st/STM32CubeIDE_1.15.0/STM32CubeIDE/plugins/com.st.stm32cube.ide.mcu.externaltools.gnu-tools-for-stm32.12.3.rel1.win32_1.0.200.202406191623/tools/bin/../lib/gcc/arm-none-eabi/12.3.1/../../../../arm-none-eabi/lib/thumb/v7e-m+fp/hard\libc_nano.a(libc_a-exit.o)
                              D:/software/st/STM32CubeIDE_1.15.0/STM32CubeIDE/plugins/com.st.stm32cube.ide.mcu.externaltools.gnu-tools-for-stm32.12.3.rel1.win32_1.0.200.202406191623/tools/bin/../lib/gcc/arm-none-eabi/12.3.1/../../../../arm-none-eabi/lib/thumb/v7e-m+fp/hard/crt0.o (exit)
D:/software/st/STM32CubeIDE_1.15.0/STM32CubeIDE/plugins/com.st.stm32cube.ide.mcu.externaltools.gnu-tools-for-stm32.12.3.rel1.win32_1.0.200.202406191623/tools/bin/../lib/gcc/arm-none-eabi/12.3.1/../../../../arm-none-eabi/lib/thumb/v7e-m+fp/hard\libc_nano.a(libc_a-findfp.o)
                              ./Middlewares/Third_Party/FreeRTOS/Source/tasks.o (__sf)
D:/software/st/STM32CubeIDE_1.15.0/STM32CubeIDE/plugins/com.st.stm32cube.ide.mcu.externaltools.gnu-tools-for-stm32.12.3.rel1.win32_1.0.200.202406191623/tools/bin/../lib/gcc/arm-none-eabi/12.3.1/../../../../arm-none-eabi/lib/thumb/v7e-m+fp/hard\libc_nano.a(libc_a-fwalk.o)
                              D:/software/st/STM32CubeIDE_1.15.0/STM32CubeIDE/plugins/com.st.stm32cube.ide.mcu.externaltools.gnu-tools-for-stm32.12.3.rel1.win32_1.0.200.202406191623/tools/bin/../lib/gcc/arm-none-eabi/12.3.1/../../../../arm-none-eabi/lib/thumb/v7e-m+fp/hard\libc_nano.a(libc_a-findfp.o) (_fwalk_sglue)
D:/software/st/STM32CubeIDE_1.15.0/STM32CubeIDE/plugins/com.st.stm32cube.ide.mcu.externaltools.gnu-tools-for-stm32.12.3.rel1.win32_1.0.200.202406191623/tools/bin/../lib/gcc/arm-none-eabi/12.3.1/../../../../arm-none-eabi/lib/thumb/v7e-m+fp/hard\libc_nano.a(libc_a-stdio.o)
                              D:/software/st/STM32CubeIDE_1.15.0/STM32CubeIDE/plugins/com.st.stm32cube.ide.mcu.externaltools.gnu-tools-for-stm32.12.3.rel1.win32_1.0.200.202406191623/tools/bin/../lib/gcc/arm-none-eabi/12.3.1/../../../../arm-none-eabi/lib/thumb/v7e-m+fp/hard\libc_nano.a(libc_a-findfp.o) (__sread)
D:/software/st/STM32CubeIDE_1.15.0/STM32CubeIDE/plugins/com.st.stm32cube.ide.mcu.externaltools.gnu-tools-for-stm32.12.3.rel1.win32_1.0.200.202406191623/tools/bin/../lib/gcc/arm-none-eabi/12.3.1/../../../../arm-none-eabi/lib/thumb/v7e-m+fp/hard\libc_nano.a(libc_a-memset.o)
                              D:/software/st/STM32CubeIDE_1.15.0/STM32CubeIDE/plugins/com.st.stm32cube.ide.mcu.externaltools.gnu-tools-for-stm32.12.3.rel1.win32_1.0.200.202406191623/tools/bin/../lib/gcc/arm-none-eabi/12.3.1/../../../../arm-none-eabi/lib/thumb/v7e-m+fp/hard/crt0.o (memset)
D:/software/st/STM32CubeIDE_1.15.0/STM32CubeIDE/plugins/com.st.stm32cube.ide.mcu.externaltools.gnu-tools-for-stm32.12.3.rel1.win32_1.0.200.202406191623/tools/bin/../lib/gcc/arm-none-eabi/12.3.1/../../../../arm-none-eabi/lib/thumb/v7e-m+fp/hard\libc_nano.a(libc_a-strtok_r.o)
                              ./Src/task_uart_output.o (strtok_r)
D:/software/st/STM32CubeIDE_1.15.0/STM32CubeIDE/plugins/com.st.stm32cube.ide.mcu.externaltools.gnu-tools-for-stm32.12.3.rel1.win32_1.0.200.202406191623/tools/bin/../lib/gcc/arm-none-eabi/12.3.1/../../../../arm-none-eabi/lib/thumb/v7e-m+fp/hard\libc_nano.a(libc_a-closer.o)
                              D:/software/st/STM32CubeIDE_1.15.0/STM32CubeIDE/plugins/com.st.stm32cube.ide.mcu.externaltools.gnu-tools-for-stm32.12.3.rel1.win32_1.0.200.202406191623/tools/bin/../lib/gcc/arm-none-eabi/12.3.1/../../../../arm-none-eabi/lib/thumb/v7e-m+fp/hard\libc_nano.a(libc_a-stdio.o) (_close_r)
D:/software/st/STM32CubeIDE_1.15.0/STM32CubeIDE/plugins/com.st.stm32cube.ide.mcu.externaltools.gnu-tools-for-stm32.12.3.rel1.win32_1.0.200.202406191623/tools/bin/../lib/gcc/arm-none-eabi/12.3.1/../../../../arm-none-eabi/lib/thumb/v7e-m+fp/hard\libc_nano.a(libc_a-reent.o)
                              ./Middlewares/Third_Party/FreeRTOS/Source/tasks.o (_reclaim_reent)
D:/software/st/STM32CubeIDE_1.15.0/STM32CubeIDE/plugins/com.st.stm32cube.ide.mcu.externaltools.gnu-tools-for-stm32.12.3.rel1.win32_1.0.200.202406191623/tools/bin/../lib/gcc/arm-none-eabi/12.3.1/../../../../arm-none-eabi/lib/thumb/v7e-m+fp/hard\libc_nano.a(libc_a-impure.o)
                              ./Middlewares/Third_Party/FreeRTOS/Source/tasks.o (_impure_ptr)
D:/software/st/STM32CubeIDE_1.15.0/STM32CubeIDE/plugins/com.st.stm32cube.ide.mcu.externaltools.gnu-tools-for-stm32.12.3.rel1.win32_1.0.200.202406191623/tools/bin/../lib/gcc/arm-none-eabi/12.3.1/../../../../arm-none-eabi/lib/thumb/v7e-m+fp/hard\libc_nano.a(libc_a-lseekr.o)
                              D:/software/st/STM32CubeIDE_1.15.0/STM32CubeIDE/plugins/com.st.stm32cube.ide.mcu.externaltools.gnu-tools-for-stm32.12.3.rel1.win32_1.0.200.202406191623/tools/bin/../lib/gcc/arm-none-eabi/12.3.1/../../../../arm-none-eabi/lib/thumb/v7e-m+fp/hard\libc_nano.a(libc_a-stdio.o) (_lseek_r)
[...]
Memory Configuration

Name             Origin             Length             Attributes
CCMRAM           0x10000000         0x00010000         xrw
RAM              0x20000000         0x00020000         xrw
FLASH            0x08000000         0x00100000         xr
*default*        0x00000000         0xffffffff

Linker script and memory map

LOAD D:/software/st/STM32CubeIDE_1.15.0/STM32CubeIDE/plugins/com.st.stm32cube.ide.mcu.externaltools.gnu-tools-for-stm32.12.3.rel1.win32_1.0.200.202406191623/tools/bin/../lib/gcc/arm-none-eabi/12.3.1/thumb/v7e-m+fp/hard/crti.o
LOAD D:/software/st/STM32CubeIDE_1.15.0/STM32CubeIDE/plugins/com.st.stm32cube.ide.mcu.externaltools.gnu-tools-for-stm32.12.3.rel1.win32_1.0.200.202406191623/tools/bin/../lib/gcc/arm-none-eabi/12.3.1/thumb/v7e-m+fp/hard/crtbegin.o
LOAD D:/software/st/STM32CubeIDE_1.15.0/STM32CubeIDE/plugins/com.st.stm32cube.ide.mcu.externaltools.gnu-tools-for-stm32.12.3.rel1.win32_1.0.200.202406191623/tools/bin/../lib/gcc/arm-none-eabi/12.3.1/../../../../arm-none-eabi/lib/thumb/v7e-m+fp/hard/crt0.o
LOAD ./Core/Src/freertos.o
LOAD ./Core/Src/main.o
LOAD ./Core/Src/stm32f4xx_hal_msp.o
LOAD ./Core/Src/stm32f4xx_hal_timebase_tim.o
LOAD ./Core/Src/stm32f4xx_it.o
LOAD ./Core/Src/syscalls.o
LOAD ./Core/Src/sysmem.o
LOAD ./Core/Src/system_stm32f4xx.o
LOAD ./Core/Startup/startup_stm32f405rgtx.o
LOAD ./Drivers/STM32F4xx_HAL_Driver/Src/stm32f4xx_hal.o
LOAD ./Drivers/STM32F4xx_HAL_Driver/Src/stm32f4xx_hal_adc.o
LOAD ./Drivers/STM32F4xx_HAL_Driver/Src/stm32f4xx_hal_adc_ex.o
LOAD ./Drivers/STM32F4xx_HAL_Driver/Src/stm32f4xx_hal_cortex.o
LOAD ./Drivers/STM32F4xx_HAL_Driver/Src/stm32f4xx_hal_dma.o
LOAD ./Drivers/STM32F4xx_HAL_Driver/Src/stm32f4xx_hal_dma_ex.o
LOAD ./Drivers/STM32F4xx_HAL_Driver/Src/stm32f4xx_hal_exti.o
LOAD ./Drivers/STM32F4xx_HAL_Driver/Src/stm32f4xx_hal_flash.o
LOAD ./Drivers/STM32F4xx_HAL_Driver/Src/stm32f4xx_hal_flash_ex.o
LOAD ./Drivers/STM32F4xx_HAL_Driver/Src/stm32f4xx_hal_flash_ramfunc.o
LOAD ./Drivers/STM32F4xx_HAL_Driver/Src/stm32f4xx_hal_gpio.o
LOAD ./Drivers/STM32F4xx_HAL_Driver/Src/stm32f4xx_hal_i2c.o
LOAD ./Drivers/STM32F4xx_HAL_Driver/Src/stm32f4xx_hal_i2c_ex.o
LOAD ./Drivers/STM32F4xx_HAL_Driver/Src/stm32f4xx_hal_pcd.o
LOAD ./Drivers/STM32F4xx_HAL_Driver/Src/stm32f4xx_hal_pcd_ex.o
LOAD ./Drivers/STM32F4xx_HAL_Driver/Src/stm32f4xx_hal_pwr.o
LOAD ./Drivers/STM32F4xx_HAL_Driver/Src/stm32f4xx_hal_pwr_ex.o
LOAD ./Drivers/STM32F4xx_HAL_Driver/Src/stm32f4xx_hal_rcc.o
LOAD ./Drivers/STM32F4xx_HAL_Driver/Src/stm32f4xx_hal_rcc_ex.o
LOAD ./Drivers/STM32F4xx_HAL_Driver/Src/stm32f4xx_hal_tim.o
LOAD ./Drivers/STM32F4xx_HAL_Driver/Src/stm32f4xx_hal_tim_ex.o
LOAD ./Drivers/STM32F4xx_HAL_Driver/Src/stm32f4xx_hal_uart.o
LOAD ./Drivers/STM32F4xx_HAL_Driver/Src/stm32f4xx_ll_adc.o
LOAD ./Drivers/STM32F4xx_HAL_Driver/Src/stm32f4xx_ll_usb.o
LOAD ./Middlewares/ST/STM32_USB_Device_Library/Class/CustomHID/Src/usbd_customhid.o
LOAD ./Middlewares/ST/STM32_USB_Device_Library/Core/Src/usbd_core.o
LOAD ./Middlewares/ST/STM32_USB_Device_Library/Core/Src/usbd_ctlreq.o
LOAD ./Middlewares/ST/STM32_USB_Device_Library/Core/Src/usbd_ioreq.o
LOAD ./Middlewares/Third_Party/FreeRTOS/Source/CMSIS_RTOS/cmsis_os.o
LOAD ./Middlewares/Third_Party/FreeRTOS/Source/croutine.o
LOAD ./Middlewares/Third_Party/FreeRTOS/Source/event_groups.o
LOAD ./Middlewares/Third_Party/FreeRTOS/Source/list.o
LOAD ./Middlewares/Third_Party/FreeRTOS/Source/queue.o
LOAD ./Middlewares/Third_Party/FreeRTOS/Source/stream_buffer.o
LOAD ./Middlewares/Third_Party/FreeRTOS/Source/tasks.o
LOAD ./Middlewares/Third_Party/FreeRTOS/Source/timers.o
LOAD ./Middlewares/Third_Party/FreeRTOS/Source/portable/GCC/ARM_CM4F/port.o
LOAD ./Middlewares/Third_Party/FreeRTOS/Source/portable/MemMang/heap_4.o
LOAD ./Src/bno055.o
LOAD ./Src/bno055_io.o
LOAD ./Src/task_bmi085.o
LOAD ./Src/task_imu.o
LOAD ./Src/task_led.o
LOAD ./Src/task_uart_output.o
LOAD ./USB_DEVICE/App/usb_device.o
LOAD ./USB_DEVICE/App/usbd_custom_hid_if.o
LOAD ./USB_DEVICE/App/usbd_desc.o
LOAD ./USB_DEVICE/Target/usbd_conf.o
LOAD ./bmi085/bmi088_anymotiona.o
LOAD ./bmi085/bmi088_mma.o
LOAD ./bmi085/bmi08a.o
LOAD ./bmi085/bmi08g.o
LOAD ./bmi085/bmi08xa.o
START GROUP
LOAD D:/software/st/STM32CubeIDE_1.15.0/STM32CubeIDE/plugins/com.st.stm32cube.ide.mcu.externaltools.gnu-tools-for-stm32.12.3.rel1.win32_1.0.200.202406191623/tools/bin/../lib/gcc/arm-none-eabi/12.3.1/../../../../arm-none-eabi/lib/thumb/v7e-m+fp/hard\libc_nano.a
LOAD D:/software/st/STM32CubeIDE_1.15.0/STM32CubeIDE/plugins/com.st.stm32cube.ide.mcu.externaltools.gnu-tools-for-stm32.12.3.rel1.win32_1.0.200.202406191623/tools/bin/../lib/gcc/arm-none-eabi/12.3.1/../../../../arm-none-eabi/lib/thumb/v7e-m+fp/hard\libm.a
END GROUP
START GROUP
LOAD D:/software/st/STM32CubeIDE_1.15.0/STM32CubeIDE/plugins/com.st.stm32cube.ide.mcu.externaltools.gnu-tools-for-stm32.12.3.rel1.win32_1.0.200.202406191623/tools/bin/../lib/gcc/arm-none-eabi/12.3.1/thumb/v7e-m+fp/hard\libgcc.a
LOAD D:/software/st/STM32CubeIDE_1.15.0/STM32CubeIDE/plugins/com.st.stm32cube.ide.mcu.externaltools.gnu-tools-for-stm32.12.3.rel1.win32_1.0.200.202406191623/tools/bin/../lib/gcc/arm-none-eabi/12.3.1/../../../../arm-none-eabi/lib/thumb/v7e-m+fp/hard\libc_nano.a
END GROUP
START GROUP
LOAD D:/software/st/STM32CubeIDE_1.15.0/STM32CubeIDE/plugins/com.st.stm32cube.ide.mcu.externaltools.gnu-tools-for-stm32.12.3.rel1.win32_1.0.200.202406191623/tools/bin/../lib/gcc/arm-none-eabi/12.3.1/thumb/v7e-m+fp/hard\libgcc.a
LOAD D:/software/st/STM32CubeIDE_1.15.0/STM32CubeIDE/plugins/com.st.stm32cube.ide.mcu.externaltools.gnu-tools-for-stm32.12.3.rel1.win32_1.0.200.202406191623/tools/bin/../lib/gcc/arm-none-eabi/12.3.1/../../../../arm-none-eabi/lib/thumb/v7e-m+fp/hard\libc_nano.a
LOAD D:/software/st/STM32CubeIDE_1.15.0/STM32CubeIDE/plugins/com.st.stm32cube.ide.mcu.externaltools.gnu-tools-for-stm32.12.3.rel1.win32_1.0.200.202406191623/tools/bin/../lib/gcc/arm-none-eabi/12.3.1/../../../../arm-none-eabi/lib/thumb/v7e-m+fp/hard\libnosys.a
END GROUP
START GROUP
LOAD D:/software/st/STM32CubeIDE_1.15.0/STM32CubeIDE/plugins/com.st.stm32cube.ide.mcu.externaltools.gnu-tools-for-stm32.12.3.rel1.win32_1.0.200.202406191623/tools/bin/../lib/gcc/arm-none-eabi/12.3.1/thumb/v7e-m+fp/hard\libgcc.a
LOAD D:/software/st/STM32CubeIDE_1.15.0/STM32CubeIDE/plugins/com.st.stm32cube.ide.mcu.externaltools.gnu-tools-for-stm32.12.3.rel1.win32_1.0.200.202406191623/tools/bin/../lib/gcc/arm-none-eabi/12.3.1/../../../../arm-none-eabi/lib/thumb/v7e-m+fp/hard\libc_nano.a
LOAD D:/software/st/STM32CubeIDE_1.15.0/STM32CubeIDE/plugins/com.st.stm32cube.ide.mcu.externaltools.gnu-tools-for-stm32.12.3.rel1.win32_1.0.200.202406191623/tools/bin/../lib/gcc/arm-none-eabi/12.3.1/../../../../arm-none-eabi/lib/thumb/v7e-m+fp/hard\libnosys.a
END GROUP
LOAD D:/software/st/STM32CubeIDE_1.15.0/STM32CubeIDE/plugins/com.st.stm32cube.ide.mcu.externaltools.gnu-tools-for-stm32.12.3.rel1.win32_1.0.200.202406191623/tools/bin/../lib/gcc/arm-none-eabi/12.3.1/thumb/v7e-m+fp/hard/crtend.o
LOAD D:/software/st/STM32CubeIDE_1.15.0/STM32CubeIDE/plugins/com.st.stm32cube.ide.mcu.externaltools.gnu-tools-for-stm32.12.3.rel1.win32_1.0.200.202406191623/tools/bin/../lib/gcc/arm-none-eabi/12.3.1/thumb/v7e-m+fp/hard/crtn.o
                0x20020000                        _estack = (ORIGIN (RAM) + LENGTH (RAM))
                0x00000200                        _Min_Heap_Size = 0x200
                0x00000400                        _Min_Stack_Size = 0x400

.isr_vector     0x08000000      0x188
                0x08000000                        . = ALIGN (0x4)
 *(.isr_vector)
 .isr_vector    0x08000000      0x188 ./Core/Startup/startup_stm32f405rgtx.o
                0x08000000                g_pfnVectors
                0x08000188                        . = ALIGN (0x4)

.text           0x08000190     0xd8d0
                0x08000190                        . = ALIGN (0x4)
 *(.text)
 .text          0x08000190       0x40 D:/software/st/STM32CubeIDE_1.15.0/STM32CubeIDE/plugins/com.st.stm32cube.ide.mcu.externaltools.gnu-tools-for-stm32.12.3.rel1.win32_1.0.200.202406191623/tools/bin/../lib/gcc/arm-none-eabi/12.3.1/thumb/v7e-m+fp/hard/crtbegin.o
 .text          0x080001d0       0x30 D:/software/st/STM32CubeIDE_1.15.0/STM32CubeIDE/plugins/com.st.stm32cube.ide.mcu.externaltools.gnu-tools-for-stm32.12.3.rel1.win32_1.0.200.202406191623/tools/bin/../lib/gcc/arm-none-eabi/12.3.1/thumb/v7e-m+fp/hard\libgcc.a(_aeabi_uldivmod.o)
                0x080001d0                __aeabi_uldivmod
 .text          0x08000200      0x2bc D:/software/st/STM32CubeIDE_1.15.0/STM32CubeIDE/plugins/com.st.stm32cube.ide.mcu.externaltools.gnu-tools-for-stm32.12.3.rel1.win32_1.0.200.202406191623/tools/bin/../lib/gcc/arm-none-eabi/12.3.1/thumb/v7e-m+fp/hard\libgcc.a(_udivmoddi4.o)
                0x08000200                __udivmoddi4
 .text          0x080004bc        0x4 D:/software/st/STM32CubeIDE_1.15.0/STM32CubeIDE/plugins/com.st.stm32cube.ide.mcu.externaltools.gnu-tools-for-stm32.12.3.rel1.win32_1.0.200.202406191623/tools/bin/../lib/gcc/arm-none-eabi/12.3.1/thumb/v7e-m+fp/hard\libgcc.a(_dvmd_tls.o)
                0x080004bc                __aeabi_idiv0
                0x080004bc                __aeabi_ldiv0
 *(.text*)
 .text.vApplicationGetIdleTaskMemory
                0x080004c0       0x34 ./Core/Src/freertos.o
                0x080004c0                vApplicationGetIdleTaskMemory
 .text.main     0x080004f4       0x34 ./Core/Src/main.o
                0x080004f4                main
 .text.SystemClock_Config
                0x08000528       0xd0 ./Core/Src/main.o
                0x08000528                SystemClock_Config
 .text.MX_ADC1_Init
                0x080005f8       0xa4 ./Core/Src/main.o
 .text.MX_I2C1_Init
                0x0800069c       0x5c ./Core/Src/main.o
 .text.MX_I2C2_Init
                0x080006f8       0x5c ./Core/Src/main.o
 .text.MX_USART1_UART_Init
                0x08000754       0x54 ./Core/Src/main.o
 .text.MX_USART2_UART_Init
                0x080007a8       0x54 ./Core/Src/main.o
 .text.MX_GPIO_Init
                0x080007fc      0x108 ./Core/Src/main.o
 .text.HAL_TIM_PeriodElapsedCallback
                0x08000904       0x24 ./Core/Src/main.o
                0x08000904                HAL_TIM_PeriodElapsedCallback
 .text.Error_Handler
                0x08000928        0xc ./Core/Src/main.o
                0x08000928                Error_Handler
 .text.HAL_MspInit
                0x08000934       0x58 ./Core/Src/stm32f4xx_hal_msp.o
                0x08000934                HAL_MspInit
 .text.HAL_ADC_MspInit
                0x0800098c       0x98 ./Core/Src/stm32f4xx_hal_msp.o
                0x0800098c                HAL_ADC_MspInit
 .text.HAL_I2C_MspInit
                0x08000a24       0xf8 ./Core/Src/stm32f4xx_hal_msp.o
                0x08000a24                HAL_I2C_MspInit
 .text.HAL_UART_MspInit
                0x08000b1c      0x108 ./Core/Src/stm32f4xx_hal_msp.o
                0x08000b1c                HAL_UART_MspInit
 .text.HAL_InitTick
                0x08000c24       0xe4 ./Core/Src/stm32f4xx_hal_timebase_tim.o
                0x08000c24                HAL_InitTick
 .text.NMI_Handler
                0x08000d08        0x8 ./Core/Src/stm32f4xx_it.o
                0x08000d08                NMI_Handler
 .text.HardFault_Handler
                0x08000d10        0x8 ./Core/Src/stm32f4xx_it.o
                0x08000d10                HardFault_Handler
 .text.MemManage_Handler
                0x08000d18        0x8 ./Core/Src/stm32f4xx_it.o
                0x08000d18                MemManage_Handler
 .text.BusFault_Handler
                0x08000d20        0x8 ./Core/Src/stm32f4xx_it.o
                0x08000d20                BusFault_Handler
 .text.UsageFault_Handler
                0x08000d28        0x8 ./Core/Src/stm32f4xx_it.o
                0x08000d28                UsageFault_Handler
 .text.DebugMon_Handler
                0x08000d30        0xe ./Core/Src/stm32f4xx_it.o
                0x08000d30                DebugMon_Handler
 *fill*         0x08000d3e        0x2 
 .text.ADC_IRQHandler
                0x08000d40       0x14 ./Core/Src/stm32f4xx_it.o
                0x08000d40                ADC_IRQHandler
 .text.TIM1_UP_TIM10_IRQHandler
                0x08000d54       0x14 ./Core/Src/stm32f4xx_it.o
                0x08000d54                TIM1_UP_TIM10_IRQHandler
 .text.USART2_IRQHandler
                0x08000d68       0x14 ./Core/Src/stm32f4xx_it.o
                0x08000d68                USART2_IRQHandler
 .text.OTG_HS_IRQHandler
                0x08000d7c       0x14 ./Core/Src/stm32f4xx_it.o
                0x08000d7c                OTG_HS_IRQHandler
 .text.SystemInit
                0x08000d90       0x24 ./Core/Src/system_stm32f4xx.o
                0x08000d90                SystemInit
 .text.Reset_Handler
                0x08000db4       0x50 ./Core/Startup/startup_stm32f405rgtx.o
                0x08000db4                Reset_Handler
 .text.Default_Handler
                0x08000e04        0x2 ./Core/Startup/startup_stm32f405rgtx.o
                0x08000e04                RTC_Alarm_IRQHandler
                0x08000e04                HASH_RNG_IRQHandler
                0x08000e04                EXTI2_IRQHandler
                0x08000e04                TIM8_CC_IRQHandler
                0x08000e04                TIM1_CC_IRQHandler
                0x08000e04                DMA2_Stream5_IRQHandler
                0x08000e04                DMA1_Stream5_IRQHandler
                0x08000e04                PVD_IRQHandler
                0x08000e04                SDIO_IRQHandler
                0x08000e04                TAMP_STAMP_IRQHandler
                0x08000e04                CAN2_RX1_IRQHandler
                0x08000e04                EXTI3_IRQHandler
                0x08000e04                TIM8_TRG_COM_TIM14_IRQHandler
                0x08000e04                TIM8_UP_TIM13_IRQHandler
                0x08000e04                I2C3_ER_IRQHandler
                0x08000e04                EXTI0_IRQHandler
                0x08000e04                I2C2_EV_IRQHandler
                0x08000e04                DMA1_Stream2_IRQHandler
                0x08000e04                CAN1_RX0_IRQHandler
                0x08000e04                FPU_IRQHandler
                0x08000e04                OTG_HS_WKUP_IRQHandler
                0x08000e04                CAN2_SCE_IRQHandler
                0x08000e04                DMA2_Stream2_IRQHandler
                0x08000e04                SPI1_IRQHandler
                0x08000e04                TIM6_DAC_IRQHandler
                0x08000e04                TIM1_BRK_TIM9_IRQHandler
                0x08000e04                CAN2_RX0_IRQHandler
                0x08000e04                DMA2_Stream3_IRQHandler
                0x08000e04                USART6_IRQHandler
                0x08000e04                USART3_IRQHandler
                0x08000e04                CAN1_RX1_IRQHandler
                0x08000e04                UART5_IRQHandler
                0x08000e04                DMA2_Stream0_IRQHandler
                0x08000e04                TIM4_IRQHandler
                0x08000e04                I2C1_EV_IRQHandler
                0x08000e04                DMA1_Stream6_IRQHandler
                0x08000e04                DMA1_Stream1_IRQHandler
                0x08000e04                UART4_IRQHandler
                0x08000e04                TIM3_IRQHandler
                0x08000e04                RCC_IRQHandler
                0x08000e04                TIM8_BRK_TIM12_IRQHandler
                0x08000e04                Default_Handler
                0x08000e04                EXTI15_10_IRQHandler
                0x08000e04                DMA1_Stream7_IRQHandler
                0x08000e04                TIM7_IRQHandler
                0x08000e04                CAN2_TX_IRQHandler
                0x08000e04                TIM5_IRQHandler
                0x08000e04                DMA2_Stream7_IRQHandler
                0x08000e04                I2C3_EV_IRQHandler
                0x08000e04                EXTI9_5_IRQHandler
                0x08000e04                RTC_WKUP_IRQHandler
                0x08000e04                SPI2_IRQHandler
                0x08000e04                OTG_HS_EP1_IN_IRQHandler
                0x08000e04                DMA1_Stream0_IRQHandler
                0x08000e04                CAN1_TX_IRQHandler
                0x08000e04                EXTI4_IRQHandler
                0x08000e04                FSMC_IRQHandler
                0x08000e04                OTG_HS_EP1_OUT_IRQHandler
                0x08000e04                WWDG_IRQHandler
                0x08000e04                TIM2_IRQHandler
                0x08000e04                OTG_FS_WKUP_IRQHandler
                0x08000e04                TIM1_TRG_COM_TIM11_IRQHandler
                0x08000e04                EXTI1_IRQHandler
                0x08000e04                I2C2_ER_IRQHandler
                0x08000e04                DMA2_Stream1_IRQHandler
                0x08000e04                CAN1_SCE_IRQHandler
                0x08000e04                FLASH_IRQHandler
                0x08000e04                DMA2_Stream4_IRQHandler
                0x08000e04                USART1_IRQHandler
                0x08000e04                OTG_FS_IRQHandler
                0x08000e04                SPI3_IRQHandler
                0x08000e04                DMA1_Stream4_IRQHandler
                0x08000e04                I2C1_ER_IRQHandler
                0x08000e04                DMA2_Stream6_IRQHandler
                0x08000e04                DMA1_Stream3_IRQHandler
 *fill*         0x08000e06        0x2 
 .text.HAL_Init
                0x08000e08       0x44 ./Drivers/STM32F4xx_HAL_Driver/Src/stm32f4xx_hal.o
                0x08000e08                HAL_Init
 .text.HAL_IncTick
                0x08000e4c       0x28 ./Drivers/STM32F4xx_HAL_Driver/Src/stm32f4xx_hal.o
                0x08000e4c                HAL_IncTick
 .text.HAL_GetTick
                0x08000e74       0x18 ./Drivers/STM32F4xx_HAL_Driver/Src/stm32f4xx_hal.o
                0x08000e74                HAL_GetTick
 .text.HAL_Delay
                0x08000e8c       0x48 ./Drivers/STM32F4xx_HAL_Driver/Src/stm32f4xx_hal.o
                0x08000e8c                HAL_Delay
 .text.HAL_ADC_Init
                0x08000ed4       0x86 ./Drivers/STM32F4xx_HAL_Driver/Src/stm32f4xx_hal_adc.o
                0x08000ed4                HAL_ADC_Init
 .text.HAL_ADC_IRQHandler
                0x08000f5a      0x220 ./Drivers/STM32F4xx_HAL_Driver/Src/stm32f4xx_hal_adc.o
                0x08000f5a                HAL_ADC_IRQHandler
 .text.HAL_ADC_GetValue
                0x0800117a       0x1a ./Drivers/STM32F4xx_HAL_Driver/Src/stm32f4xx_hal_adc.o
                0x0800117a                HAL_ADC_GetValue
 .text.HAL_ADC_LevelOutOfWindowCallback
                0x08001194       0x14 ./Drivers/STM32F4xx_HAL_Driver/Src/stm32f4xx_hal_adc.o
                0x08001194                HAL_ADC_LevelOutOfWindowCallback
 .text.HAL_ADC_ErrorCallback
                0x080011a8       0x14 ./Drivers/STM32F4xx_HAL_Driver/Src/stm32f4xx_hal_adc.o
                0x080011a8                HAL_ADC_ErrorCallback
 .text.HAL_ADC_ConfigChannel
                0x080011bc      0x244 ./Drivers/STM32F4xx_HAL_Driver/Src/stm32f4xx_hal_adc.o
                0x080011bc                HAL_ADC_ConfigChannel
 .text.ADC_Init
                0x08001400      0x1f8 ./Drivers/STM32F4xx_HAL_Driver/Src/stm32f4xx_hal_adc.o
 .text.HAL_ADCEx_InjectedConvCpltCallback
                0x080015f8       0x14 ./Drivers/STM32F4xx_HAL_Driver/Src/stm32f4xx_hal_adc_ex.o
                0x080015f8                HAL_ADCEx_InjectedConvCpltCallback
 .text.__NVIC_SetPriorityGrouping
                0x0800160c       0x48 ./Drivers/STM32F4xx_HAL_Driver/Src/stm32f4xx_hal_cortex.o
 .text.__NVIC_GetPriorityGrouping
                0x08001654       0x1c ./Drivers/STM32F4xx_HAL_Driver/Src/stm32f4xx_hal_cortex.o
 .text.__NVIC_EnableIRQ
                0x08001670       0x3c ./Drivers/STM32F4xx_HAL_Driver/Src/stm32f4xx_hal_cortex.o
 .text.__NVIC_SetPriority
                0x080016ac       0x54 ./Drivers/STM32F4xx_HAL_Driver/Src/stm32f4xx_hal_cortex.o
 .text.NVIC_EncodePriority
                0x08001700       0x66 ./Drivers/STM32F4xx_HAL_Driver/Src/stm32f4xx_hal_cortex.o
 .text.HAL_NVIC_SetPriorityGrouping
                0x08001766       0x16 ./Drivers/STM32F4xx_HAL_Driver/Src/stm32f4xx_hal_cortex.o
                0x08001766                HAL_NVIC_SetPriorityGrouping
 .text.HAL_NVIC_SetPriority
                0x0800177c       0x38 ./Drivers/STM32F4xx_HAL_Driver/Src/stm32f4xx_hal_cortex.o
                0x0800177c                HAL_NVIC_SetPriority
 .text.HAL_NVIC_EnableIRQ
                0x080017b4       0x1c ./Drivers/STM32F4xx_HAL_Driver/Src/stm32f4xx_hal_cortex.o
                0x080017b4                HAL_NVIC_EnableIRQ
 .text.HAL_DMA_Abort
                0x080017d0       0xe0 ./Drivers/STM32F4xx_HAL_Driver/Src/stm32f4xx_hal_dma.o
                0x080017d0                HAL_DMA_Abort
 .text.HAL_DMA_Abort_IT
                0x080018b0       0x44 ./Drivers/STM32F4xx_HAL_Driver/Src/stm32f4xx_hal_dma.o
                0x080018b0                HAL_DMA_Abort_IT
 .text.HAL_GPIO_Init
                0x080018f4      0x338 ./Drivers/STM32F4xx_HAL_Driver/Src/stm32f4xx_hal_gpio.o
                0x080018f4                HAL_GPIO_Init
 .text.HAL_GPIO_WritePin
                0x08001c2c       0x32 ./Drivers/STM32F4xx_HAL_Driver/Src/stm32f4xx_hal_gpio.o
                0x08001c2c                HAL_GPIO_WritePin
 .text.HAL_GPIO_TogglePin
                0x08001c5e       0x34 ./Drivers/STM32F4xx_HAL_Driver/Src/stm32f4xx_hal_gpio.o
                0x08001c5e                HAL_GPIO_TogglePin
 *fill*         0x08001c92        0x2 
 .text.HAL_I2C_Init
                0x08001c94      0x288 ./Drivers/STM32F4xx_HAL_Driver/Src/stm32f4xx_hal_i2c.o
                0x08001c94                HAL_I2C_Init
 .text.HAL_I2C_Master_Transmit
                0x08001f1c      0x1fc ./Drivers/STM32F4xx_HAL_Driver/Src/stm32f4xx_hal_i2c.o
                0x08001f1c                HAL_I2C_Master_Transmit
 .text.HAL_I2C_Mem_Write
                0x08002118      0x1f4 ./Drivers/STM32F4xx_HAL_Driver/Src/stm32f4xx_hal_i2c.o
                0x08002118                HAL_I2C_Mem_Write
 .text.HAL_I2C_Mem_Read
                0x0800230c      0x464 ./Drivers/STM32F4xx_HAL_Driver/Src/stm32f4xx_hal_i2c.o
                0x0800230c                HAL_I2C_Mem_Read
 .text.I2C_MasterRequestWrite
                0x08002770      0x104 ./Drivers/STM32F4xx_HAL_Driver/Src/stm32f4xx_hal_i2c.o
 .text.I2C_RequestMemoryWrite
                0x08002874      0x12c ./Drivers/STM32F4xx_HAL_Driver/Src/stm32f4xx_hal_i2c.o
 .text.I2C_RequestMemoryRead
                0x080029a0      0x1d0 ./Drivers/STM32F4xx_HAL_Driver/Src/stm32f4xx_hal_i2c.o
 .text.I2C_WaitOnFlagUntilTimeout
                0x08002b70       0xf4 ./Drivers/STM32F4xx_HAL_Driver/Src/stm32f4xx_hal_i2c.o
 .text.I2C_WaitOnMasterAddressFlagUntilTimeout
                0x08002c64      0x140 ./Drivers/STM32F4xx_HAL_Driver/Src/stm32f4xx_hal_i2c.o
 .text.I2C_WaitOnTXEFlagUntilTimeout
                0x08002da4       0x90 ./Drivers/STM32F4xx_HAL_Driver/Src/stm32f4xx_hal_i2c.o
 .text.I2C_WaitOnBTFFlagUntilTimeout
                0x08002e34       0x90 ./Drivers/STM32F4xx_HAL_Driver/Src/stm32f4xx_hal_i2c.o
 .text.I2C_WaitOnRXNEFlagUntilTimeout
                0x08002ec4       0xba ./Drivers/STM32F4xx_HAL_Driver/Src/stm32f4xx_hal_i2c.o
 .text.I2C_IsAcknowledgeFailed
                0x08002f7e       0x5e ./Drivers/STM32F4xx_HAL_Driver/Src/stm32f4xx_hal_i2c.o
 .text.HAL_PCD_Init
                0x08002fdc      0x21e ./Drivers/STM32F4xx_HAL_Driver/Src/stm32f4xx_hal_pcd.o
                0x08002fdc                HAL_PCD_Init
 .text.HAL_PCD_Start
                0x080031fa       0x6a ./Drivers/STM32F4xx_HAL_Driver/Src/stm32f4xx_hal_pcd.o
                0x080031fa                HAL_PCD_Start
 .text.HAL_PCD_IRQHandler
                0x08003264      0x942 ./Drivers/STM32F4xx_HAL_Driver/Src/stm32f4xx_hal_pcd.o
                0x08003264                HAL_PCD_IRQHandler
 .text.HAL_PCD_SetAddress
                0x08003ba6       0x48 ./Drivers/STM32F4xx_HAL_Driver/Src/stm32f4xx_hal_pcd.o
                0x08003ba6                HAL_PCD_SetAddress
 .text.HAL_PCD_EP_Open
                0x08003bee       0xd4 ./Drivers/STM32F4xx_HAL_Driver/Src/stm32f4xx_hal_pcd.o
                0x08003bee                HAL_PCD_EP_Open
 .text.HAL_PCD_EP_Close
                0x08003cc2       0x94 ./Drivers/STM32F4xx_HAL_Driver/Src/stm32f4xx_hal_pcd.o
                0x08003cc2                HAL_PCD_EP_Close
 .text.HAL_PCD_EP_Receive
                0x08003d56       0x76 ./Drivers/STM32F4xx_HAL_Driver/Src/stm32f4xx_hal_pcd.o
                0x08003d56                HAL_PCD_EP_Receive
 .text.HAL_PCD_EP_Transmit
                0x08003dcc       0x74 ./Drivers/STM32F4xx_HAL_Driver/Src/stm32f4xx_hal_pcd.o
                0x08003dcc                HAL_PCD_EP_Transmit
 .text.HAL_PCD_EP_SetStall
                0x08003e40       0xc6 ./Drivers/STM32F4xx_HAL_Driver/Src/stm32f4xx_hal_pcd.o
                0x08003e40                HAL_PCD_EP_SetStall
 .text.HAL_PCD_EP_ClrStall
                0x08003f06       0xac ./Drivers/STM32F4xx_HAL_Driver/Src/stm32f4xx_hal_pcd.o
                0x08003f06                HAL_PCD_EP_ClrStall
 .text.HAL_PCD_EP_Abort
                0x08003fb2       0x62 ./Drivers/STM32F4xx_HAL_Driver/Src/stm32f4xx_hal_pcd.o
                0x08003fb2                HAL_PCD_EP_Abort
 .text.PCD_WriteEmptyTxFifo
                0x08004014      0x118 ./Drivers/STM32F4xx_HAL_Driver/Src/stm32f4xx_hal_pcd.o
 .text.PCD_EP_OutXfrComplete_int
                0x0800412c      0x1d0 ./Drivers/STM32F4xx_HAL_Driver/Src/stm32f4xx_hal_pcd.o
 .text.PCD_EP_OutSetupPacket_int
                0x080042fc       0x8c ./Drivers/STM32F4xx_HAL_Driver/Src/stm32f4xx_hal_pcd.o
 .text.HAL_PCDEx_SetTxFiFo
                0x08004388       0x8e ./Drivers/STM32F4xx_HAL_Driver/Src/stm32f4xx_hal_pcd_ex.o
                0x08004388                HAL_PCDEx_SetTxFiFo
 .text.HAL_PCDEx_SetRxFiFo
                0x08004416       0x22 ./Drivers/STM32F4xx_HAL_Driver/Src/stm32f4xx_hal_pcd_ex.o
                0x08004416                HAL_PCDEx_SetRxFiFo
 .text.HAL_PCDEx_LPM_Callback
                0x08004438       0x18 ./Drivers/STM32F4xx_HAL_Driver/Src/stm32f4xx_hal_pcd_ex.o
                0x08004438                HAL_PCDEx_LPM_Callback
 .text.HAL_RCC_OscConfig
                0x08004450      0x4f0 ./Drivers/STM32F4xx_HAL_Driver/Src/stm32f4xx_hal_rcc.o
                0x08004450                HAL_RCC_OscConfig
 .text.HAL_RCC_ClockConfig
                0x08004940      0x1cc ./Drivers/STM32F4xx_HAL_Driver/Src/stm32f4xx_hal_rcc.o
                0x08004940                HAL_RCC_ClockConfig
 .text.HAL_RCC_GetSysClockFreq
                0x08004b0c      0x20c ./Drivers/STM32F4xx_HAL_Driver/Src/stm32f4xx_hal_rcc.o
                0x08004b0c                HAL_RCC_GetSysClockFreq
 .text.HAL_RCC_GetHCLKFreq
                0x08004d18       0x18 ./Drivers/STM32F4xx_HAL_Driver/Src/stm32f4xx_hal_rcc.o
                0x08004d18                HAL_RCC_GetHCLKFreq
 .text.HAL_RCC_GetPCLK1Freq
                0x08004d30       0x28 ./Drivers/STM32F4xx_HAL_Driver/Src/stm32f4xx_hal_rcc.o
                0x08004d30                HAL_RCC_GetPCLK1Freq
 .text.HAL_RCC_GetPCLK2Freq
                0x08004d58       0x28 ./Drivers/STM32F4xx_HAL_Driver/Src/stm32f4xx_hal_rcc.o
                0x08004d58                HAL_RCC_GetPCLK2Freq
 .text.HAL_RCC_GetClockConfig
                0x08004d80       0x64 ./Drivers/STM32F4xx_HAL_Driver/Src/stm32f4xx_hal_rcc.o
                0x08004d80                HAL_RCC_GetClockConfig
 .text.HAL_TIM_Base_Init
                0x08004de4       0x9e ./Drivers/STM32F4xx_HAL_Driver/Src/stm32f4xx_hal_tim.o
                0x08004de4                HAL_TIM_Base_Init
 .text.HAL_TIM_Base_MspInit
                0x08004e82       0x14 ./Drivers/STM32F4xx_HAL_Driver/Src/stm32f4xx_hal_tim.o
                0x08004e82                HAL_TIM_Base_MspInit
 *fill*         0x08004e96        0x2 
 .text.HAL_TIM_Base_Start_IT
                0x08004e98       0xe0 ./Drivers/STM32F4xx_HAL_Driver/Src/stm32f4xx_hal_tim.o
                0x08004e98                HAL_TIM_Base_Start_IT
 .text.HAL_TIM_IRQHandler
                0x08004f78      0x1e0 ./Drivers/STM32F4xx_HAL_Driver/Src/stm32f4xx_hal_tim.o
                0x08004f78                HAL_TIM_IRQHandler
 .text.HAL_TIM_OC_DelayElapsedCallback
                0x08005158       0x14 ./Drivers/STM32F4xx_HAL_Driver/Src/stm32f4xx_hal_tim.o
                0x08005158                HAL_TIM_OC_DelayElapsedCallback
 .text.HAL_TIM_IC_CaptureCallback
                0x0800516c       0x14 ./Drivers/STM32F4xx_HAL_Driver/Src/stm32f4xx_hal_tim.o
                0x0800516c                HAL_TIM_IC_CaptureCallback
 .text.HAL_TIM_PWM_PulseFinishedCallback
                0x08005180       0x14 ./Drivers/STM32F4xx_HAL_Driver/Src/stm32f4xx_hal_tim.o
                0x08005180                HAL_TIM_PWM_PulseFinishedCallback
 .text.HAL_TIM_TriggerCallback
                0x08005194       0x14 ./Drivers/STM32F4xx_HAL_Driver/Src/stm32f4xx_hal_tim.o
                0x08005194                HAL_TIM_TriggerCallback
 .text.TIM_Base_SetConfig
                0x080051a8      0x158 ./Drivers/STM32F4xx_HAL_Driver/Src/stm32f4xx_hal_tim.o
                0x080051a8                TIM_Base_SetConfig
 .text.HAL_TIMEx_CommutCallback
                0x08005300       0x14 ./Drivers/STM32F4xx_HAL_Driver/Src/stm32f4xx_hal_tim_ex.o
                0x08005300                HAL_TIMEx_CommutCallback
 .text.HAL_TIMEx_BreakCallback
                0x08005314       0x14 ./Drivers/STM32F4xx_HAL_Driver/Src/stm32f4xx_hal_tim_ex.o
                0x08005314                HAL_TIMEx_BreakCallback
 .text.HAL_UART_Init
                0x08005328       0xa0 ./Drivers/STM32F4xx_HAL_Driver/Src/stm32f4xx_hal_uart.o
                0x08005328                HAL_UART_Init
 .text.HAL_UART_Receive_IT
                0x080053c8       0x4a ./Drivers/STM32F4xx_HAL_Driver/Src/stm32f4xx_hal_uart.o
                0x080053c8                HAL_UART_Receive_IT
 *fill*         0x08005412        0x2 
 .text.HAL_UART_IRQHandler
                0x08005414      0x524 ./Drivers/STM32F4xx_HAL_Driver/Src/stm32f4xx_hal_uart.o
                0x08005414                HAL_UART_IRQHandler
 .text.HAL_UART_TxCpltCallback
                0x08005938       0x14 ./Drivers/STM32F4xx_HAL_Driver/Src/stm32f4xx_hal_uart.o
                0x08005938                HAL_UART_TxCpltCallback
 .text.HAL_UART_ErrorCallback
                0x0800594c       0x14 ./Drivers/STM32F4xx_HAL_Driver/Src/stm32f4xx_hal_uart.o
                0x0800594c                HAL_UART_ErrorCallback
 .text.HAL_UARTEx_RxEventCallback
                0x08005960       0x18 ./Drivers/STM32F4xx_HAL_Driver/Src/stm32f4xx_hal_uart.o
                0x08005960                HAL_UARTEx_RxEventCallback
 .text.UART_Start_Receive_IT
                0x08005978       0x74 ./Drivers/STM32F4xx_HAL_Driver/Src/stm32f4xx_hal_uart.o
                0x08005978                UART_Start_Receive_IT
 .text.UART_EndRxTransfer
                0x080059ec       0xc6 ./Drivers/STM32F4xx_HAL_Driver/Src/stm32f4xx_hal_uart.o
 .text.UART_DMAAbortOnError
                0x08005ab2       0x28 ./Drivers/STM32F4xx_HAL_Driver/Src/stm32f4xx_hal_uart.o
 .text.UART_Transmit_IT
                0x08005ada       0xa0 ./Drivers/STM32F4xx_HAL_Driver/Src/stm32f4xx_hal_uart.o
 .text.UART_EndTransmit_IT
                0x08005b7a       0x30 ./Drivers/STM32F4xx_HAL_Driver/Src/stm32f4xx_hal_uart.o
 .text.UART_Receive_IT
                0x08005baa      0x17c ./Drivers/STM32F4xx_HAL_Driver/Src/stm32f4xx_hal_uart.o
 *fill*         0x08005d26        0x2 
 .text.UART_SetConfig
                0x08005d28      0x4e8 ./Drivers/STM32F4xx_HAL_Driver/Src/stm32f4xx_hal_uart.o
 .text.USB_CoreInit
                0x08006210       0xc8 ./Drivers/STM32F4xx_HAL_Driver/Src/stm32f4xx_ll_usb.o
                0x08006210                USB_CoreInit
 .text.USB_SetTurnaroundTime
                0x080062d8      0x144 ./Drivers/STM32F4xx_HAL_Driver/Src/stm32f4xx_ll_usb.o
                0x080062d8                USB_SetTurnaroundTime
 .text.USB_EnableGlobalInt
                0x0800641c       0x22 ./Drivers/STM32F4xx_HAL_Driver/Src/stm32f4xx_ll_usb.o
                0x0800641c                USB_EnableGlobalInt
 .text.USB_DisableGlobalInt
                0x0800643e       0x22 ./Drivers/STM32F4xx_HAL_Driver/Src/stm32f4xx_ll_usb.o
                0x0800643e                USB_DisableGlobalInt
 .text.USB_SetCurrentMode
                0x08006460       0x98 ./Drivers/STM32F4xx_HAL_Driver/Src/stm32f4xx_ll_usb.o
                0x08006460                USB_SetCurrentMode
 .text.USB_DevInit
                0x080064f8      0x2c8 ./Drivers/STM32F4xx_HAL_Driver/Src/stm32f4xx_ll_usb.o
                0x080064f8                USB_DevInit
 .text.USB_FlushTxFifo
                0x080067c0       0x64 ./Drivers/STM32F4xx_HAL_Driver/Src/stm32f4xx_ll_usb.o
                0x080067c0                USB_FlushTxFifo
 .text.USB_FlushRxFifo
                0x08006824       0x5c ./Drivers/STM32F4xx_HAL_Driver/Src/stm32f4xx_ll_usb.o
                0x08006824                USB_FlushRxFifo
 .text.USB_SetDevSpeed
                0x08006880       0x32 ./Drivers/STM32F4xx_HAL_Driver/Src/stm32f4xx_ll_usb.o
                0x08006880                USB_SetDevSpeed
 .text.USB_GetDevSpeed
                0x080068b2       0x4a ./Drivers/STM32F4xx_HAL_Driver/Src/stm32f4xx_ll_usb.o
                0x080068b2                USB_GetDevSpeed
 .text.USB_ActivateEndpoint
                0x080068fc      0x10e ./Drivers/STM32F4xx_HAL_Driver/Src/stm32f4xx_ll_usb.o
                0x080068fc                USB_ActivateEndpoint
 *fill*         0x08006a0a        0x2 
 .text.USB_DeactivateEndpoint
                0x08006a0c      0x1b8 ./Drivers/STM32F4xx_HAL_Driver/Src/stm32f4xx_ll_usb.o
                0x08006a0c                USB_DeactivateEndpoint
 .text.USB_EPStartXfer
                0x08006bc4      0x53c ./Drivers/STM32F4xx_HAL_Driver/Src/stm32f4xx_ll_usb.o
                0x08006bc4                USB_EPStartXfer
 .text.USB_EPStopXfer
                0x08007100      0x154 ./Drivers/STM32F4xx_HAL_Driver/Src/stm32f4xx_ll_usb.o
                0x08007100                USB_EPStopXfer
 .text.USB_WritePacket
                0x08007254       0x7c ./Drivers/STM32F4xx_HAL_Driver/Src/stm32f4xx_ll_usb.o
                0x08007254                USB_WritePacket
 .text.USB_ReadPacket
                0x080072d0       0xb0 ./Drivers/STM32F4xx_HAL_Driver/Src/stm32f4xx_ll_usb.o
                0x080072d0                USB_ReadPacket
 .text.USB_EPSetStall
                0x08007380       0xdc ./Drivers/STM32F4xx_HAL_Driver/Src/stm32f4xx_ll_usb.o
                0x08007380                USB_EPSetStall
 .text.USB_EPClearStall
                0x0800745c       0xcc ./Drivers/STM32F4xx_HAL_Driver/Src/stm32f4xx_ll_usb.o
                0x0800745c                USB_EPClearStall
 .text.USB_SetDevAddress
                0x08007528       0x4c ./Drivers/STM32F4xx_HAL_Driver/Src/stm32f4xx_ll_usb.o
                0x08007528                USB_SetDevAddress
 .text.USB_DevConnect
                0x08007574       0x42 ./Drivers/STM32F4xx_HAL_Driver/Src/stm32f4xx_ll_usb.o
                0x08007574                USB_DevConnect
 .text.USB_DevDisconnect
                0x080075b6       0x42 ./Drivers/STM32F4xx_HAL_Driver/Src/stm32f4xx_ll_usb.o
                0x080075b6                USB_DevDisconnect
 .text.USB_ReadInterrupts
                0x080075f8       0x26 ./Drivers/STM32F4xx_HAL_Driver/Src/stm32f4xx_ll_usb.o
                0x080075f8                USB_ReadInterrupts
 .text.USB_ReadDevAllOutEpInterrupt
                0x0800761e       0x34 ./Drivers/STM32F4xx_HAL_Driver/Src/stm32f4xx_ll_usb.o
                0x0800761e                USB_ReadDevAllOutEpInterrupt
 .text.USB_ReadDevAllInEpInterrupt
                0x08007652       0x34 ./Drivers/STM32F4xx_HAL_Driver/Src/stm32f4xx_ll_usb.o
                0x08007652                USB_ReadDevAllInEpInterrupt
 .text.USB_ReadDevOutEPInterrupt
                0x08007686       0x3c ./Drivers/STM32F4xx_HAL_Driver/Src/stm32f4xx_ll_usb.o
                0x08007686                USB_ReadDevOutEPInterrupt
 .text.USB_ReadDevInEPInterrupt
                0x080076c2       0x5c ./Drivers/STM32F4xx_HAL_Driver/Src/stm32f4xx_ll_usb.o
                0x080076c2                USB_ReadDevInEPInterrupt
 .text.USB_GetMode
                0x0800771e       0x1c ./Drivers/STM32F4xx_HAL_Driver/Src/stm32f4xx_ll_usb.o
                0x0800771e                USB_GetMode
 .text.USB_ActivateSetup
                0x0800773a       0x46 ./Drivers/STM32F4xx_HAL_Driver/Src/stm32f4xx_ll_usb.o
                0x0800773a                USB_ActivateSetup
 .text.USB_EP0_OutStart
                0x08007780       0xbc ./Drivers/STM32F4xx_HAL_Driver/Src/stm32f4xx_ll_usb.o
                0x08007780                USB_EP0_OutStart
 .text.USB_CoreReset
                0x0800783c       0x62 ./Drivers/STM32F4xx_HAL_Driver/Src/stm32f4xx_ll_usb.o
 *fill*         0x0800789e        0x2 
 .text.USBD_CUSTOM_HID_Init
                0x080078a0      0x154 ./Middlewares/ST/STM32_USB_Device_Library/Class/CustomHID/Src/usbd_customhid.o
 .text.USBD_CUSTOM_HID_DeInit
                0x080079f4       0xf4 ./Middlewares/ST/STM32_USB_Device_Library/Class/CustomHID/Src/usbd_customhid.o
 .text.USBD_CUSTOM_HID_Setup
                0x08007ae8      0x248 ./Middlewares/ST/STM32_USB_Device_Library/Class/CustomHID/Src/usbd_customhid.o
 .text.USBD_CUSTOM_HID_GetFSCfgDesc
                0x08007d30       0x64 ./Middlewares/ST/STM32_USB_Device_Library/Class/CustomHID/Src/usbd_customhid.o
 .text.USBD_CUSTOM_HID_GetHSCfgDesc
                0x08007d94       0x64 ./Middlewares/ST/STM32_USB_Device_Library/Class/CustomHID/Src/usbd_customhid.o
 .text.USBD_CUSTOM_HID_GetOtherSpeedCfgDesc
                0x08007df8       0x64 ./Middlewares/ST/STM32_USB_Device_Library/Class/CustomHID/Src/usbd_customhid.o
 .text.USBD_CUSTOM_HID_DataIn
                0x08007e5c       0x2c ./Middlewares/ST/STM32_USB_Device_Library/Class/CustomHID/Src/usbd_customhid.o
 .text.USBD_CUSTOM_HID_DataOut
                0x08007e88       0x5a ./Middlewares/ST/STM32_USB_Device_Library/Class/CustomHID/Src/usbd_customhid.o
 *fill*         0x08007ee2        0x2 
 .text.USBD_CUSTOM_HID_ReceivePacket
                0x08007ee4       0x4c ./Middlewares/ST/STM32_USB_Device_Library/Class/CustomHID/Src/usbd_customhid.o
                0x08007ee4                USBD_CUSTOM_HID_ReceivePacket
 .text.USBD_CUSTOM_HID_EP0_RxReady
                0x08007f30       0x58 ./Middlewares/ST/STM32_USB_Device_Library/Class/CustomHID/Src/usbd_customhid.o
 .text.USBD_CUSTOM_HID_GetDeviceQualifierDesc
                0x08007f88       0x20 ./Middlewares/ST/STM32_USB_Device_Library/Class/CustomHID/Src/usbd_customhid.o
 .text.USBD_CUSTOM_HID_RegisterInterface
                0x08007fa8       0x34 ./Middlewares/ST/STM32_USB_Device_Library/Class/CustomHID/Src/usbd_customhid.o
                0x08007fa8                USBD_CUSTOM_HID_RegisterInterface
 .text.USBD_Init
                0x08007fdc       0x60 ./Middlewares/ST/STM32_USB_Device_Library/Core/Src/usbd_core.o
                0x08007fdc                USBD_Init
 .text.USBD_RegisterClass
                0x0800803c       0x6c ./Middlewares/ST/STM32_USB_Device_Library/Core/Src/usbd_core.o
                0x0800803c                USBD_RegisterClass
 .text.USBD_Start
                0x080080a8       0x18 ./Middlewares/ST/STM32_USB_Device_Library/Core/Src/usbd_core.o
                0x080080a8                USBD_Start
 .text.USBD_RunTestMode
                0x080080c0       0x16 ./Middlewares/ST/STM32_USB_Device_Library/Core/Src/usbd_core.o
                0x080080c0                USBD_RunTestMode
 .text.USBD_SetClassConfig
                0x080080d6       0x38 ./Middlewares/ST/STM32_USB_Device_Library/Core/Src/usbd_core.o
                0x080080d6                USBD_SetClassConfig
 .text.USBD_ClrClassConfig
                0x0800810e       0x34 ./Middlewares/ST/STM32_USB_Device_Library/Core/Src/usbd_core.o
                0x0800810e                USBD_ClrClassConfig
 .text.USBD_LL_SetupStage
                0x08008142       0xaa ./Middlewares/ST/STM32_USB_Device_Library/Core/Src/usbd_core.o
                0x08008142                USBD_LL_SetupStage
 .text.USBD_LL_DataOutStage
                0x080081ec      0x166 ./Middlewares/ST/STM32_USB_Device_Library/Core/Src/usbd_core.o
                0x080081ec                USBD_LL_DataOutStage
 .text.USBD_LL_DataInStage
                0x08008352      0x164 ./Middlewares/ST/STM32_USB_Device_Library/Core/Src/usbd_core.o
                0x08008352                USBD_LL_DataInStage
 .text.USBD_LL_Reset
                0x080084b6       0xa4 ./Middlewares/ST/STM32_USB_Device_Library/Core/Src/usbd_core.o
                0x080084b6                USBD_LL_Reset
 .text.USBD_LL_SetSpeed
                0x0800855a       0x20 ./Middlewares/ST/STM32_USB_Device_Library/Core/Src/usbd_core.o
                0x0800855a                USBD_LL_SetSpeed
 .text.USBD_LL_Suspend
                0x0800857a       0x38 ./Middlewares/ST/STM32_USB_Device_Library/Core/Src/usbd_core.o
                0x0800857a                USBD_LL_Suspend
 .text.USBD_LL_Resume
                0x080085b2       0x30 ./Middlewares/ST/STM32_USB_Device_Library/Core/Src/usbd_core.o
                0x080085b2                USBD_LL_Resume
 .text.USBD_LL_SOF
                0x080085e2       0x40 ./Middlewares/ST/STM32_USB_Device_Library/Core/Src/usbd_core.o
                0x080085e2                USBD_LL_SOF
 .text.USBD_LL_IsoINIncomplete
                0x08008622       0x64 ./Middlewares/ST/STM32_USB_Device_Library/Core/Src/usbd_core.o
                0x08008622                USBD_LL_IsoINIncomplete
 .text.USBD_LL_IsoOUTIncomplete
                0x08008686       0x64 ./Middlewares/ST/STM32_USB_Device_Library/Core/Src/usbd_core.o
                0x08008686                USBD_LL_IsoOUTIncomplete
 .text.USBD_LL_DevConnected
                0x080086ea       0x16 ./Middlewares/ST/STM32_USB_Device_Library/Core/Src/usbd_core.o
                0x080086ea                USBD_LL_DevConnected
 .text.USBD_LL_DevDisconnected
                0x08008700       0x46 ./Middlewares/ST/STM32_USB_Device_Library/Core/Src/usbd_core.o
                0x08008700                USBD_LL_DevDisconnected
 .text.USBD_CoreFindIF
                0x08008746       0x1a ./Middlewares/ST/STM32_USB_Device_Library/Core/Src/usbd_core.o
                0x08008746                USBD_CoreFindIF
 .text.USBD_CoreFindEP
                0x08008760       0x1a ./Middlewares/ST/STM32_USB_Device_Library/Core/Src/usbd_core.o
                0x08008760                USBD_CoreFindEP
 .text.USBD_GetEpDesc
                0x0800877a       0x70 ./Middlewares/ST/STM32_USB_Device_Library/Core/Src/usbd_core.o
                0x0800877a                USBD_GetEpDesc
 .text.USBD_GetNextDesc
                0x080087ea       0x38 ./Middlewares/ST/STM32_USB_Device_Library/Core/Src/usbd_core.o
                0x080087ea                USBD_GetNextDesc
 .text.SWAPBYTE
                0x08008822       0x3c ./Middlewares/ST/STM32_USB_Device_Library/Core/Src/usbd_ctlreq.o
 *fill*         0x0800885e        0x2 
 .text.USBD_StdDevReq
                0x08008860       0xe4 ./Middlewares/ST/STM32_USB_Device_Library/Core/Src/usbd_ctlreq.o
                0x08008860                USBD_StdDevReq
 .text.USBD_StdItfReq
                0x08008944       0xd8 ./Middlewares/ST/STM32_USB_Device_Library/Core/Src/usbd_ctlreq.o
                0x08008944                USBD_StdItfReq
 .text.USBD_StdEPReq
                0x08008a1c      0x33a ./Middlewares/ST/STM32_USB_Device_Library/Core/Src/usbd_ctlreq.o
                0x08008a1c                USBD_StdEPReq
 *fill*         0x08008d56        0x2 
 .text.USBD_GetDescriptor
                0x08008d58      0x2d4 ./Middlewares/ST/STM32_USB_Device_Library/Core/Src/usbd_ctlreq.o
 .text.USBD_SetAddress
                0x0800902c       0x88 ./Middlewares/ST/STM32_USB_Device_Library/Core/Src/usbd_ctlreq.o
 .text.USBD_SetConfig
                0x080090b4      0x154 ./Middlewares/ST/STM32_USB_Device_Library/Core/Src/usbd_ctlreq.o
 .text.USBD_GetConfig
                0x08009208       0x6c ./Middlewares/ST/STM32_USB_Device_Library/Core/Src/usbd_ctlreq.o
 .text.USBD_GetStatus
                0x08009274       0x68 ./Middlewares/ST/STM32_USB_Device_Library/Core/Src/usbd_ctlreq.o
 .text.USBD_SetFeature
                0x080092dc       0x52 ./Middlewares/ST/STM32_USB_Device_Library/Core/Src/usbd_ctlreq.o
 .text.USBD_ClrFeature
                0x0800932e       0x44 ./Middlewares/ST/STM32_USB_Device_Library/Core/Src/usbd_ctlreq.o
 .text.USBD_ParseSetupRequest
                0x08009372       0x74 ./Middlewares/ST/STM32_USB_Device_Library/Core/Src/usbd_ctlreq.o
                0x08009372                USBD_ParseSetupRequest
 .text.USBD_CtlError
                0x080093e6       0x22 ./Middlewares/ST/STM32_USB_Device_Library/Core/Src/usbd_ctlreq.o
                0x080093e6                USBD_CtlError
 .text.USBD_GetString
                0x08009408       0xa4 ./Middlewares/ST/STM32_USB_Device_Library/Core/Src/usbd_ctlreq.o
                0x08009408                USBD_GetString
 .text.USBD_GetLen
                0x080094ac       0x34 ./Middlewares/ST/STM32_USB_Device_Library/Core/Src/usbd_ctlreq.o
 .text.USBD_CtlSendData
                0x080094e0       0x36 ./Middlewares/ST/STM32_USB_Device_Library/Core/Src/usbd_ioreq.o
                0x080094e0                USBD_CtlSendData
 .text.USBD_CtlContinueSendData
                0x08009516       0x22 ./Middlewares/ST/STM32_USB_Device_Library/Core/Src/usbd_ioreq.o
                0x08009516                USBD_CtlContinueSendData
 .text.USBD_CtlPrepareRx
                0x08009538       0x3a ./Middlewares/ST/STM32_USB_Device_Library/Core/Src/usbd_ioreq.o
                0x08009538                USBD_CtlPrepareRx
 .text.USBD_CtlContinueRx
                0x08009572       0x22 ./Middlewares/ST/STM32_USB_Device_Library/Core/Src/usbd_ioreq.o
                0x08009572                USBD_CtlContinueRx
 .text.USBD_CtlSendStatus
                0x08009594       0x26 ./Middlewares/ST/STM32_USB_Device_Library/Core/Src/usbd_ioreq.o
                0x08009594                USBD_CtlSendStatus
 .text.USBD_CtlReceiveStatus
                0x080095ba       0x26 ./Middlewares/ST/STM32_USB_Device_Library/Core/Src/usbd_ioreq.o
                0x080095ba                USBD_CtlReceiveStatus
 .text.makeFreeRtosPriority
                0x080095e0       0x30 ./Middlewares/Third_Party/FreeRTOS/Source/CMSIS_RTOS/cmsis_os.o
 .text.inHandlerMode
                0x08009610       0x24 ./Middlewares/Third_Party/FreeRTOS/Source/CMSIS_RTOS/cmsis_os.o
 .text.osKernelStart
                0x08009634        0xe ./Middlewares/Third_Party/FreeRTOS/Source/CMSIS_RTOS/cmsis_os.o
                0x08009634                osKernelStart
 .text.osThreadCreate
                0x08009642       0x98 ./Middlewares/Third_Party/FreeRTOS/Source/CMSIS_RTOS/cmsis_os.o
                0x08009642                osThreadCreate
 .text.osDelay  0x080096da       0x28 ./Middlewares/Third_Party/FreeRTOS/Source/CMSIS_RTOS/cmsis_os.o
                0x080096da                osDelay
 .text.osMutexCreate
                0x08009702       0x30 ./Middlewares/Third_Party/FreeRTOS/Source/CMSIS_RTOS/cmsis_os.o
                0x08009702                osMutexCreate
 *fill*         0x08009732        0x2 
 .text.osMutexWait
                0x08009734       0x9c ./Middlewares/Third_Party/FreeRTOS/Source/CMSIS_RTOS/cmsis_os.o
                0x08009734                osMutexWait
 .text.osMutexRelease
                0x080097d0       0x6c ./Middlewares/Third_Party/FreeRTOS/Source/CMSIS_RTOS/cmsis_os.o
                0x080097d0                osMutexRelease
 .text.osMessagePut
                0x0800983c       0x80 ./Middlewares/Third_Party/FreeRTOS/Source/CMSIS_RTOS/cmsis_os.o
                0x0800983c                osMessagePut
 .text.vListInitialise
                0x080098bc       0x40 ./Middlewares/Third_Party/FreeRTOS/Source/list.o
                0x080098bc                vListInitialise
 .text.vListInitialiseItem
                0x080098fc       0x1a ./Middlewares/Third_Party/FreeRTOS/Source/list.o
                0x080098fc                vListInitialiseItem
 .text.vListInsertEnd
                0x08009916       0x48 ./Middlewares/Third_Party/FreeRTOS/Source/list.o
                0x08009916                vListInsertEnd
 .text.vListInsert
                0x0800995e       0x72 ./Middlewares/Third_Party/FreeRTOS/Source/list.o
                0x0800995e                vListInsert
 .text.uxListRemove
                0x080099d0       0x54 ./Middlewares/Third_Party/FreeRTOS/Source/list.o
                0x080099d0                uxListRemove
 .text.xQueueGenericReset
                0x08009a24       0xd4 ./Middlewares/Third_Party/FreeRTOS/Source/queue.o
                0x08009a24                xQueueGenericReset
 .text.xQueueGenericCreateStatic
                0x08009af8       0xfa ./Middlewares/Third_Party/FreeRTOS/Source/queue.o
                0x08009af8                xQueueGenericCreateStatic
 .text.xQueueGenericCreate
                0x08009bf2       0x76 ./Middlewares/Third_Party/FreeRTOS/Source/queue.o
                0x08009bf2                xQueueGenericCreate
 .text.prvInitialiseNewQueue
                0x08009c68       0x3e ./Middlewares/Third_Party/FreeRTOS/Source/queue.o
 .text.prvInitialiseMutex
                0x08009ca6       0x34 ./Middlewares/Third_Party/FreeRTOS/Source/queue.o
 .text.xQueueCreateMutex
                0x08009cda       0x30 ./Middlewares/Third_Party/FreeRTOS/Source/queue.o
                0x08009cda                xQueueCreateMutex
 .text.xQueueCreateMutexStatic
                0x08009d0a       0x36 ./Middlewares/Third_Party/FreeRTOS/Source/queue.o
                0x08009d0a                xQueueCreateMutexStatic
 .text.xQueueGenericSend
                0x08009d40      0x204 ./Middlewares/Third_Party/FreeRTOS/Source/queue.o
                0x08009d40                xQueueGenericSend
 .text.xQueueGenericSendFromISR
                0x08009f44      0x13c ./Middlewares/Third_Party/FreeRTOS/Source/queue.o
                0x08009f44                xQueueGenericSendFromISR
 .text.xQueueGiveFromISR
                0x0800a080      0x120 ./Middlewares/Third_Party/FreeRTOS/Source/queue.o
                0x0800a080                xQueueGiveFromISR
 .text.xQueueSemaphoreTake
                0x0800a1a0      0x220 ./Middlewares/Third_Party/FreeRTOS/Source/queue.o
                0x0800a1a0                xQueueSemaphoreTake
 .text.xQueueReceiveFromISR
                0x0800a3c0      0x104 ./Middlewares/Third_Party/FreeRTOS/Source/queue.o
                0x0800a3c0                xQueueReceiveFromISR
 .text.prvGetDisinheritPriorityAfterTimeout
                0x0800a4c4       0x30 ./Middlewares/Third_Party/FreeRTOS/Source/queue.o
 .text.prvCopyDataToQueue
                0x0800a4f4       0xd4 ./Middlewares/Third_Party/FreeRTOS/Source/queue.o
 .text.prvCopyDataFromQueue
                0x0800a5c8       0x4c ./Middlewares/Third_Party/FreeRTOS/Source/queue.o
 .text.prvUnlockQueue
                0x0800a614       0xa4 ./Middlewares/Third_Party/FreeRTOS/Source/queue.o
 .text.prvIsQueueEmpty
                0x0800a6b8       0x2c ./Middlewares/Third_Party/FreeRTOS/Source/queue.o
 .text.prvIsQueueFull
                0x0800a6e4       0x30 ./Middlewares/Third_Party/FreeRTOS/Source/queue.o
 .text.xTaskCreateStatic
                0x0800a714       0xc0 ./Middlewares/Third_Party/FreeRTOS/Source/tasks.o
                0x0800a714                xTaskCreateStatic
 .text.xTaskCreate
                0x0800a7d4       0x8a ./Middlewares/Third_Party/FreeRTOS/Source/tasks.o
                0x0800a7d4                xTaskCreate
 *fill*         0x0800a85e        0x2 
 .text.prvInitialiseNewTask
                0x0800a860      0x140 ./Middlewares/Third_Party/FreeRTOS/Source/tasks.o
 .text.prvAddNewTaskToReadyList
                0x0800a9a0       0xd4 ./Middlewares/Third_Party/FreeRTOS/Source/tasks.o
 .text.vTaskDelay
                0x0800aa74       0x6c ./Middlewares/Third_Party/FreeRTOS/Source/tasks.o
                0x0800aa74                vTaskDelay
 .text.vTaskStartScheduler
                0x0800aae0       0xd4 ./Middlewares/Third_Party/FreeRTOS/Source/tasks.o
                0x0800aae0                vTaskStartScheduler
 .text.vTaskSuspendAll
                0x0800abb4       0x1c ./Middlewares/Third_Party/FreeRTOS/Source/tasks.o
                0x0800abb4                vTaskSuspendAll
 .text.xTaskResumeAll
                0x0800abd0      0x13c ./Middlewares/Third_Party/FreeRTOS/Source/tasks.o
                0x0800abd0                xTaskResumeAll
 .text.xTaskIncrementTick
                0x0800ad0c      0x174 ./Middlewares/Third_Party/FreeRTOS/Source/tasks.o
                0x0800ad0c                xTaskIncrementTick
 .text.vTaskSwitchContext
                0x0800ae80       0xc8 ./Middlewares/Third_Party/FreeRTOS/Source/tasks.o
                0x0800ae80                vTaskSwitchContext
 .text.vTaskPlaceOnEventList
                0x0800af48       0x4c ./Middlewares/Third_Party/FreeRTOS/Source/tasks.o
                0x0800af48                vTaskPlaceOnEventList
 .text.xTaskRemoveFromEventList
                0x0800af94       0xc8 ./Middlewares/Third_Party/FreeRTOS/Source/tasks.o
                0x0800af94                xTaskRemoveFromEventList
 .text.vTaskInternalSetTimeOutState
                0x0800b05c       0x2c ./Middlewares/Third_Party/FreeRTOS/Source/tasks.o
                0x0800b05c                vTaskInternalSetTimeOutState
 .text.xTaskCheckForTimeOut
                0x0800b088       0xc8 ./Middlewares/Third_Party/FreeRTOS/Source/tasks.o
                0x0800b088                xTaskCheckForTimeOut
 .text.vTaskMissedYield
                0x0800b150       0x18 ./Middlewares/Third_Party/FreeRTOS/Source/tasks.o
                0x0800b150                vTaskMissedYield
 .text.prvIdleTask
                0x0800b168       0x30 ./Middlewares/Third_Party/FreeRTOS/Source/tasks.o
 .text.prvInitialiseTaskLists
                0x0800b198       0x80 ./Middlewares/Third_Party/FreeRTOS/Source/tasks.o
 .text.prvCheckTasksWaitingTermination
                0x0800b218       0x5c ./Middlewares/Third_Party/FreeRTOS/Source/tasks.o
 .text.prvDeleteTCB
                0x0800b274       0x6a ./Middlewares/Third_Party/FreeRTOS/Source/tasks.o
 *fill*         0x0800b2de        0x2 
 .text.prvResetNextTaskUnblockTime
                0x0800b2e0       0x40 ./Middlewares/Third_Party/FreeRTOS/Source/tasks.o
 .text.xTaskGetSchedulerState
                0x0800b320       0x3c ./Middlewares/Third_Party/FreeRTOS/Source/tasks.o
                0x0800b320                xTaskGetSchedulerState
 .text.xTaskPriorityInherit
                0x0800b35c       0xec ./Middlewares/Third_Party/FreeRTOS/Source/tasks.o
                0x0800b35c                xTaskPriorityInherit
 .text.xTaskPriorityDisinherit
                0x0800b448      0x110 ./Middlewares/Third_Party/FreeRTOS/Source/tasks.o
                0x0800b448                xTaskPriorityDisinherit
 .text.vTaskPriorityDisinheritAfterTimeout
                0x0800b558      0x120 ./Middlewares/Third_Party/FreeRTOS/Source/tasks.o
                0x0800b558                vTaskPriorityDisinheritAfterTimeout
 .text.pvTaskIncrementMutexHeldCount
                0x0800b678       0x28 ./Middlewares/Third_Party/FreeRTOS/Source/tasks.o
                0x0800b678                pvTaskIncrementMutexHeldCount
 .text.prvAddCurrentTaskToDelayedList
                0x0800b6a0       0xcc ./Middlewares/Third_Party/FreeRTOS/Source/tasks.o
 .text.pxPortInitialiseStack
                0x0800b76c       0x68 ./Middlewares/Third_Party/FreeRTOS/Source/portable/GCC/ARM_CM4F/port.o
                0x0800b76c                pxPortInitialiseStack
 .text.prvTaskExitError
                0x0800b7d4       0x5c ./Middlewares/Third_Party/FreeRTOS/Source/portable/GCC/ARM_CM4F/port.o
 .text.SVC_Handler
                0x0800b830       0x28 ./Middlewares/Third_Party/FreeRTOS/Source/portable/GCC/ARM_CM4F/port.o
                0x0800b830                SVC_Handler
 .text.prvPortStartFirstTask
                0x0800b858       0x28 ./Middlewares/Third_Party/FreeRTOS/Source/portable/GCC/ARM_CM4F/port.o
 .text.xPortStartScheduler
                0x0800b880      0x148 ./Middlewares/Third_Party/FreeRTOS/Source/portable/GCC/ARM_CM4F/port.o
                0x0800b880                xPortStartScheduler
 .text.vPortEnterCritical
                0x0800b9c8       0x64 ./Middlewares/Third_Party/FreeRTOS/Source/portable/GCC/ARM_CM4F/port.o
                0x0800b9c8                vPortEnterCritical
 .text.vPortExitCritical
                0x0800ba2c       0x54 ./Middlewares/Third_Party/FreeRTOS/Source/portable/GCC/ARM_CM4F/port.o
                0x0800ba2c                vPortExitCritical
 .text.PendSV_Handler
                0x0800ba80       0x68 ./Middlewares/Third_Party/FreeRTOS/Source/portable/GCC/ARM_CM4F/port.o
                0x0800ba80                PendSV_Handler
 .text.SysTick_Handler
                0x0800bae8       0x44 ./Middlewares/Third_Party/FreeRTOS/Source/portable/GCC/ARM_CM4F/port.o
                0x0800bae8                SysTick_Handler
 .text.vPortSetupTimerInterrupt
                0x0800bb2c       0x48 ./Middlewares/Third_Party/FreeRTOS/Source/portable/GCC/ARM_CM4F/port.o
                0x0800bb2c                vPortSetupTimerInterrupt
 .text.vPortEnableVFP
                0x0800bb74       0x14 ./Middlewares/Third_Party/FreeRTOS/Source/portable/GCC/ARM_CM4F/port.o
 .text.vPortValidateInterruptPriority
                0x0800bb88       0x84 ./Middlewares/Third_Party/FreeRTOS/Source/portable/GCC/ARM_CM4F/port.o
                0x0800bb88                vPortValidateInterruptPriority
 .text.pvPortMalloc
                0x0800bc0c      0x19c ./Middlewares/Third_Party/FreeRTOS/Source/portable/MemMang/heap_4.o
                0x0800bc0c                pvPortMalloc
 .text.vPortFree
                0x0800bda8       0xc8 ./Middlewares/Third_Party/FreeRTOS/Source/portable/MemMang/heap_4.o
                0x0800bda8                vPortFree
 .text.prvHeapInit
                0x0800be70       0xc4 ./Middlewares/Third_Party/FreeRTOS/Source/portable/MemMang/heap_4.o
 .text.prvInsertBlockIntoFreeList
                0x0800bf34       0xb4 ./Middlewares/Third_Party/FreeRTOS/Source/portable/MemMang/heap_4.o
 .text.bmi085_delay
                0x0800bfe8       0x34 ./Src/task_bmi085.o
 .text.bmi085_switch_2
                0x0800c01c       0x4c ./Src/task_bmi085.o
 .text.bmi085_bus_read_i2c_2
                0x0800c068       0x64 ./Src/task_bmi085.o
 .text.bmi085_bus_write_i2c_2
                0x0800c0cc       0x64 ./Src/task_bmi085.o
 .text.bmi08_interface_init
                0x0800c130       0x6c ./Src/task_bmi085.o
 .text.init_bmi08
                0x0800c19c       0xe4 ./Src/task_bmi085.o
 .text.task_bmi085_init
                0x0800c280       0x14 ./Src/task_bmi085.o
                0x0800c280                task_bmi085_init
 .text.func_task_bmi085
                0x0800c294       0x38 ./Src/task_bmi085.o
 .text.task_led_init
                0x0800c2cc       0x28 ./Src/task_led.o
                0x0800c2cc                task_led_init
 .text.set_led  0x0800c2f4       0x38 ./Src/task_led.o
                0x0800c2f4                set_led
 .text.func_task_led
                0x0800c32c       0x9c ./Src/task_led.o
 .text.HAL_UART_RxCpltCallback
                0x0800c3c8       0x48 ./Src/task_uart_output.o
                0x0800c3c8                HAL_UART_RxCpltCallback
 .text.HAL_ADC_ConvCpltCallback
                0x0800c410       0x38 ./Src/task_uart_output.o
                0x0800c410                HAL_ADC_ConvCpltCallback
 .text.MX_USB_DEVICE_Init
                0x0800c448       0x60 ./USB_DEVICE/App/usb_device.o
                0x0800c448                MX_USB_DEVICE_Init
 .text.CUSTOM_HID_Init_HS
                0x0800c4a8       0x10 ./USB_DEVICE/App/usbd_custom_hid_if.o
 .text.CUSTOM_HID_DeInit_HS
                0x0800c4b8       0x10 ./USB_DEVICE/App/usbd_custom_hid_if.o
 .text.CUSTOM_HID_OutEvent_HS
                0x0800c4c8       0x30 ./USB_DEVICE/App/usbd_custom_hid_if.o
 .text.USBD_HS_DeviceDescriptor
                0x0800c4f8       0x24 ./USB_DEVICE/App/usbd_desc.o
                0x0800c4f8                USBD_HS_DeviceDescriptor
 .text.USBD_HS_LangIDStrDescriptor
                0x0800c51c       0x24 ./USB_DEVICE/App/usbd_desc.o
                0x0800c51c                USBD_HS_LangIDStrDescriptor
 .text.USBD_HS_ProductStrDescriptor
                0x0800c540       0x3c ./USB_DEVICE/App/usbd_desc.o
                0x0800c540                USBD_HS_ProductStrDescriptor
 .text.USBD_HS_ManufacturerStrDescriptor
                0x0800c57c       0x28 ./USB_DEVICE/App/usbd_desc.o
                0x0800c57c                USBD_HS_ManufacturerStrDescriptor
 .text.USBD_HS_SerialStrDescriptor
                0x0800c5a4       0x24 ./USB_DEVICE/App/usbd_desc.o
                0x0800c5a4                USBD_HS_SerialStrDescriptor
 .text.USBD_HS_ConfigStrDescriptor
                0x0800c5c8       0x3c ./USB_DEVICE/App/usbd_desc.o
                0x0800c5c8                USBD_HS_ConfigStrDescriptor
 .text.USBD_HS_InterfaceStrDescriptor
                0x0800c604       0x3c ./USB_DEVICE/App/usbd_desc.o
                0x0800c604                USBD_HS_InterfaceStrDescriptor
 .text.Get_SerialNum
                0x0800c640       0x58 ./USB_DEVICE/App/usbd_desc.o
 .text.IntToUnicode
                0x0800c698       0x7e ./USB_DEVICE/App/usbd_desc.o
 *fill*         0x0800c716        0x2 
 .text.HAL_PCD_MspInit
                0x0800c718       0xa0 ./USB_DEVICE/Target/usbd_conf.o
                0x0800c718                HAL_PCD_MspInit
 .text.HAL_PCD_SetupStageCallback
                0x0800c7b8       0x24 ./USB_DEVICE/Target/usbd_conf.o
                0x0800c7b8                HAL_PCD_SetupStageCallback
 .text.HAL_PCD_DataOutStageCallback
                0x0800c7dc       0x36 ./USB_DEVICE/Target/usbd_conf.o
                0x0800c7dc                HAL_PCD_DataOutStageCallback
 .text.HAL_PCD_DataInStageCallback
                0x0800c812       0x34 ./USB_DEVICE/Target/usbd_conf.o
                0x0800c812                HAL_PCD_DataInStageCallback
 .text.HAL_PCD_SOFCallback
                0x0800c846       0x1c ./USB_DEVICE/Target/usbd_conf.o
                0x0800c846                HAL_PCD_SOFCallback
 .text.HAL_PCD_ResetCallback
                0x0800c862       0x50 ./USB_DEVICE/Target/usbd_conf.o
                0x0800c862                HAL_PCD_ResetCallback
 *fill*         0x0800c8b2        0x2 
 .text.HAL_PCD_SuspendCallback
                0x0800c8b4       0x4c ./USB_DEVICE/Target/usbd_conf.o
                0x0800c8b4                HAL_PCD_SuspendCallback
 .text.HAL_PCD_ResumeCallback
                0x0800c900       0x1c ./USB_DEVICE/Target/usbd_conf.o
                0x0800c900                HAL_PCD_ResumeCallback
 .text.HAL_PCD_ISOOUTIncompleteCallback
                0x0800c91c       0x24 ./USB_DEVICE/Target/usbd_conf.o
                0x0800c91c                HAL_PCD_ISOOUTIncompleteCallback
 .text.HAL_PCD_ISOINIncompleteCallback
                0x0800c940       0x24 ./USB_DEVICE/Target/usbd_conf.o
                0x0800c940                HAL_PCD_ISOINIncompleteCallback
 .text.HAL_PCD_ConnectCallback
                0x0800c964       0x1c ./USB_DEVICE/Target/usbd_conf.o
                0x0800c964                HAL_PCD_ConnectCallback
 .text.HAL_PCD_DisconnectCallback
                0x0800c980       0x1c ./USB_DEVICE/Target/usbd_conf.o
                0x0800c980                HAL_PCD_DisconnectCallback
 .text.USBD_LL_Init
                0x0800c99c       0xa4 ./USB_DEVICE/Target/usbd_conf.o
                0x0800c99c                USBD_LL_Init
 .text.USBD_LL_Start
                0x0800ca40       0x36 ./USB_DEVICE/Target/usbd_conf.o
                0x0800ca40                USBD_LL_Start
 .text.USBD_LL_OpenEP
                0x0800ca76       0x4c ./USB_DEVICE/Target/usbd_conf.o
                0x0800ca76                USBD_LL_OpenEP
 .text.USBD_LL_CloseEP
                0x0800cac2       0x3e ./USB_DEVICE/Target/usbd_conf.o
                0x0800cac2                USBD_LL_CloseEP
 .text.USBD_LL_StallEP
                0x0800cb00       0x3e ./USB_DEVICE/Target/usbd_conf.o
                0x0800cb00                USBD_LL_StallEP
 .text.USBD_LL_ClearStallEP
                0x0800cb3e       0x3e ./USB_DEVICE/Target/usbd_conf.o
                0x0800cb3e                USBD_LL_ClearStallEP
 .text.USBD_LL_IsStallEP
                0x0800cb7c       0x58 ./USB_DEVICE/Target/usbd_conf.o
                0x0800cb7c                USBD_LL_IsStallEP
 .text.USBD_LL_SetUSBAddress
                0x0800cbd4       0x3e ./USB_DEVICE/Target/usbd_conf.o
                0x0800cbd4                USBD_LL_SetUSBAddress
 .text.USBD_LL_Transmit
                0x0800cc12       0x42 ./USB_DEVICE/Target/usbd_conf.o
                0x0800cc12                USBD_LL_Transmit
 .text.USBD_LL_PrepareReceive
                0x0800cc54       0x42 ./USB_DEVICE/Target/usbd_conf.o
                0x0800cc54                USBD_LL_PrepareReceive
 *fill*         0x0800cc96        0x2 
 .text.USBD_static_malloc
                0x0800cc98       0x1c ./USB_DEVICE/Target/usbd_conf.o
                0x0800cc98                USBD_static_malloc
 .text.USBD_static_free
                0x0800ccb4       0x14 ./USB_DEVICE/Target/usbd_conf.o
                0x0800ccb4                USBD_static_free
 .text.USBD_Get_USB_Status
                0x0800ccc8       0x58 ./USB_DEVICE/Target/usbd_conf.o
                0x0800ccc8                USBD_Get_USB_Status
 .text.bmi08a_init
                0x0800cd20       0x88 ./bmi085/bmi08a.o
                0x0800cd20                bmi08a_init
 .text.bmi08a_load_config_file
                0x0800cda8      0x138 ./bmi085/bmi08a.o
                0x0800cda8                bmi08a_load_config_file
 .text.bmi08a_get_set_regs
                0x0800cee0       0xb2 ./bmi085/bmi08a.o
                0x0800cee0                bmi08a_get_set_regs
 .text.bmi08a_set_meas_conf
                0x0800cf92       0xea ./bmi085/bmi08a.o
                0x0800cf92                bmi08a_set_meas_conf
 .text.bmi08a_set_power_mode
                0x0800d07c       0xba ./bmi085/bmi08a.o
                0x0800d07c                bmi08a_set_power_mode
 .text.dev_null_ptr_check
                0x0800d136       0x3e ./bmi085/bmi08a.o
 .text.generic_null_ptr_check
                0x0800d174       0x26 ./bmi085/bmi08a.o
 .text.set_get_regs
                0x0800d19a       0xe4 ./bmi085/bmi08a.o
 .text.stream_transfer_write
                0x0800d27e       0x8c ./bmi085/bmi08a.o
 .text.bmi08g_init
                0x0800d30a       0x5c ./bmi085/bmi08g.o
                0x0800d30a                bmi08g_init
 .text.bmi08g_get_regs
                0x0800d366       0x56 ./bmi085/bmi08g.o
                0x0800d366                bmi08g_get_regs
 .text.bmi08g_set_regs
                0x0800d3bc       0x94 ./bmi085/bmi08g.o
                0x0800d3bc                bmi08g_set_regs
 .text.bmi08g_set_meas_conf
                0x0800d450      0x114 ./bmi085/bmi08g.o
                0x0800d450                bmi08g_set_meas_conf
 .text.bmi08g_set_power_mode
                0x0800d564       0xa0 ./bmi085/bmi08g.o
                0x0800d564                bmi08g_set_power_mode
 .text.null_ptr_check
                0x0800d604       0x40 ./bmi085/bmi08g.o
 .text.get_regs
                0x0800d644       0x58 ./bmi085/bmi08g.o
 .text.set_regs
                0x0800d69c       0xb0 ./bmi085/bmi08g.o
 .text.bmi08xa_init
                0x0800d74c       0x58 ./bmi085/bmi08xa.o
                0x0800d74c                bmi08xa_init
 .text.bmi08xa_set_meas_conf
                0x0800d7a4       0x30 ./bmi085/bmi08xa.o
                0x0800d7a4                bmi08xa_set_meas_conf
 .text.set_range
                0x0800d7d4       0xa2 ./bmi085/bmi08xa.o
 .text.memset   0x0800d876       0x10 D:/software/st/STM32CubeIDE_1.15.0/STM32CubeIDE/plugins/com.st.stm32cube.ide.mcu.externaltools.gnu-tools-for-stm32.12.3.rel1.win32_1.0.200.202406191623/tools/bin/../lib/gcc/arm-none-eabi/12.3.1/../../../../arm-none-eabi/lib/thumb/v7e-m+fp/hard\libc_nano.a(libc_a-memset.o)
                0x0800d876                memset
 *fill*         0x0800d886        0x2 
 .text._reclaim_reent
                0x0800d888       0xac D:/software/st/STM32CubeIDE_1.15.0/STM32CubeIDE/plugins/com.st.stm32cube.ide.mcu.externaltools.gnu-tools-for-stm32.12.3.rel1.win32_1.0.200.202406191623/tools/bin/../lib/gcc/arm-none-eabi/12.3.1/../../../../arm-none-eabi/lib/thumb/v7e-m+fp/hard\libc_nano.a(libc_a-reent.o)
                0x0800d888                _reclaim_reent
 .text.__libc_init_array
                0x0800d934       0x48 D:/software/st/STM32CubeIDE_1.15.0/STM32CubeIDE/plugins/com.st.stm32cube.ide.mcu.externaltools.gnu-tools-for-stm32.12.3.rel1.win32_1.0.200.202406191623/tools/bin/../lib/gcc/arm-none-eabi/12.3.1/../../../../arm-none-eabi/lib/thumb/v7e-m+fp/hard\libc_nano.a(libc_a-init.o)
                0x0800d934                __libc_init_array
 .text.__retarget_lock_acquire_recursive
                0x0800d97c        0x2 D:/software/st/STM32CubeIDE_1.15.0/STM32CubeIDE/plugins/com.st.stm32cube.ide.mcu.externaltools.gnu-tools-for-stm32.12.3.rel1.win32_1.0.200.202406191623/tools/bin/../lib/gcc/arm-none-eabi/12.3.1/../../../../arm-none-eabi/lib/thumb/v7e-m+fp/hard\libc_nano.a(libc_a-lock.o)
                0x0800d97c                __retarget_lock_acquire_recursive
 .text.__retarget_lock_release_recursive
                0x0800d97e        0x2 D:/software/st/STM32CubeIDE_1.15.0/STM32CubeIDE/plugins/com.st.stm32cube.ide.mcu.externaltools.gnu-tools-for-stm32.12.3.rel1.win32_1.0.200.202406191623/tools/bin/../lib/gcc/arm-none-eabi/12.3.1/../../../../arm-none-eabi/lib/thumb/v7e-m+fp/hard\libc_nano.a(libc_a-lock.o)
                0x0800d97e                __retarget_lock_release_recursive
 .text.memcpy   0x0800d980       0x1c D:/software/st/STM32CubeIDE_1.15.0/STM32CubeIDE/plugins/com.st.stm32cube.ide.mcu.externaltools.gnu-tools-for-stm32.12.3.rel1.win32_1.0.200.202406191623/tools/bin/../lib/gcc/arm-none-eabi/12.3.1/../../../../arm-none-eabi/lib/thumb/v7e-m+fp/hard\libc_nano.a(libc_a-memcpy-stub.o)
                0x0800d980                memcpy
 .text._free_r  0x0800d99c       0x94 D:/software/st/STM32CubeIDE_1.15.0/STM32CubeIDE/plugins/com.st.stm32cube.ide.mcu.externaltools.gnu-tools-for-stm32.12.3.rel1.win32_1.0.200.202406191623/tools/bin/../lib/gcc/arm-none-eabi/12.3.1/../../../../arm-none-eabi/lib/thumb/v7e-m+fp/hard\libc_nano.a(libc_a-freer.o)
                0x0800d99c                _free_r
 .text.__malloc_lock
                0x0800da30        0xc D:/software/st/STM32CubeIDE_1.15.0/STM32CubeIDE/plugins/com.st.stm32cube.ide.mcu.externaltools.gnu-tools-for-stm32.12.3.rel1.win32_1.0.200.202406191623/tools/bin/../lib/gcc/arm-none-eabi/12.3.1/../../../../arm-none-eabi/lib/thumb/v7e-m+fp/hard\libc_nano.a(libc_a-mlock.o)
                0x0800da30                __malloc_lock
 .text.__malloc_unlock
                0x0800da3c        0xc D:/software/st/STM32CubeIDE_1.15.0/STM32CubeIDE/plugins/com.st.stm32cube.ide.mcu.externaltools.gnu-tools-for-stm32.12.3.rel1.win32_1.0.200.202406191623/tools/bin/../lib/gcc/arm-none-eabi/12.3.1/../../../../arm-none-eabi/lib/thumb/v7e-m+fp/hard\libc_nano.a(libc_a-mlock.o)
                0x0800da3c                __malloc_unlock
 *(.glue_7)
 .glue_7        0x0800da48        0x0 linker stubs
 *(.glue_7t)
 .glue_7t       0x0800da48        0x0 linker stubs
 *(.eh_frame)
 .eh_frame      0x0800da48        0x0 D:/software/st/STM32CubeIDE_1.15.0/STM32CubeIDE/plugins/com.st.stm32cube.ide.mcu.externaltools.gnu-tools-for-stm32.12.3.rel1.win32_1.0.200.202406191623/tools/bin/../lib/gcc/arm-none-eabi/12.3.1/thumb/v7e-m+fp/hard/crtbegin.o
 *(.init)
 .init          0x0800da48        0x4 D:/software/st/STM32CubeIDE_1.15.0/STM32CubeIDE/plugins/com.st.stm32cube.ide.mcu.externaltools.gnu-tools-for-stm32.12.3.rel1.win32_1.0.200.202406191623/tools/bin/../lib/gcc/arm-none-eabi/12.3.1/thumb/v7e-m+fp/hard/crti.o
                0x0800da48                _init
 .init          0x0800da4c        0x8 D:/software/st/STM32CubeIDE_1.15.0/STM32CubeIDE/plugins/com.st.stm32cube.ide.mcu.externaltools.gnu-tools-for-stm32.12.3.rel1.win32_1.0.200.202406191623/tools/bin/../lib/gcc/arm-none-eabi/12.3.1/thumb/v7e-m+fp/hard/crtn.o
 *(.fini)
 .fini          0x0800da54        0x4 D:/software/st/STM32CubeIDE_1.15.0/STM32CubeIDE/plugins/com.st.stm32cube.ide.mcu.externaltools.gnu-tools-for-stm32.12.3.rel1.win32_1.0.200.202406191623/tools/bin/../lib/gcc/arm-none-eabi/12.3.1/thumb/v7e-m+fp/hard/crti.o
                0x0800da54                _fini
 .fini          0x0800da58        0x8 D:/software/st/STM32CubeIDE_1.15.0/STM32CubeIDE/plugins/com.st.stm32cube.ide.mcu.externaltools.gnu-tools-for-stm32.12.3.rel1.win32_1.0.200.202406191623/tools/bin/../lib/gcc/arm-none-eabi/12.3.1/thumb/v7e-m+fp/hard/crtn.o
                0x0800da60                        . = ALIGN (0x4)
                0x0800da60                        _etext = .

.vfp11_veneer   0x0800da60        0x0
 .vfp11_veneer  0x0800da60        0x0 linker stubs

.v4_bx          0x0800da60        0x0
 .v4_bx         0x0800da60        0x0 linker stubs

.iplt           0x0800da60        0x0
 .iplt          0x0800da60        0x0 D:/software/st/STM32CubeIDE_1.15.0/STM32CubeIDE/plugins/com.st.stm32cube.ide.mcu.externaltools.gnu-tools-for-stm32.12.3.rel1.win32_1.0.200.202406191623/tools/bin/../lib/gcc/arm-none-eabi/12.3.1/thumb/v7e-m+fp/hard/crtbegin.o

.rodata         0x0800da60     0x18d0
                0x0800da60                        . = ALIGN (0x4)
 *(.rodata)
 .rodata        0x0800da60        0x5 ./Middlewares/Third_Party/FreeRTOS/Source/tasks.o
 *fill*         0x0800da65        0x3 
 .rodata        0x0800da68        0xc ./Src/task_bmi085.o
 .rodata        0x0800da74        0x9 ./Src/task_led.o
 *fill*         0x0800da7d        0x3 
 .rodata        0x0800da80       0x5d ./USB_DEVICE/App/usbd_desc.o
 *(.rodata*)
 *fill*         0x0800dadd        0x3 
 .rodata.AHBPrescTable
                0x0800dae0       0x10 ./Core/Src/system_stm32f4xx.o
                0x0800dae0                AHBPrescTable
 .rodata.APBPrescTable
                0x0800daf0        0x8 ./Core/Src/system_stm32f4xx.o
                0x0800daf0                APBPrescTable
 .rodata.os_thread_def_task_bmi085
                0x0800daf8       0x1c ./Src/task_bmi085.o
                0x0800daf8                os_thread_def_task_bmi085
 .rodata.os_thread_def_task_led
                0x0800db14       0x1c ./Src/task_led.o
                0x0800db14                os_thread_def_task_led
 .rodata.bmi08x_config_file
                0x0800db30     0x1800 ./bmi085/bmi08xa.o
                0x0800db30                bmi08x_config_file
                0x0800f330                        . = ALIGN (0x4)

.ARM.extab      0x0800f330        0x0
                0x0800f330                        . = ALIGN (0x4)
 *(.ARM.extab* .gnu.linkonce.armextab.*)
                0x0800f330                        . = ALIGN (0x4)

.ARM            0x0800f330        0x8
                0x0800f330                        . = ALIGN (0x4)
                0x0800f330                        __exidx_start = .
 *(.ARM.exidx*)
 .ARM.exidx     0x0800f330        0x8 D:/software/st/STM32CubeIDE_1.15.0/STM32CubeIDE/plugins/com.st.stm32cube.ide.mcu.externaltools.gnu-tools-for-stm32.12.3.rel1.win32_1.0.200.202406191623/tools/bin/../lib/gcc/arm-none-eabi/12.3.1/thumb/v7e-m+fp/hard\libgcc.a(_udivmoddi4.o)
                0x0800f338                        __exidx_end = .
                0x0800f338                        . = ALIGN (0x4)

.preinit_array  0x0800f338        0x0
                0x0800f338                        . = ALIGN (0x4)
                0x0800f338                        PROVIDE (__preinit_array_start = .)
 *(.preinit_array*)
                0x0800f338                        PROVIDE (__preinit_array_end = .)
                0x0800f338                        . = ALIGN (0x4)

.init_array     0x0800f338        0x4
                0x0800f338                        . = ALIGN (0x4)
                0x0800f338                        PROVIDE (__init_array_start = .)
 *(SORT_BY_NAME(.init_array.*))
 *(.init_array*)
 .init_array    0x0800f338        0x4 D:/software/st/STM32CubeIDE_1.15.0/STM32CubeIDE/plugins/com.st.stm32cube.ide.mcu.externaltools.gnu-tools-for-stm32.12.3.rel1.win32_1.0.200.202406191623/tools/bin/../lib/gcc/arm-none-eabi/12.3.1/thumb/v7e-m+fp/hard/crtbegin.o
                0x0800f33c                        PROVIDE (__init_array_end = .)
                0x0800f33c                        . = ALIGN (0x4)

.fini_array     0x0800f33c        0x4
                0x0800f33c                        . = ALIGN (0x4)
                [!provide]                        PROVIDE (__fini_array_start = .)
 *(SORT_BY_NAME(.fini_array.*))
 *(.fini_array*)
 .fini_array    0x0800f33c        0x4 D:/software/st/STM32CubeIDE_1.15.0/STM32CubeIDE/plugins/com.st.stm32cube.ide.mcu.externaltools.gnu-tools-for-stm32.12.3.rel1.win32_1.0.200.202406191623/tools/bin/../lib/gcc/arm-none-eabi/12.3.1/thumb/v7e-m+fp/hard/crtbegin.o
                [!provide]                        PROVIDE (__fini_array_end = .)
                0x0800f340                        . = ALIGN (0x4)
                0x0800f340                        _sidata = LOADADDR (.data)

.rel.dyn        0x0800f340        0x0
 .rel.iplt      0x0800f340        0x0 D:/software/st/STM32CubeIDE_1.15.0/STM32CubeIDE/plugins/com.st.stm32cube.ide.mcu.externaltools.gnu-tools-for-stm32.12.3.rel1.win32_1.0.200.202406191623/tools/bin/../lib/gcc/arm-none-eabi/12.3.1/thumb/v7e-m+fp/hard/crtbegin.o

.data           0x20000000      0x144 load address 0x0800f340
                0x20000000                        . = ALIGN (0x4)
                0x20000000                        _sdata = .
 *(.data)
 *(.data*)
 .data.SystemCoreClock
                0x20000000        0x4 ./Core/Src/system_stm32f4xx.o
                0x20000000                SystemCoreClock
 .data.uwTickPrio
                0x20000004        0x4 ./Drivers/STM32F4xx_HAL_Driver/Src/stm32f4xx_hal.o
                0x20000004                uwTickPrio
 .data.uwTickFreq
                0x20000008        0x1 ./Drivers/STM32F4xx_HAL_Driver/Src/stm32f4xx_hal.o
                0x20000008                uwTickFreq
 *fill*         0x20000009        0x3 
 .data.USBD_CUSTOM_HID
                0x2000000c       0x38 ./Middlewares/ST/STM32_USB_Device_Library/Class/CustomHID/Src/usbd_customhid.o
                0x2000000c                USBD_CUSTOM_HID
 .data.USBD_CUSTOM_HID_CfgDesc
                0x20000044       0x29 ./Middlewares/ST/STM32_USB_Device_Library/Class/CustomHID/Src/usbd_customhid.o
 *fill*         0x2000006d        0x3 
 .data.USBD_CUSTOM_HID_Desc
                0x20000070        0x9 ./Middlewares/ST/STM32_USB_Device_Library/Class/CustomHID/Src/usbd_customhid.o
 *fill*         0x20000079        0x3 
 .data.USBD_CUSTOM_HID_DeviceQualifierDesc
                0x2000007c        0xa ./Middlewares/ST/STM32_USB_Device_Library/Class/CustomHID/Src/usbd_customhid.o
 .data.CUSTOMHIDInEpAdd
                0x20000086        0x1 ./Middlewares/ST/STM32_USB_Device_Library/Class/CustomHID/Src/usbd_customhid.o
 .data.CUSTOMHIDOutEpAdd
                0x20000087        0x1 ./Middlewares/ST/STM32_USB_Device_Library/Class/CustomHID/Src/usbd_customhid.o
 .data.uxCriticalNesting
                0x20000088        0x4 ./Middlewares/Third_Party/FreeRTOS/Source/portable/GCC/ARM_CM4F/port.o
 .data.led_value
                0x2000008c        0x1 ./Src/task_led.o
                0x2000008c                led_value
 *fill*         0x2000008d        0x3 
 .data.CUSTOM_HID_ReportDesc_HS
                0x20000090        0x2 ./USB_DEVICE/App/usbd_custom_hid_if.o
 *fill*         0x20000092        0x2 
 .data.USBD_CustomHID_fops_HS
                0x20000094       0x10 ./USB_DEVICE/App/usbd_custom_hid_if.o
                0x20000094                USBD_CustomHID_fops_HS
 .data.HS_Desc  0x200000a4       0x1c ./USB_DEVICE/App/usbd_desc.o
                0x200000a4                HS_Desc
 .data.USBD_HS_DeviceDesc
                0x200000c0       0x12 ./USB_DEVICE/App/usbd_desc.o
                0x200000c0                USBD_HS_DeviceDesc
 *fill*         0x200000d2        0x2 
 .data.USBD_LangIDDesc
                0x200000d4        0x4 ./USB_DEVICE/App/usbd_desc.o
                0x200000d4                USBD_LangIDDesc
 .data.USBD_StringSerial
                0x200000d8       0x1a ./USB_DEVICE/App/usbd_desc.o
                0x200000d8                USBD_StringSerial
 *fill*         0x200000f2        0x2 
 .data._impure_ptr
                0x200000f4        0x4 D:/software/st/STM32CubeIDE_1.15.0/STM32CubeIDE/plugins/com.st.stm32cube.ide.mcu.externaltools.gnu-tools-for-stm32.12.3.rel1.win32_1.0.200.202406191623/tools/bin/../lib/gcc/arm-none-eabi/12.3.1/../../../../arm-none-eabi/lib/thumb/v7e-m+fp/hard\libc_nano.a(libc_a-impure.o)
                0x200000f4                _impure_ptr
 .data._impure_data
                0x200000f8       0x4c D:/software/st/STM32CubeIDE_1.15.0/STM32CubeIDE/plugins/com.st.stm32cube.ide.mcu.externaltools.gnu-tools-for-stm32.12.3.rel1.win32_1.0.200.202406191623/tools/bin/../lib/gcc/arm-none-eabi/12.3.1/../../../../arm-none-eabi/lib/thumb/v7e-m+fp/hard\libc_nano.a(libc_a-impure.o)
                0x200000f8                _impure_data
 *(.RamFunc)
 *(.RamFunc*)
                0x20000144                        . = ALIGN (0x4)
                0x20000144                        _edata = .
                0x0800f484                        _siccmram = LOADADDR (.ccmram)

.igot.plt       0x20000144        0x0 load address 0x0800f484
 .igot.plt      0x20000144        0x0 D:/software/st/STM32CubeIDE_1.15.0/STM32CubeIDE/plugins/com.st.stm32cube.ide.mcu.externaltools.gnu-tools-for-stm32.12.3.rel1.win32_1.0.200.202406191623/tools/bin/../lib/gcc/arm-none-eabi/12.3.1/thumb/v7e-m+fp/hard/crtbegin.o

.ccmram         0x10000000        0x0 load address 0x0800f484
                0x10000000                        . = ALIGN (0x4)
                0x10000000                        _sccmram = .
 *(.ccmram)
 *(.ccmram*)
                0x10000000                        . = ALIGN (0x4)
                0x10000000                        _eccmram = .
                0x10000000                        . = ALIGN (0x4)

.bss            0x20000144     0x4d14
                0x20000144                        _sbss = .
                0x20000144                        __bss_start__ = _sbss
 *(.bss)
 .bss           0x20000144       0x1c D:/software/st/STM32CubeIDE_1.15.0/STM32CubeIDE/plugins/com.st.stm32cube.ide.mcu.externaltools.gnu-tools-for-stm32.12.3.rel1.win32_1.0.200.202406191623/tools/bin/../lib/gcc/arm-none-eabi/12.3.1/thumb/v7e-m+fp/hard/crtbegin.o
 *(.bss*)
 .bss.xIdleTaskTCBBuffer
                0x20000160       0xa0 ./Core/Src/freertos.o
 .bss.xIdleStack
                0x20000200      0x200 ./Core/Src/freertos.o
 .bss.hadc1     0x20000400       0x48 ./Core/Src/main.o
                0x20000400                hadc1
 .bss.hi2c1     0x20000448       0x54 ./Core/Src/main.o
                0x20000448                hi2c1
 .bss.hi2c2     0x2000049c       0x54 ./Core/Src/main.o
                0x2000049c                hi2c2
 .bss.huart1    0x200004f0       0x48 ./Core/Src/main.o
                0x200004f0                huart1
 .bss.huart2    0x20000538       0x48 ./Core/Src/main.o
                0x20000538                huart2
 .bss.htim1     0x20000580       0x48 ./Core/Src/stm32f4xx_hal_timebase_tim.o
                0x20000580                htim1
 .bss.uwTick    0x200005c8        0x4 ./Drivers/STM32F4xx_HAL_Driver/Src/stm32f4xx_hal.o
                0x200005c8                uwTick
 .bss.cfgidx.0  0x200005cc        0x1 ./Middlewares/ST/STM32_USB_Device_Library/Core/Src/usbd_ctlreq.o
 *fill*         0x200005cd        0x3 
 .bss.pxCurrentTCB
                0x200005d0        0x4 ./Middlewares/Third_Party/FreeRTOS/Source/tasks.o
                0x200005d0                pxCurrentTCB
 .bss.pxReadyTasksLists
                0x200005d4       0x50 ./Middlewares/Third_Party/FreeRTOS/Source/tasks.o
 .bss.xDelayedTaskList1
                0x20000624       0x14 ./Middlewares/Third_Party/FreeRTOS/Source/tasks.o
 .bss.xDelayedTaskList2
                0x20000638       0x14 ./Middlewares/Third_Party/FreeRTOS/Source/tasks.o
 .bss.pxDelayedTaskList
                0x2000064c        0x4 ./Middlewares/Third_Party/FreeRTOS/Source/tasks.o
 .bss.pxOverflowDelayedTaskList
                0x20000650        0x4 ./Middlewares/Third_Party/FreeRTOS/Source/tasks.o
 .bss.xPendingReadyList
                0x20000654       0x14 ./Middlewares/Third_Party/FreeRTOS/Source/tasks.o
 .bss.xTasksWaitingTermination
                0x20000668       0x14 ./Middlewares/Third_Party/FreeRTOS/Source/tasks.o
 .bss.uxDeletedTasksWaitingCleanUp
                0x2000067c        0x4 ./Middlewares/Third_Party/FreeRTOS/Source/tasks.o
 .bss.xSuspendedTaskList
                0x20000680       0x14 ./Middlewares/Third_Party/FreeRTOS/Source/tasks.o
 .bss.uxCurrentNumberOfTasks
                0x20000694        0x4 ./Middlewares/Third_Party/FreeRTOS/Source/tasks.o
 .bss.xTickCount
                0x20000698        0x4 ./Middlewares/Third_Party/FreeRTOS/Source/tasks.o
 .bss.uxTopReadyPriority
                0x2000069c        0x4 ./Middlewares/Third_Party/FreeRTOS/Source/tasks.o
 .bss.xSchedulerRunning
                0x200006a0        0x4 ./Middlewares/Third_Party/FreeRTOS/Source/tasks.o
 .bss.xPendedTicks
                0x200006a4        0x4 ./Middlewares/Third_Party/FreeRTOS/Source/tasks.o
 .bss.xYieldPending
                0x200006a8        0x4 ./Middlewares/Third_Party/FreeRTOS/Source/tasks.o
 .bss.xNumOfOverflows
                0x200006ac        0x4 ./Middlewares/Third_Party/FreeRTOS/Source/tasks.o
 .bss.uxTaskNumber
                0x200006b0        0x4 ./Middlewares/Third_Party/FreeRTOS/Source/tasks.o
 .bss.xNextTaskUnblockTime
                0x200006b4        0x4 ./Middlewares/Third_Party/FreeRTOS/Source/tasks.o
 .bss.xIdleTaskHandle
                0x200006b8        0x4 ./Middlewares/Third_Party/FreeRTOS/Source/tasks.o
 .bss.uxSchedulerSuspended
                0x200006bc        0x4 ./Middlewares/Third_Party/FreeRTOS/Source/tasks.o
 .bss.ucMaxSysCallPriority
                0x200006c0        0x1 ./Middlewares/Third_Party/FreeRTOS/Source/portable/GCC/ARM_CM4F/port.o
 *fill*         0x200006c1        0x3 
 .bss.ulMaxPRIGROUPValue
                0x200006c4        0x4 ./Middlewares/Third_Party/FreeRTOS/Source/portable/GCC/ARM_CM4F/port.o
 .bss.ucHeap    0x200006c8     0x3c00 ./Middlewares/Third_Party/FreeRTOS/Source/portable/MemMang/heap_4.o
 .bss.xStart    0x200042c8        0x8 ./Middlewares/Third_Party/FreeRTOS/Source/portable/MemMang/heap_4.o
 .bss.pxEnd     0x200042d0        0x4 ./Middlewares/Third_Party/FreeRTOS/Source/portable/MemMang/heap_4.o
 .bss.xFreeBytesRemaining
                0x200042d4        0x4 ./Middlewares/Third_Party/FreeRTOS/Source/portable/MemMang/heap_4.o
 .bss.xMinimumEverFreeBytesRemaining
                0x200042d8        0x4 ./Middlewares/Third_Party/FreeRTOS/Source/portable/MemMang/heap_4.o
 .bss.xNumberOfSuccessfulAllocations
                0x200042dc        0x4 ./Middlewares/Third_Party/FreeRTOS/Source/portable/MemMang/heap_4.o
 .bss.xNumberOfSuccessfulFrees
                0x200042e0        0x4 ./Middlewares/Third_Party/FreeRTOS/Source/portable/MemMang/heap_4.o
 .bss.xBlockAllocatedBit
                0x200042e4        0x4 ./Middlewares/Third_Party/FreeRTOS/Source/portable/MemMang/heap_4.o
 .bss.bmi085    0x200042e8       0x3c ./Src/task_bmi085.o
                0x200042e8                bmi085
 .bss.mutex     0x20004324        0x8 ./Src/task_led.o
 .bss.mutexId   0x2000432c        0x4 ./Src/task_led.o
 .bss.rx_queue_id
                0x20004330        0x4 ./Src/task_uart_output.o
                0x20004330                rx_queue_id
 .bss.adc_queue_id
                0x20004334        0x4 ./Src/task_uart_output.o
                0x20004334                adc_queue_id
 .bss.global_c  0x20004338        0x1 ./Src/task_uart_output.o
 *fill*         0x20004339        0x3 
 .bss.hUsbDeviceHS
                0x2000433c      0x2dc ./USB_DEVICE/App/usb_device.o
                0x2000433c                hUsbDeviceHS
 .bss.USBD_StrDesc
                0x20004618      0x200 ./USB_DEVICE/App/usbd_desc.o
                0x20004618                USBD_StrDesc
 .bss.hpcd_USB_OTG_HS
                0x20004818      0x4e4 ./USB_DEVICE/Target/usbd_conf.o
                0x20004818                hpcd_USB_OTG_HS
 .bss.mem.0     0x20004cfc       0x1c ./USB_DEVICE/Target/usbd_conf.o
 .bss.__sf      0x20004d18      0x138 D:/software/st/STM32CubeIDE_1.15.0/STM32CubeIDE/plugins/com.st.stm32cube.ide.mcu.externaltools.gnu-tools-for-stm32.12.3.rel1.win32_1.0.200.202406191623/tools/bin/../lib/gcc/arm-none-eabi/12.3.1/../../../../arm-none-eabi/lib/thumb/v7e-m+fp/hard\libc_nano.a(libc_a-findfp.o)
                0x20004d18                __sf
 .bss.__lock___malloc_recursive_mutex
                0x20004e50        0x1 D:/software/st/STM32CubeIDE_1.15.0/STM32CubeIDE/plugins/com.st.stm32cube.ide.mcu.externaltools.gnu-tools-for-stm32.12.3.rel1.win32_1.0.200.202406191623/tools/bin/../lib/gcc/arm-none-eabi/12.3.1/../../../../arm-none-eabi/lib/thumb/v7e-m+fp/hard\libc_nano.a(libc_a-lock.o)
                0x20004e50                __lock___malloc_recursive_mutex
 *fill*         0x20004e51        0x3 
 .bss.__malloc_free_list
                0x20004e54        0x4 D:/software/st/STM32CubeIDE_1.15.0/STM32CubeIDE/plugins/com.st.stm32cube.ide.mcu.externaltools.gnu-tools-for-stm32.12.3.rel1.win32_1.0.200.202406191623/tools/bin/../lib/gcc/arm-none-eabi/12.3.1/../../../../arm-none-eabi/lib/thumb/v7e-m+fp/hard\libc_nano.a(libc_a-mallocr.o)
                0x20004e54                __malloc_free_list
 *(COMMON)
                0x20004e58                        . = ALIGN (0x4)
                0x20004e58                        _ebss = .
                0x20004e58                        __bss_end__ = _ebss

._user_heap_stack
                0x20004e58      0x600
                0x20004e58                        . = ALIGN (0x8)
                [!provide]                        PROVIDE (end = .)
                0x20004e58                        PROVIDE (_end = .)
                0x20005058                        . = (. + _Min_Heap_Size)
 *fill*         0x20004e58      0x200 
                0x20005458                        . = (. + _Min_Stack_Size)
 *fill*         0x20005058      0x400 
                0x20005458                        . = ALIGN (0x8)

/DISCARD/
 libc.a(*)
 libm.a(*)
 libgcc.a(*)

.ARM.attributes
                0x00000000       0x30
 *(.ARM.attributes)
 .ARM.attributes
                0x00000000       0x22 D:/software/st/STM32CubeIDE_1.15.0/STM32CubeIDE/plugins/com.st.stm32cube.ide.mcu.externaltools.gnu-tools-for-stm32.12.3.rel1.win32_1.0.200.202406191623/tools/bin/../lib/gcc/arm-none-eabi/12.3.1/thumb/v7e-m+fp/hard/crti.o
 .ARM.attributes
                0x00000022       0x34 D:/software/st/STM32CubeIDE_1.15.0/STM32CubeIDE/plugins/com.st.stm32cube.ide.mcu.externaltools.gnu-tools-for-stm32.12.3.rel1.win32_1.0.200.202406191623/tools/bin/../lib/gcc/arm-none-eabi/12.3.1/thumb/v7e-m+fp/hard/crtbegin.o
 .ARM.attributes
                0x00000056       0x34 ./Core/Src/freertos.o
 .ARM.attributes
                0x0000008a       0x34 ./Core/Src/main.o
 .ARM.attributes
                0x000000be       0x34 ./Core/Src/stm32f4xx_hal_msp.o
 .ARM.attributes
                0x000000f2       0x34 ./Core/Src/stm32f4xx_hal_timebase_tim.o
 .ARM.attributes
                0x00000126       0x34 ./Core/Src/stm32f4xx_it.o
 .ARM.attributes
                0x0000015a       0x34 ./Core/Src/system_stm32f4xx.o
 .ARM.attributes
                0x0000018e       0x21 ./Core/Startup/startup_stm32f405rgtx.o
 .ARM.attributes
                0x000001af       0x34 ./Drivers/STM32F4xx_HAL_Driver/Src/stm32f4xx_hal.o
 .ARM.attributes
                0x000001e3       0x34 ./Drivers/STM32F4xx_HAL_Driver/Src/stm32f4xx_hal_adc.o
 .ARM.attributes
                0x00000217       0x34 ./Drivers/STM32F4xx_HAL_Driver/Src/stm32f4xx_hal_adc_ex.o
 .ARM.attributes