../USB_DEVICE/App/usbd_desc.c:259:11:USBD_HS_DeviceDescriptor	0	static
../USB_DEVICE/App/usbd_desc.c:272:11:USBD_HS_LangIDStrDescriptor	0	static
../USB_DEVICE/App/usbd_desc.c:416:13:IntToUnicode	16	static
../USB_DEVICE/App/usbd_desc.c:317:11:USBD_HS_SerialStrDescriptor	8	static
../USB_DEVICE/App/usbd_desc.c:304:11:USBD_HS_ManufacturerStrDescriptor	8	static
../USB_DEVICE/App/usbd_desc.c:285:11:USBD_HS_ProductStrDescriptor	8	static
../USB_DEVICE/App/usbd_desc.c:338:11:USBD_HS_ConfigStrDescriptor	8	static
../USB_DEVICE/App/usbd_desc.c:357:11:USBD_HS_InterfaceStrDescriptor	8	static
