../Src/task_uart_output.c:311:6:ulong_to_hex.constprop	40	static
../Src/task_uart_output.c:283:6:short_to_hex.constprop	40	static
../Src/task_uart_output.c:34:6:task_uart_output_init	8	static
../Src/task_uart_output.c:55:6:HAL_UART_RxCpltCallback	8	static
../Src/task_uart_output.c:65:6:HAL_ADC_ConvCpltCallback	8	static
../Src/task_uart_output.c:169:6:parse_cmd	40	static
../Src/task_uart_output.c:76:6:func_task_uart_rx	32	static
../Src/task_uart_output.c:297:6:ushort_to_hex	48	static
../Src/task_uart_output.c:89:6:func_task_uart_tx	72	static
