2024-09-07 14:18:23,868 [INFO] Activator:176 - 


2024-09-07 14:18:23,871 [INFO] Activator:177 - !SESSION log4j initialized
2024-09-07 14:18:35,454 [INFO] LogOutputStream:77 - [STDOUT_REDIRECT] 
2024-09-07 14:18:36,994 [INFO] ApplicationProperties:184 - Using Application install path: D:\software\st\STM32CubeIDE_1.15.0\STM32CubeIDE\plugins\com.st.stm32cube.common.mx_6.12.0.202406281431
2024-09-07 14:18:37,014 [INFO] DbMcusXml:78 - Set database path to: D:\software\st\STM32CubeIDE_1.15.0\STM32CubeIDE\plugins\com.st.stm32cube.common.mx_6.12.0.202406281431\\db\/mcu/
2024-09-07 14:18:37,014 [INFO] ApiDb:274 - Set plugin database path to: D:\software\st\STM32CubeIDE_1.15.0\STM32CubeIDE\plugins\com.st.stm32cube.common.mx_6.12.0.202406281431\\db\/plugins/boardmanager/
2024-09-07 14:18:37,014 [WARN] ApiDb:259 - Overriding images path with different value:  => D:\software\st\STM32CubeIDE_1.15.0\STM32CubeIDE\plugins\com.st.stm32cube.common.mx_6.12.0.202406281431\\db\/plugins/mcufinder/images/
2024-09-07 14:18:37,089 [INFO] ApiDb:250 - Set database path to: C:\Users\bashk\.stmcufinder\plugins\mcufinder//mcu/
2024-09-07 14:18:37,089 [INFO] DbMcusAds:125 - Set database path to: C:\Users\bashk\.stmcufinder\plugins\mcufinder//mcu/
2024-09-07 14:18:37,090 [INFO] CrossReferenceDbSqlite:203 - Set database path to: C:\Users\bashk\.stmcufinder\plugins\mcufinder//mcu/cs/
2024-09-07 14:18:37,190 [INFO] RulesReader:64 - Compatibility file has been processed (297 Rules)
2024-09-07 14:18:37,356 [INFO] DbMcusXml:78 - Set database path to: D:\software\st\STM32CubeIDE_1.15.0\STM32CubeIDE\plugins\com.st.stm32cube.common.mx_6.12.0.202406281431\\db\/mcu/
2024-09-07 14:18:37,357 [INFO] ApiDb:274 - Set plugin database path to: D:\software\st\STM32CubeIDE_1.15.0\STM32CubeIDE\plugins\com.st.stm32cube.common.mx_6.12.0.202406281431\\db\/plugins/boardmanager/
2024-09-07 14:18:37,357 [INFO] ApiDb:261 - Set plugin images path to: D:\software\st\STM32CubeIDE_1.15.0\STM32CubeIDE\plugins\com.st.stm32cube.common.mx_6.12.0.202406281431\\db\/plugins/mcufinder/images/
2024-09-07 14:18:37,357 [WARN] DbFile:41 - Overriding database path with different value: C:\Users\bashk\.stmcufinder\plugins\mcufinder/ => C:\Users\bashk\.stmcufinder\plugins\mcufinder
2024-09-07 14:18:37,357 [INFO] ApiDb:250 - Set database path to: C:\Users\bashk\.stmcufinder\plugins\mcufinder//mcu/
2024-09-07 14:18:37,357 [WARN] DbFile:41 - Overriding database path with different value: C:\Users\bashk\.stmcufinder\plugins\mcufinder/ => C:\Users\bashk\.stmcufinder\plugins\mcufinder
2024-09-07 14:18:37,357 [INFO] DbMcusAds:125 - Set database path to: C:\Users\bashk\.stmcufinder\plugins\mcufinder//mcu/
2024-09-07 14:18:37,357 [WARN] DbFile:41 - Overriding database path with different value: C:\Users\bashk\.stmcufinder\plugins\mcufinder/ => C:\Users\bashk\.stmcufinder\plugins\mcufinder
2024-09-07 14:18:37,357 [WARN] DbFile:41 - Overriding database path with different value: C:\Users\bashk\.stmcufinder\plugins\mcufinder/ => C:\Users\bashk\.stmcufinder\plugins\mcufinder
2024-09-07 14:18:37,357 [INFO] CrossReferenceDbSqlite:203 - Set database path to: C:\Users\bashk\.stmcufinder\plugins\mcufinder//mcu/cs/
2024-09-07 14:18:37,411 [INFO] MainPanel:268 - HeapMemory: 268435456
2024-09-07 14:18:37,504 [INFO] DbMcusXml:78 - Set database path to: D:\software\st\STM32CubeIDE_1.15.0\STM32CubeIDE\plugins\com.st.stm32cube.common.mx_6.12.0.202406281431\\db\/mcu/
2024-09-07 14:18:37,504 [INFO] ApiDb:274 - Set plugin database path to: D:\software\st\STM32CubeIDE_1.15.0\STM32CubeIDE\plugins\com.st.stm32cube.common.mx_6.12.0.202406281431\\db\/plugins/boardmanager/
2024-09-07 14:18:37,504 [INFO] ApiDb:261 - Set plugin images path to: D:\software\st\STM32CubeIDE_1.15.0\STM32CubeIDE\plugins\com.st.stm32cube.common.mx_6.12.0.202406281431\\db\/plugins/mcufinder/images/
2024-09-07 14:18:37,505 [WARN] DbFile:41 - Overriding database path with different value: C:\Users\bashk\.stmcufinder\plugins\mcufinder/ => C:\Users\bashk\.stmcufinder\plugins\mcufinder
2024-09-07 14:18:37,505 [INFO] ApiDb:250 - Set database path to: C:\Users\bashk\.stmcufinder\plugins\mcufinder//mcu/
2024-09-07 14:18:37,505 [WARN] DbFile:41 - Overriding database path with different value: C:\Users\bashk\.stmcufinder\plugins\mcufinder/ => C:\Users\bashk\.stmcufinder\plugins\mcufinder
2024-09-07 14:18:37,505 [INFO] DbMcusAds:125 - Set database path to: C:\Users\bashk\.stmcufinder\plugins\mcufinder//mcu/
2024-09-07 14:18:37,505 [WARN] DbFile:41 - Overriding database path with different value: C:\Users\bashk\.stmcufinder\plugins\mcufinder/ => C:\Users\bashk\.stmcufinder\plugins\mcufinder
2024-09-07 14:18:37,505 [WARN] DbFile:41 - Overriding database path with different value: C:\Users\bashk\.stmcufinder\plugins\mcufinder/ => C:\Users\bashk\.stmcufinder\plugins\mcufinder
2024-09-07 14:18:37,505 [INFO] CrossReferenceDbSqlite:203 - Set database path to: C:\Users\bashk\.stmcufinder\plugins\mcufinder//mcu/cs/
2024-09-07 14:18:37,514 [INFO] ApplicationProperties:184 - Using Application install path: D:\software\st\STM32CubeIDE_1.15.0\STM32CubeIDE\plugins\com.st.stm32cube.common.mx_6.12.0.202406281431
2024-09-07 14:18:37,515 [INFO] PluginManage:196 - Search for loadable plugins [exclusion list=, ]
2024-09-07 14:18:37,516 [INFO] PluginManage:310 - Check plugin analytics
2024-09-07 14:18:37,669 [INFO] AnalyticsPlugin:253 - Accepted Software Licenses: STM32CubeMX.6.11.0,STM32CubeMX.6.12.0
2024-09-07 14:18:37,669 [INFO] AnalyticsPlugin:255 - Accepted CMSIS Pack Licenses: 
2024-09-07 14:18:37,669 [INFO] AnalyticsPlugin:257 - Accepted Firmware Licenses: FW.F4.1.28.0
2024-09-07 14:18:37,670 [INFO] PluginManage:359 - Loaded plugin analytics (category:tool,tabindex:-1)
2024-09-07 14:18:37,670 [INFO] PluginManage:310 - Check plugin cadmodel
2024-09-07 14:18:37,728 [INFO] CADModel:105 - Init CAD model plugin
2024-09-07 14:18:37,729 [INFO] PluginManage:359 - Loaded plugin cadmodel (category:power,tabindex:5)
2024-09-07 14:18:37,729 [INFO] PluginManage:310 - Check plugin clock
2024-09-07 14:18:37,808 [INFO] PluginManage:359 - Loaded plugin clock (category:base,tabindex:2)
2024-09-07 14:18:37,809 [INFO] PluginManage:310 - Check plugin ddr
2024-09-07 14:18:37,813 [INFO] PluginManage:359 - Loaded plugin ddr (category:tool,tabindex:6)
2024-09-07 14:18:37,813 [INFO] PluginManage:310 - Check plugin filemanager
2024-09-07 14:18:37,991 [INFO] PluginManage:359 - Loaded plugin filemanager (category:base,tabindex:10)
2024-09-07 14:18:37,992 [INFO] PluginManage:310 - Check plugin ipmanager
2024-09-07 14:18:38,004 [INFO] PluginManage:359 - Loaded plugin ipmanager (category:base,tabindex:5)
2024-09-07 14:18:38,004 [INFO] PluginManage:310 - Check plugin lpbam
2024-09-07 14:18:38,044 [INFO] PluginManage:359 - Loaded plugin lpbam (category:base,tabindex:0)
2024-09-07 14:18:38,044 [INFO] PluginManage:310 - Check plugin memorymap
2024-09-07 14:18:38,092 [INFO] PluginManage:359 - Loaded plugin memorymap (category:base,tabindex:4)
2024-09-07 14:18:38,093 [INFO] PluginManage:310 - Check plugin pinoutandconfiguration
2024-09-07 14:18:38,126 [INFO] PluginManage:359 - Loaded plugin pinoutandconfiguration (category:base,tabindex:1)
2024-09-07 14:18:38,126 [INFO] PluginManage:310 - Check plugin pinoutconfig
2024-09-07 14:18:38,223 [WARN] SupportedApi:132 - Cannot load RTOS API schema: s4s-elt-must-match.1: The content of 'definitions' must match (annotation?, (simpleType | complexType)?, (unique | key | keyref)*)). A problem was found starting at: attribute.
2024-09-07 14:18:38,511 [INFO] PluginManage:359 - Loaded plugin pinoutconfig (category:base,tabindex:0)
2024-09-07 14:18:38,511 [INFO] PluginManage:310 - Check plugin power
2024-09-07 14:18:38,663 [INFO] PluginManage:359 - Loaded plugin power (category:power,tabindex:4)
2024-09-07 14:18:38,663 [INFO] PluginManage:310 - Check plugin projectmanager
2024-09-07 14:18:38,685 [INFO] PluginManage:359 - Loaded plugin projectmanager (category:projectmanager,tabindex:4)
2024-09-07 14:18:38,686 [INFO] PluginManage:310 - Check plugin rif
2024-09-07 14:18:38,747 [INFO] PluginManage:359 - Loaded plugin rif (category:base,tabindex:3)
2024-09-07 14:18:38,747 [INFO] PluginManage:310 - Check plugin thirdparty
2024-09-07 14:18:39,007 [INFO] PluginManage:359 - Loaded plugin thirdparty (category:base,tabindex:-1)
2024-09-07 14:18:39,007 [WARN] IntegrityCheckThread:84 - waiting for thirdparty lock release [integrity check]
2024-09-07 14:18:39,008 [INFO] PluginManage:310 - Check plugin tools
2024-09-07 14:18:39,008 [INFO] IntegrityCheckThread:86 - entering critical section [integrity check]
2024-09-07 14:18:39,008 [INFO] ThirdPartyUpdaterWithRetryManager:70 - Updater plugin not ready yet. [1/15]
2024-09-07 14:18:39,030 [INFO] PluginManage:359 - Loaded plugin tools (category:base,tabindex:7)
2024-09-07 14:18:39,030 [INFO] PluginManage:310 - Check plugin tutovideos
2024-09-07 14:18:39,160 [INFO] PluginManage:359 - Loaded plugin tutovideos (category:base,tabindex:-1)
2024-09-07 14:18:39,160 [INFO] PluginManage:310 - Check plugin updater
2024-09-07 14:18:39,182 [INFO] PluginManage:359 - Loaded plugin updater (category:base,tabindex:12)
2024-09-07 14:18:39,182 [INFO] PluginManage:310 - Check plugin userauth
2024-09-07 14:18:39,197 [INFO] UserAuth:113 - Init User Auth plugin
2024-09-07 14:18:39,197 [INFO] PluginManage:359 - Loaded plugin userauth (category:base,tabindex:14)
2024-09-07 14:18:39,197 [INFO] PluginManage:283 - PluginManage : Loaded plugins [18]
2024-09-07 14:18:39,351 [INFO] PinOutPanel:1561 - setPackage(No Configuration,No Configuration)
2024-09-07 14:18:39,427 [INFO] CADModel:165 - CPN selected for project level
2024-09-07 14:18:39,427 [INFO] CADModel:114 - Register for checkConnection events
2024-09-07 14:18:39,506 [INFO] IPUIPlugin:80 - create IPUIPlugin
2024-09-07 14:18:39,506 [INFO] PluginManager:220 - loadIPPluginJar : add adc
2024-09-07 14:18:39,530 [INFO] IPUIPlugin:80 - create IPUIPlugin
2024-09-07 14:18:39,530 [INFO] PluginManager:220 - loadIPPluginJar : add aes
2024-09-07 14:18:39,559 [INFO] IPUIPlugin:80 - create IPUIPlugin
2024-09-07 14:18:39,559 [INFO] PluginManager:220 - loadIPPluginJar : add can
2024-09-07 14:18:39,571 [INFO] IPUIPlugin:80 - create IPUIPlugin
2024-09-07 14:18:39,571 [INFO] PluginManager:220 - loadIPPluginJar : add comp
2024-09-07 14:18:39,588 [INFO] IPUIPlugin:80 - create IPUIPlugin
2024-09-07 14:18:39,588 [INFO] PluginManager:220 - loadIPPluginJar : add cryp
2024-09-07 14:18:39,699 [INFO] IPUIPlugin:80 - create IPUIPlugin
2024-09-07 14:18:39,700 [INFO] PluginManager:220 - loadIPPluginJar : add ddr_ctrl_phy
2024-09-07 14:18:39,720 [INFO] IPUIPlugin:80 - create IPUIPlugin
2024-09-07 14:18:39,720 [INFO] PluginManager:220 - loadIPPluginJar : add dfsdm
2024-09-07 14:18:39,728 [INFO] IPUIPlugin:80 - create IPUIPlugin
2024-09-07 14:18:39,729 [INFO] PluginManager:220 - loadIPPluginJar : add dma
2024-09-07 14:18:39,778 [INFO] IPUIPlugin:80 - create IPUIPlugin
2024-09-07 14:18:39,778 [INFO] PluginManager:220 - loadIPPluginJar : add dma3
2024-09-07 14:18:39,830 [INFO] IPUIPlugin:80 - create IPUIPlugin
2024-09-07 14:18:39,831 [INFO] PluginManager:220 - loadIPPluginJar : add extmemmanager
2024-09-07 14:18:39,842 [INFO] IPUIPlugin:80 - create IPUIPlugin
2024-09-07 14:18:39,842 [INFO] PluginManager:220 - loadIPPluginJar : add fatfs
2024-09-07 14:18:39,871 [INFO] IPUIPlugin:80 - create IPUIPlugin
2024-09-07 14:18:39,872 [INFO] PluginManager:220 - loadIPPluginJar : add fmc
2024-09-07 14:18:39,925 [INFO] IPUIPlugin:80 - create IPUIPlugin
2024-09-07 14:18:39,925 [INFO] PluginManager:220 - loadIPPluginJar : add freertos
2024-09-07 14:18:39,941 [INFO] IPUIPlugin:80 - create IPUIPlugin
2024-09-07 14:18:39,941 [INFO] PluginManager:220 - loadIPPluginJar : add genericplugin
2024-09-07 14:18:39,990 [INFO] IPUIPlugin:80 - create IPUIPlugin
2024-09-07 14:18:39,990 [INFO] PluginManager:220 - loadIPPluginJar : add gfxmmu
2024-09-07 14:18:40,073 [INFO] IPUIPlugin:80 - create IPUIPlugin
2024-09-07 14:18:40,073 [INFO] PluginManager:220 - loadIPPluginJar : add gic
2024-09-07 14:18:40,118 [INFO] IPUIPlugin:80 - create IPUIPlugin
2024-09-07 14:18:40,118 [INFO] PluginManager:220 - loadIPPluginJar : add gpio
2024-09-07 14:18:40,169 [INFO] IPUIPlugin:80 - create IPUIPlugin
2024-09-07 14:18:40,169 [INFO] PluginManager:220 - loadIPPluginJar : add gtzc
2024-09-07 14:18:40,188 [INFO] IPUIPlugin:80 - create IPUIPlugin
2024-09-07 14:18:40,188 [INFO] PluginManager:220 - loadIPPluginJar : add hash
2024-09-07 14:18:40,213 [INFO] IPUIPlugin:80 - create IPUIPlugin
2024-09-07 14:18:40,213 [INFO] PluginManager:220 - loadIPPluginJar : add i2c
2024-09-07 14:18:40,244 [INFO] IPUIPlugin:80 - create IPUIPlugin
2024-09-07 14:18:40,245 [INFO] PluginManager:220 - loadIPPluginJar : add i2s
2024-09-07 14:18:40,265 [INFO] IPUIPlugin:80 - create IPUIPlugin
2024-09-07 14:18:40,265 [INFO] PluginManager:220 - loadIPPluginJar : add i3c
2024-09-07 14:18:40,324 [INFO] IPUIPlugin:80 - create IPUIPlugin
2024-09-07 14:18:40,324 [INFO] PluginManager:220 - loadIPPluginJar : add ipddr
2024-09-07 14:18:40,398 [INFO] IPUIPlugin:80 - create IPUIPlugin
2024-09-07 14:18:40,398 [INFO] PluginManager:220 - loadIPPluginJar : add linkedlist
2024-09-07 14:18:40,424 [INFO] IPUIPlugin:80 - create IPUIPlugin
2024-09-07 14:18:40,424 [INFO] PluginManager:220 - loadIPPluginJar : add lorawan
2024-09-07 14:18:40,451 [INFO] IPUIPlugin:80 - create IPUIPlugin
2024-09-07 14:18:40,451 [INFO] PluginManager:220 - loadIPPluginJar : add ltdc
2024-09-07 14:18:40,471 [INFO] IPUIPlugin:80 - create IPUIPlugin
2024-09-07 14:18:40,471 [INFO] PluginManager:220 - loadIPPluginJar : add mdma
2024-09-07 14:18:40,521 [INFO] IPUIPlugin:80 - create IPUIPlugin
2024-09-07 14:18:40,521 [INFO] PluginManager:220 - loadIPPluginJar : add nvic
2024-09-07 14:18:40,560 [INFO] IPUIPlugin:80 - create IPUIPlugin
2024-09-07 14:18:40,560 [INFO] PluginManager:220 - loadIPPluginJar : add opamp
2024-09-07 14:18:40,596 [INFO] IPUIPlugin:80 - create IPUIPlugin
2024-09-07 14:18:40,596 [INFO] PluginManager:220 - loadIPPluginJar : add openamp
2024-09-07 14:18:40,617 [INFO] IPUIPlugin:80 - create IPUIPlugin
2024-09-07 14:18:40,617 [INFO] PluginManager:220 - loadIPPluginJar : add pdm2pcm
2024-09-07 14:18:40,653 [INFO] IPUIPlugin:80 - create IPUIPlugin
2024-09-07 14:18:40,654 [INFO] PluginManager:220 - loadIPPluginJar : add plateformsettings
2024-09-07 14:18:40,674 [INFO] IPUIPlugin:80 - create IPUIPlugin
2024-09-07 14:18:40,674 [INFO] PluginManager:220 - loadIPPluginJar : add quadspi
2024-09-07 14:18:40,687 [INFO] IPUIPlugin:80 - create IPUIPlugin
2024-09-07 14:18:40,687 [INFO] PluginManager:220 - loadIPPluginJar : add radio
2024-09-07 14:18:40,719 [INFO] IPUIPlugin:80 - create IPUIPlugin
2024-09-07 14:18:40,720 [INFO] PluginManager:220 - loadIPPluginJar : add resmgrutility
2024-09-07 14:18:40,749 [INFO] IPUIPlugin:80 - create IPUIPlugin
2024-09-07 14:18:40,749 [INFO] PluginManager:220 - loadIPPluginJar : add sai
2024-09-07 14:18:40,767 [INFO] IPUIPlugin:80 - create IPUIPlugin
2024-09-07 14:18:40,767 [INFO] PluginManager:220 - loadIPPluginJar : add spi
2024-09-07 14:18:40,810 [INFO] IPUIPlugin:80 - create IPUIPlugin
2024-09-07 14:18:40,810 [INFO] PluginManager:220 - loadIPPluginJar : add stm32_wpan
2024-09-07 14:18:40,836 [INFO] IPUIPlugin:80 - create IPUIPlugin
2024-09-07 14:18:40,836 [INFO] PluginManager:220 - loadIPPluginJar : add tim
2024-09-07 14:18:40,873 [INFO] IPUIPlugin:80 - create IPUIPlugin
2024-09-07 14:18:40,874 [INFO] PluginManager:220 - loadIPPluginJar : add touchsensing
2024-09-07 14:18:40,903 [INFO] IPUIPlugin:80 - create IPUIPlugin
2024-09-07 14:18:40,904 [INFO] PluginManager:220 - loadIPPluginJar : add tracer_emb
2024-09-07 14:18:40,919 [INFO] IPUIPlugin:80 - create IPUIPlugin
2024-09-07 14:18:40,919 [INFO] PluginManager:220 - loadIPPluginJar : add ts
2024-09-07 14:18:40,936 [INFO] IPUIPlugin:80 - create IPUIPlugin
2024-09-07 14:18:40,936 [INFO] PluginManager:220 - loadIPPluginJar : add tsc
2024-09-07 14:18:40,961 [INFO] IPUIPlugin:80 - create IPUIPlugin
2024-09-07 14:18:40,961 [INFO] PluginManager:220 - loadIPPluginJar : add ucpd
2024-09-07 14:18:40,988 [INFO] IPUIPlugin:80 - create IPUIPlugin
2024-09-07 14:18:40,988 [INFO] PluginManager:220 - loadIPPluginJar : add usart
2024-09-07 14:18:41,022 [INFO] IPUIPlugin:80 - create IPUIPlugin
2024-09-07 14:18:41,022 [INFO] PluginManager:220 - loadIPPluginJar : add usbx
2024-09-07 14:18:41,134 [INFO] CADModel:165 - CPN selected for project level
2024-09-07 14:18:41,135 [INFO] CADModel:114 - Register for checkConnection events
2024-09-07 14:18:41,135 [FATAL] Updater:334 - Updater called before beeing initialized
2024-09-07 14:18:41,135 [ERROR] CADModel:125 - Updater not yet initialized, retry later 
2024-09-07 14:18:41,237 [INFO] CADModel:165 - CPN selected for project level
2024-09-07 14:18:41,237 [INFO] CADModel:114 - Register for checkConnection events
2024-09-07 14:18:41,237 [FATAL] Updater:334 - Updater called before beeing initialized
2024-09-07 14:18:41,237 [ERROR] CADModel:125 - Updater not yet initialized, retry later 
2024-09-07 14:18:41,239 [FATAL] Updater:334 - Updater called before beeing initialized
2024-09-07 14:18:41,310 [FATAL] Updater:334 - Updater called before beeing initialized
2024-09-07 14:18:41,317 [INFO] DbMcusAds:53 - JSON generation date=Thu May 16 02:22:00 PDT 2024 (1715851320667)
2024-09-07 14:18:41,317 [FATAL] Updater:334 - Updater called before beeing initialized
2024-09-07 14:18:41,467 [WARN] DetailPanel:346 - Failed to get advertising image, set to default
2024-09-07 14:18:41,517 [FATAL] Updater:334 - Updater called before beeing initialized
2024-09-07 14:18:41,519 [FATAL] Updater:334 - Updater called before beeing initialized
2024-09-07 14:18:41,519 [FATAL] Updater:334 - Updater called before beeing initialized
2024-09-07 14:18:41,519 [WARN] DetailPanel:346 - Failed to get advertising image, set to default
2024-09-07 14:18:41,520 [FATAL] Updater:334 - Updater called before beeing initialized
2024-09-07 14:18:41,585 [ERROR] Updater:1164 - MainUpdater not yet initialized. External WinMGr cannot be set.
2024-09-07 14:18:41,591 [INFO] Updater:1100 - Updater Version found : 6.12.0
2024-09-07 14:18:41,601 [INFO] ApplicationProperties:184 - Using Application install path: D:\software\st\STM32CubeIDE_1.15.0\STM32CubeIDE\plugins\com.st.stm32cube.common.mx_6.12.0.202406281431
2024-09-07 14:18:42,009 [INFO] ThirdPartyUpdaterWithRetryManager:70 - Updater plugin not ready yet. [2/15]
2024-09-07 14:18:43,180 [ERROR] LogOutputStream:75 - [STDERR_REDIRECT] Sep 07, 2024 2:18:43 PM java.util.prefs.WindowsPreferences <init>
2024-09-07 14:18:43,181 [ERROR] LogOutputStream:75 - [STDERR_REDIRECT] WARNING: Could not open/create prefs root node Software\JavaSoft\Prefs at root 0xffffffff80000002. Windows RegCreateKeyEx(...) returned error code 5.
2024-09-07 14:18:43,181 [ERROR] LogOutputStream:75 - [STDERR_REDIRECT] 
2024-09-07 14:18:43,848 [INFO] MainUpdater:2873 - connection check result : 10
2024-09-07 14:18:43,848 [INFO] MainUpdater:290 - Updater Check For Update Now.
2024-09-07 14:18:43,849 [INFO] MicroXplorer:498 - Change Database Version : DB.6.0.120
2024-09-07 14:18:43,864 [INFO] McuFinderGlobals:63 - Set McuFinder mode to 2 (CubeIDE integrated)
2024-09-07 14:18:43,868 [INFO] UserAuth:417 - Internet connection configuration mode: 1
2024-09-07 14:18:43,916 [INFO] JxBrowserEngine:152 - Initiate JxBrowser Engine with user profile folder
2024-09-07 14:18:44,033 [INFO] CheckServerUpdateThread:120 - End of CheckServer Thread
2024-09-07 14:18:45,202 [WARN] PackLoader:240 - Cannot read IP mode file for STMicroelectronics.FP-SNS-MOTENVWB1.1.4.0
2024-09-07 14:18:45,214 [WARN] PackLoader:240 - Cannot read IP mode file for STMicroelectronics.X-CUBE-SMBUS.2.1.0
2024-09-07 14:18:45,221 [WARN] PackLoader:240 - Cannot read IP mode file for STMicroelectronics.X-CUBE-TOUCHGFX.4.23.1
2024-09-07 14:18:45,241 [WARN] PackLoader:240 - Cannot read IP mode file for STMicroelectronics.X-CUBE-AZRTOS-F7.1.1.0
2024-09-07 14:18:45,278 [WARN] PackLoader:240 - Cannot read IP mode file for STMicroelectronics.X-CUBE-MEMS1.11.0.0
2024-09-07 14:18:45,410 [WARN] PackLoader:240 - Cannot read IP mode file for STMicroelectronics.FP-SNS-FLIGHT1.5.0.2
2024-09-07 14:18:45,425 [WARN] PackLoader:240 - Cannot read IP mode file for STMicroelectronics.X-CUBE-DISPLAY.3.0.0
2024-09-07 14:18:45,438 [WARN] PackLoader:240 - Cannot read IP mode file for STMicroelectronics.X-CUBE-BLE1.7.0.0
2024-09-07 14:18:45,449 [WARN] PackLoader:240 - Cannot read IP mode file for emotas.I-CUBE-CANOPEN.1.3.0
2024-09-07 14:18:45,460 [WARN] PackLoader:240 - Cannot read IP mode file for STMicroelectronics.X-CUBE-BLEMGR.3.1.0
2024-09-07 14:18:45,470 [WARN] PackLoader:240 - Cannot read IP mode file for STMicroelectronics.FP-SNS-SMARTAG2.1.2.0
2024-09-07 14:18:45,491 [INFO] LogOutputStream:77 - [STDOUT_REDIRECT] 1 : Invalid condition id : UX_CORESTACK_Condition cause : null
2024-09-07 14:18:45,491 [INFO] LogOutputStream:77 - [STDOUT_REDIRECT] 1 : Invalid condition id : UX_CORESTACK_Condition cause : null
2024-09-07 14:18:45,492 [INFO] LogOutputStream:77 - [STDOUT_REDIRECT] 1 : Invalid condition id : UX_CORESTACK_Condition cause : null
2024-09-07 14:18:45,493 [INFO] LogOutputStream:77 - [STDOUT_REDIRECT] 1 : Invalid condition id : UX_CORESTACK_Condition cause : null
2024-09-07 14:18:45,493 [INFO] LogOutputStream:77 - [STDOUT_REDIRECT] 1 : Invalid condition id : UX_CORESTACK_Condition cause : null
2024-09-07 14:18:45,495 [WARN] PackLoader:240 - Cannot read IP mode file for STMicroelectronics.X-CUBE-AZRTOS-WL.2.0.0
2024-09-07 14:18:45,597 [WARN] PackLoader:240 - Cannot read IP mode file for STMicroelectronics.FP-SNS-MOTENV1.5.0.0
2024-09-07 14:18:45,604 [WARN] PackLoader:240 - Cannot read IP mode file for wolfSSL.I-CUBE-wolfMQTT.1.19.0
2024-09-07 14:18:45,613 [WARN] PackLoader:240 - Cannot read IP mode file for WES.I-CUBE-Cesium.1.3.0
2024-09-07 14:18:45,621 [WARN] PackLoader:240 - Cannot read IP mode file for STMicroelectronics.X-CUBE-BLE2.3.3.0
2024-09-07 14:18:45,628 [WARN] PackLoader:240 - Cannot read IP mode file for STMicroelectronics.X-CUBE-TCPP.4.1.0
2024-09-07 14:18:45,637 [WARN] PackLoader:240 - Cannot read IP mode file for STMicroelectronics.X-CUBE-ALGOBUILD.1.3.0
2024-09-07 14:18:45,651 [WARN] PackLoader:240 - Cannot read IP mode file for STMicroelectronics.X-CUBE-AZRTOS-G0.1.1.0
2024-09-07 14:18:45,683 [WARN] PackLoader:240 - Cannot read IP mode file for STMicroelectronics.X-CUBE-SAFEA1.1.2.2
2024-09-07 14:18:45,693 [WARN] PackLoader:240 - Cannot read IP mode file for STMicroelectronics.X-CUBE-NFC4.3.0.0
2024-09-07 14:18:45,707 [WARN] PackLoader:240 - Cannot read IP mode file for EmbeddedOffice.I-CUBE-FS-RTOS.1.0.1
2024-09-07 14:18:45,707 [ERROR] ConditionMgr:805 - Attr not supported : Dmpu
2024-09-07 14:18:45,707 [ERROR] ConditionMgr:805 - Attr not supported : Dmpu
2024-09-07 14:18:45,707 [ERROR] ConditionMgr:805 - Attr not supported : Dmpu
2024-09-07 14:18:45,707 [ERROR] ConditionMgr:805 - Attr not supported : Dmpu
2024-09-07 14:18:45,707 [ERROR] ConditionMgr:805 - Attr not supported : Dmpu
2024-09-07 14:18:45,707 [ERROR] ConditionMgr:805 - Attr not supported : Dmpu
2024-09-07 14:18:45,707 [ERROR] ConditionMgr:805 - Attr not supported : Dmpu
2024-09-07 14:18:45,707 [ERROR] ConditionMgr:805 - Attr not supported : Dmpu
2024-09-07 14:18:45,707 [ERROR] ConditionMgr:805 - Attr not supported : Dmpu
2024-09-07 14:18:45,708 [ERROR] ConditionMgr:805 - Attr not supported : Dmpu
2024-09-07 14:18:45,708 [ERROR] ConditionMgr:805 - Attr not supported : Dmpu
2024-09-07 14:18:45,708 [ERROR] ConditionMgr:805 - Attr not supported : Dmpu
2024-09-07 14:18:45,708 [ERROR] ConditionMgr:805 - Attr not supported : Dmpu
2024-09-07 14:18:45,708 [ERROR] ConditionMgr:805 - Attr not supported : Dmpu
2024-09-07 14:18:45,708 [ERROR] ConditionMgr:805 - Attr not supported : Dmpu
2024-09-07 14:18:45,708 [ERROR] ConditionMgr:805 - Attr not supported : Dmpu
2024-09-07 14:18:45,708 [ERROR] ConditionMgr:805 - Attr not supported : Dmpu
2024-09-07 14:18:45,708 [ERROR] ConditionMgr:805 - Attr not supported : Dmpu
2024-09-07 14:18:45,708 [ERROR] ConditionMgr:805 - Attr not supported : Dmpu
2024-09-07 14:18:45,708 [ERROR] ConditionMgr:805 - Attr not supported : Dmpu
2024-09-07 14:18:45,708 [ERROR] ConditionMgr:805 - Attr not supported : Dmpu
2024-09-07 14:18:45,708 [ERROR] ConditionMgr:805 - Attr not supported : Dmpu
2024-09-07 14:18:45,708 [ERROR] ConditionMgr:805 - Attr not supported : Dmpu
2024-09-07 14:18:45,708 [ERROR] ConditionMgr:805 - Attr not supported : Dmpu
2024-09-07 14:18:45,708 [ERROR] ConditionMgr:805 - Attr not supported : Dmpu
2024-09-07 14:18:45,708 [ERROR] ConditionMgr:805 - Attr not supported : Dmpu
2024-09-07 14:18:45,708 [ERROR] ConditionMgr:805 - Attr not supported : Dmpu
2024-09-07 14:18:45,708 [ERROR] ConditionMgr:805 - Attr not supported : Dmpu
2024-09-07 14:18:45,708 [ERROR] ConditionMgr:805 - Attr not supported : Dmpu
2024-09-07 14:18:45,708 [ERROR] ConditionMgr:805 - Attr not supported : Dmpu
2024-09-07 14:18:45,708 [ERROR] ConditionMgr:805 - Attr not supported : Dmpu
2024-09-07 14:18:45,708 [ERROR] ConditionMgr:805 - Attr not supported : Dmpu
2024-09-07 14:18:45,708 [ERROR] ConditionMgr:805 - Attr not supported : Dmpu
2024-09-07 14:18:45,709 [ERROR] ConditionMgr:805 - Attr not supported : Dmpu
2024-09-07 14:18:45,709 [ERROR] ConditionMgr:805 - Attr not supported : Dmpu
2024-09-07 14:18:45,709 [ERROR] ConditionMgr:805 - Attr not supported : Dmpu
2024-09-07 14:18:45,709 [ERROR] ConditionMgr:805 - Attr not supported : Dmpu
2024-09-07 14:18:45,709 [ERROR] ConditionMgr:805 - Attr not supported : Dmpu
2024-09-07 14:18:45,709 [ERROR] ConditionMgr:805 - Attr not supported : Dmpu
2024-09-07 14:18:45,709 [ERROR] ConditionMgr:805 - Attr not supported : Dmpu
2024-09-07 14:18:45,709 [ERROR] ConditionMgr:805 - Attr not supported : Dmpu
2024-09-07 14:18:45,709 [ERROR] ConditionMgr:805 - Attr not supported : Dmpu
2024-09-07 14:18:45,709 [ERROR] ConditionMgr:805 - Attr not supported : Dmpu
2024-09-07 14:18:45,709 [ERROR] ConditionMgr:805 - Attr not supported : Dmpu
2024-09-07 14:18:45,709 [ERROR] ConditionMgr:805 - Attr not supported : Dmpu
2024-09-07 14:18:45,709 [ERROR] ConditionMgr:805 - Attr not supported : Dmpu
2024-09-07 14:18:45,709 [ERROR] ConditionMgr:805 - Attr not supported : Dmpu
2024-09-07 14:18:45,709 [ERROR] ConditionMgr:805 - Attr not supported : Dmpu
2024-09-07 14:18:45,709 [ERROR] ConditionMgr:805 - Attr not supported : Dmpu
2024-09-07 14:18:45,709 [ERROR] ConditionMgr:805 - Attr not supported : Dmpu
2024-09-07 14:18:45,709 [ERROR] ConditionMgr:805 - Attr not supported : Dmpu
2024-09-07 14:18:45,709 [ERROR] ConditionMgr:805 - Attr not supported : Dmpu
2024-09-07 14:18:45,709 [ERROR] ConditionMgr:805 - Attr not supported : Dmpu
2024-09-07 14:18:45,709 [ERROR] ConditionMgr:805 - Attr not supported : Dmpu
2024-09-07 14:18:45,709 [ERROR] ConditionMgr:805 - Attr not supported : Dmpu
2024-09-07 14:18:45,709 [ERROR] ConditionMgr:805 - Attr not supported : Dmpu
2024-09-07 14:18:45,709 [ERROR] ConditionMgr:805 - Attr not supported : Dmpu
2024-09-07 14:18:45,709 [ERROR] ConditionMgr:805 - Attr not supported : Dmpu
2024-09-07 14:18:45,709 [ERROR] ConditionMgr:805 - Attr not supported : Dmpu
2024-09-07 14:18:45,709 [ERROR] ConditionMgr:805 - Attr not supported : Dmpu
2024-09-07 14:18:45,709 [ERROR] ConditionMgr:805 - Attr not supported : Dmpu
2024-09-07 14:18:45,709 [ERROR] ConditionMgr:805 - Attr not supported : Dmpu
2024-09-07 14:18:45,709 [ERROR] ConditionMgr:805 - Attr not supported : Dmpu
2024-09-07 14:18:45,709 [ERROR] ConditionMgr:805 - Attr not supported : Dmpu
2024-09-07 14:18:45,720 [WARN] PackLoader:240 - Cannot read IP mode file for RealThread.X-CUBE-RT-Thread_Nano.4.1.1
2024-09-07 14:18:45,730 [WARN] PackLoader:240 - Cannot read IP mode file for wolfSSL.I-CUBE-wolfSSL.5.7.0
2024-09-07 14:18:45,740 [WARN] PackLoader:240 - Cannot read IP mode file for STMicroelectronics.FP-ATR-SIGFOX1.3.2.0
2024-09-07 14:18:45,752 [WARN] PackLoader:240 - Cannot read IP mode file for STMicroelectronics.X-CUBE-EEPRMA1.5.1.0
2024-09-07 14:18:45,769 [WARN] PackLoader:240 - Cannot read IP mode file for ITTIA_DB.I-CUBE-ITTIADB.8.9.0
2024-09-07 14:18:45,795 [WARN] PackLoader:240 - Cannot read IP mode file for SEGGER.I-CUBE-embOS.1.3.1
2024-09-07 14:18:45,825 [WARN] PackLoader:240 - Cannot read IP mode file for STMicroelectronics.X-CUBE-ALGOBUILD.1.4.0
2024-09-07 14:18:45,836 [WARN] PackLoader:240 - Cannot read IP mode file for STMicroelectronics.X-CUBE-GNSS1.6.0.0
2024-09-07 14:18:45,848 [INFO] WebApp:167 - Instantiating new browser for Auth
2024-09-07 14:18:45,857 [WARN] PackLoader:240 - Cannot read IP mode file for STMicroelectronics.X-CUBE-AZRTOS-F4.1.1.0
2024-09-07 14:18:45,872 [WARN] PackLoader:240 - Cannot read IP mode file for STMicroelectronics.X-CUBE-FREERTOS.1.2.0
2024-09-07 14:18:45,895 [WARN] PackLoader:240 - Cannot read IP mode file for STMicroelectronics.X-CUBE-AZRTOS-L5.2.0.0
2024-09-07 14:18:45,908 [WARN] PackLoader:240 - Cannot read IP mode file for STMicroelectronics.X-CUBE-NFC6.3.1.0
2024-09-07 14:18:45,916 [WARN] PackLoader:240 - Cannot read IP mode file for STMicroelectronics.X-CUBE-DPower.1.2.0
2024-09-07 14:18:45,924 [WARN] PackLoader:240 - Cannot read IP mode file for STMicroelectronics.X-CUBE-AI.9.0.0
2024-09-07 14:18:45,933 [WARN] PackLoader:240 - Cannot read IP mode file for STMicroelectronics.X-CUBE-NFC7.1.0.1
2024-09-07 14:18:45,940 [WARN] PackLoader:240 - Cannot read IP mode file for STMicroelectronics.X-CUBE-AI.8.1.0
2024-09-07 14:18:45,965 [WARN] ConditionMgr:438 - getConditionDescription Invalid condition id : LAN8742 Phy interface Condition cause : null
2024-09-07 14:18:45,965 [WARN] PackLoader:240 - Cannot read IP mode file for STMicroelectronics.X-CUBE-AZRTOS-L4.2.0.0
2024-09-07 14:18:45,966 [WARN] ConditionMgr:1039 - genDependencies : Invalid condition id : LAN8742 Phy interface Condition cause : null
2024-09-07 14:18:45,967 [WARN] ConditionMgr:1039 - genDependencies : Invalid condition id : LAN8742 Phy interface Condition cause : null
2024-09-07 14:18:45,967 [WARN] ConditionMgr:1039 - genDependencies : Invalid condition id : LAN8742 Phy interface Condition cause : null
2024-09-07 14:18:45,985 [WARN] PackLoader:240 - Cannot read IP mode file for STMicroelectronics.X-CUBE-SFXS2LP1.4.0.0
2024-09-07 14:18:46,008 [WARN] PackLoader:240 - Cannot read IP mode file for STMicroelectronics.X-CUBE-AZRTOS-H7.3.3.0
2024-09-07 14:18:46,038 [WARN] ConditionMgr:438 - getConditionDescription Invalid condition id : UX DEVICE CLASS RTOS Condition cause : null
2024-09-07 14:18:46,038 [WARN] ConditionMgr:438 - getConditionDescription Invalid condition id : UX DEVICE CLASS RTOS Condition cause : null
2024-09-07 14:18:46,039 [WARN] PackLoader:240 - Cannot read IP mode file for STMicroelectronics.X-CUBE-AZRTOS-WB.2.0.0
2024-09-07 14:18:46,039 [WARN] ConditionMgr:1039 - genDependencies : Invalid condition id : UX DEVICE CLASS RTOS Condition cause : null
2024-09-07 14:18:46,040 [WARN] ConditionMgr:1039 - genDependencies : Invalid condition id : UX DEVICE CLASS RTOS Condition cause : null
2024-09-07 14:18:46,040 [WARN] ConditionMgr:1039 - genDependencies : Invalid condition id : UX DEVICE CLASS RTOS Condition cause : null
2024-09-07 14:18:46,040 [WARN] ConditionMgr:1039 - genDependencies : Invalid condition id : UX DEVICE CLASS RTOS Condition cause : null
2024-09-07 14:18:46,040 [WARN] ConditionMgr:1039 - genDependencies : Invalid condition id : UX DEVICE CLASS RTOS Condition cause : null
2024-09-07 14:18:46,049 [WARN] PackLoader:240 - Cannot read IP mode file for STMicroelectronics.FP-SNS-STBOX1.2.0.0
2024-09-07 14:18:46,064 [WARN] PackLoader:240 - Cannot read IP mode file for STMicroelectronics.X-CUBE-SUBG2.5.0.0
2024-09-07 14:18:46,073 [WARN] PackLoader:240 - Cannot read IP mode file for Cesanta.I-CUBE-Mongoose.7.13.0
2024-09-07 14:18:46,095 [WARN] PackLoader:240 - Cannot read IP mode file for STMicroelectronics.X-CUBE-AZRTOS-G4.2.0.0
2024-09-07 14:18:46,102 [WARN] PackLoader:240 - Cannot read IP mode file for STMicroelectronics.FP-SNS-MOTENVWB1.1.3.1
2024-09-07 14:18:46,110 [WARN] PackLoader:240 - Cannot read IP mode file for STMicroelectronics.X-CUBE-ISPU.2.0.0
2024-09-07 14:18:46,118 [WARN] PackLoader:240 - Cannot read IP mode file for STMicroelectronics.X-CUBE-ALS.1.0.2
2024-09-07 14:18:46,145 [WARN] PackLoader:240 - Cannot read IP mode file for STMicroelectronics.X-CUBE-MEMS1.10.0.0
2024-09-07 14:18:46,188 [WARN] PackLoader:240 - Cannot read IP mode file for STMicroelectronics.X-CUBE-FREERTOS.1.1.0
2024-09-07 14:18:46,196 [WARN] PackLoader:240 - Cannot read IP mode file for STMicroelectronics.X-CUBE-TOUCHGFX.4.24.0
2024-09-07 14:18:46,203 [WARN] PackLoader:240 - Cannot read IP mode file for wolfSSL.I-CUBE-wolfTPM.3.4.0
2024-09-07 14:18:46,210 [WARN] PackLoader:240 - Cannot read IP mode file for portGmbH.I-Cube-SoM-uGOAL.1.1.0
2024-09-07 14:18:46,217 [WARN] PackLoader:240 - Cannot read IP mode file for STMicroelectronics.X-CUBE-ALS.1.0.1
2024-09-07 14:18:46,232 [WARN] PackLoader:240 - Cannot read IP mode file for STMicroelectronics.X-CUBE-AZRTOS-H7RS.1.0.0
2024-09-07 14:18:46,240 [WARN] PackLoader:240 - Cannot read IP mode file for STMicroelectronics.FP-ATR-ASTRA1.2.0.0
2024-09-07 14:18:46,250 [WARN] PackLoader:240 - Cannot read IP mode file for STMicroelectronics.X-CUBE-TOF1.3.4.2
2024-09-07 14:18:46,263 [WARN] PackLoader:240 - Cannot read IP mode file for STMicroelectronics.X-CUBE-TOF1.3.4.1
2024-09-07 14:18:46,279 [WARN] PackLoader:240 - Cannot read IP mode file for STMicroelectronics.X-CUBE-AZRTOS-H7.3.2.0
2024-09-07 14:18:46,293 [WARN] PackLoader:240 - Cannot read IP mode file for Infineon.AIROC-Wi-Fi-Bluetooth-STM32.1.6.0
2024-09-07 14:18:46,305 [WARN] PackLoader:240 - Cannot read IP mode file for wolfSSL.I-CUBE-wolfSSH.1.4.17
2024-09-07 14:18:46,306 [INFO] ThirdParty:978 - Integrity check success = true
2024-09-07 14:18:46,306 [INFO] IntegrityCheckThread:100 - exiting critical section [integrity check]
2024-09-07 14:18:46,306 [INFO] IntegrityCheckThread:103 - End integrity checks thread
2024-09-07 14:18:46,597 [INFO] WebApp:448 - Apply proxy settings
2024-09-07 14:18:46,597 [INFO] WebApp:533 - Chromium requires no authentication
2024-09-07 14:18:46,603 [INFO] WebApp:476 - Direct internet connection detected
2024-09-07 14:18:46,615 [INFO] WebApp:869 - Register for checkConnection events
2024-09-07 14:18:46,615 [INFO] WebApp:448 - Apply proxy settings
2024-09-07 14:18:46,615 [INFO] WebApp:533 - Chromium requires no authentication
2024-09-07 14:18:46,616 [INFO] WebApp:476 - Direct internet connection detected
2024-09-07 14:18:46,707 [INFO] WebApp:220 - Starting web application
2024-09-07 14:18:46,707 [INFO] WebApp:578 - Web application path used D:\software\st\STM32CubeIDE_1.15.0\STM32CubeIDE\plugins\com.st.stm32cube.common.mx_6.12.0.202406281431\db\plugins\mcufinder\reactClient1\index.html
2024-09-07 14:18:46,791 [INFO] UserAuth:417 - Internet connection configuration mode: 1
2024-09-07 14:18:46,890 [INFO] WebApp:186 - Connection restablished
2024-09-07 22:06:47,524 [ERROR] LogOutputStream:75 - [STDERR_REDIRECT] 
2024-09-07 22:06:47,525 [ERROR] LogOutputStream:75 - [STDERR_REDIRECT] 
