../USB_DEVICE/Target/usbd_conf.c:69:6:HAL_PCD_MspInit	48	static
../USB_DEVICE/Target/usbd_conf.c:102:6:HAL_PCD_MspDeInit	8	static
../USB_DEVICE/Target/usbd_conf.c:135:6:HAL_PCD_SetupStageCallback	0	static
../USB_DEVICE/Target/usbd_conf.c:150:6:HAL_PCD_DataOutStageCallback	0	static
../USB_DEVICE/Target/usbd_conf.c:165:6:HAL_PCD_DataInStageCallback	0	static
../USB_DEVICE/Target/usbd_conf.c:179:6:HAL_PCD_SOFCallback	0	static
../USB_DEVICE/Target/usbd_conf.c:193:6:HAL_PCD_ResetCallback	8	static
../USB_DEVICE/Target/usbd_conf.c:226:6:HAL_PCD_SuspendCallback	8	static
../USB_DEVICE/Target/usbd_conf.c:251:6:HAL_PCD_ResumeCallback	0	static
../USB_DEVICE/Target/usbd_conf.c:269:6:HAL_PCD_ISOOUTIncompleteCallback	0	static
../USB_DEVICE/Target/usbd_conf.c:284:6:HAL_PCD_ISOINIncompleteCallback	0	static
../USB_DEVICE/Target/usbd_conf.c:298:6:HAL_PCD_ConnectCallback	0	static
../USB_DEVICE/Target/usbd_conf.c:312:6:HAL_PCD_DisconnectCallback	0	static
../USB_DEVICE/Target/usbd_conf.c:327:20:USBD_LL_Init	8	static
../USB_DEVICE/Target/usbd_conf.c:522:9:USBD_LL_IsStallEP	0	static
../USB_DEVICE/Target/usbd_conf.c:600:10:USBD_LL_GetRxDataSize	0	static
../USB_DEVICE/Target/usbd_conf.c:626:7:USBD_static_malloc	0	static
../USB_DEVICE/Target/usbd_conf.c:637:6:USBD_static_free	0	static
../USB_DEVICE/Target/usbd_conf.c:647:6:USBD_LL_Delay	0	static
../USB_DEVICE/Target/usbd_conf.c:657:20:USBD_Get_USB_Status	0	static
../USB_DEVICE/Target/usbd_conf.c:378:20:USBD_LL_DeInit	8	static
../USB_DEVICE/Target/usbd_conf.c:395:20:USBD_LL_Start	8	static
../USB_DEVICE/Target/usbd_conf.c:412:20:USBD_LL_Stop	8	static
../USB_DEVICE/Target/usbd_conf.c:432:20:USBD_LL_OpenEP	8	static
../USB_DEVICE/Target/usbd_conf.c:450:20:USBD_LL_CloseEP	8	static
../USB_DEVICE/Target/usbd_conf.c:468:20:USBD_LL_FlushEP	8	static
../USB_DEVICE/Target/usbd_conf.c:486:20:USBD_LL_StallEP	8	static
../USB_DEVICE/Target/usbd_conf.c:504:20:USBD_LL_ClearStallEP	8	static
../USB_DEVICE/Target/usbd_conf.c:542:20:USBD_LL_SetUSBAddress	8	static
../USB_DEVICE/Target/usbd_conf.c:562:20:USBD_LL_Transmit	8	static
../USB_DEVICE/Target/usbd_conf.c:582:20:USBD_LL_PrepareReceive	8	static
